Component: ARM Compiler 5.05 update 1 (build 106) Tool: armlink [4d0efa]

==============================================================================

Section Cross References

    main.o(i.main) refers to misc.o(i.NVIC_PriorityGroupConfig) for NVIC_PriorityGroupConfig
    main.o(i.main) refers to delay.o(i.delay_init) for delay_init
    main.o(i.main) refers to bsp_init.o(i.Bsp_init) for Bsp_init
    main.o(i.main) refers to os_appobjcreate.o(i.OS_AppObjCreate) for OS_AppObjCreate
    main.o(i.main) refers to tasks.o(i.xTaskCreate) for xTaskCreate
    main.o(i.main) refers to tasks.o(i.vTaskStartScheduler) for vTaskStartScheduler
    main.o(i.main) refers to main.o(.data) for .data
    main.o(i.main) refers to main.o(i.start_task) for start_task
    main.o(i.start_task) refers to data_init.o(i.init_set) for init_set
    main.o(i.start_task) refers to port.o(i.vPortEnterCritical) for vPortEnterCritical
    main.o(i.start_task) refers to tasks.o(i.xTaskCreate) for xTaskCreate
    main.o(i.start_task) refers to tasks.o(i.vTaskDelete) for vTaskDelete
    main.o(i.start_task) refers to port.o(i.vPortExitCritical) for vPortExitCritical
    main.o(i.start_task) refers to main.o(.data) for .data
    main.o(i.start_task) refers to task_motor1_dir.o(i.motor1_dir_task) for motor1_dir_task
    main.o(i.start_task) refers to task_motor1_pwm.o(i.motor1_pwm_task) for motor1_pwm_task
    main.o(i.start_task) refers to task_motor2_dir.o(i.motor2_dir_task) for motor2_dir_task
    main.o(i.start_task) refers to task_motor2_pwm.o(i.motor2_pwm_task) for motor2_pwm_task
    main.o(i.start_task) refers to task_motor1_pid.o(i.motor1_PID_task) for motor1_PID_task
    main.o(i.start_task) refers to task_motor2_pid.o(i.motor2_PID_task) for motor2_PID_task
    main.o(i.start_task) refers to task_wifi_send.o(i.Wifi_send_task) for Wifi_send_task
    main.o(i.start_task) refers to task_wifi.o(i.WIFI_task) for WIFI_task
    main.o(i.start_task) refers to task_mpu6050.o(i.MPU6050_task) for MPU6050_task
    main.o(i.start_task) refers to task_idletask.o(i.Idle_task) for Idle_task
    system_stm32f10x.o(i.SystemCoreClockUpdate) refers to system_stm32f10x.o(.data) for .data
    system_stm32f10x.o(i.SystemInit) refers to system_stm32f10x.o(i.SetSysClockTo72) for SetSysClockTo72
    os_appobjcreate.o(i.OS_AppObjCreate) refers to os_appobjcreate.o(i.QueueCreate) for QueueCreate
    os_appobjcreate.o(i.OS_AppObjCreate) refers to queue.o(i.xQueueGenericCreate) for xQueueGenericCreate
    os_appobjcreate.o(i.OS_AppObjCreate) refers to main.o(.data) for BinarySemaphore_Motor1_DirChange
    os_appobjcreate.o(i.OS_AppObjCreate) refers to main.o(.data) for BinarySemaphore_Motor1_SpeedChange
    os_appobjcreate.o(i.OS_AppObjCreate) refers to main.o(.data) for BinarySemaphore_Motor2_DirChange
    os_appobjcreate.o(i.OS_AppObjCreate) refers to main.o(.data) for BinarySemaphore_Motor2_SpeedChange
    os_appobjcreate.o(i.OS_AppObjCreate) refers to main.o(.data) for BinarySemaphore_USART2ISR
    os_appobjcreate.o(i.QueueCreate) refers to queue.o(i.xQueueGenericCreate) for xQueueGenericCreate
    os_appobjcreate.o(i.QueueCreate) refers to noretval__2printf.o(.text) for __2printf
    os_appobjcreate.o(i.QueueCreate) refers to main.o(.data) for Motor1_Direction_Queue
    os_appobjcreate.o(i.QueueCreate) refers to main.o(.data) for Motor1_PWM_Queue
    os_appobjcreate.o(i.QueueCreate) refers to main.o(.data) for Motor2_Direction_Queue
    os_appobjcreate.o(i.QueueCreate) refers to main.o(.data) for Motor2_PWM_Queue
    os_appobjcreate.o(i.QueueCreate) refers to main.o(.data) for Wifi_buffer_Queue
    os_appobjcreate.o(i.QueueCreate) refers to main.o(.data) for Encoder1_Overflow_Queue
    os_appobjcreate.o(i.QueueCreate) refers to main.o(.data) for Encoder2_Overflow_Queue
    os_appobjcreate.o(i.QueueCreate) refers to main.o(.data) for Encoder1_Status_Queue
    os_appobjcreate.o(i.QueueCreate) refers to main.o(.data) for Encoder2_Status_Queue
    os_appobjcreate.o(i.QueueCreate) refers to main.o(.data) for Motor1_PID_Parameter_Queue
    os_appobjcreate.o(i.QueueCreate) refers to main.o(.data) for Motor2_PID_Parameter_Queue
    os_appobjcreate.o(i.QueueCreate) refers to main.o(.data) for Motor1_Ctrl_Parameter_Queue
    os_appobjcreate.o(i.QueueCreate) refers to main.o(.data) for Motor2_Ctrl_Parameter_Queue
    data_init.o(i.Encoder1_data_init) refers to queue.o(i.xQueueGenericSend) for xQueueGenericSend
    data_init.o(i.Encoder1_data_init) refers to os_appobjcreate.o(.bss) for Motor1_PID_struct_init
    data_init.o(i.Encoder1_data_init) refers to os_appobjcreate.o(.bss) for Motor2_PID_struct_init
    data_init.o(i.Encoder1_data_init) refers to os_appobjcreate.o(.data) for Encoder1_struct_init
    data_init.o(i.Encoder1_data_init) refers to os_appobjcreate.o(.data) for Encoder2_struct_init
    data_init.o(i.Encoder1_data_init) refers to main.o(.data) for Motor1_PID_Parameter_Queue
[...]
    __btod_div_common                        0x08001175   Thumb Code   696  btod.o(CL$$btod_div_common)
    _e2e                                     0x080014ad   Thumb Code   198  btod.o(CL$$btod_e2e)
    _btod_ediv                               0x08001573   Thumb Code    40  btod.o(CL$$btod_ediv)
    _btod_emul                               0x0800159b   Thumb Code    40  btod.o(CL$$btod_emul)
    __btod_mult_common                       0x080015c3   Thumb Code   580  btod.o(CL$$btod_mult_common)
    Bsp_init                                 0x08001809   Thumb Code    80  bsp_init.o(i.Bsp_init)
    BusFault_Handler                         0x08001879   Thumb Code     2  stm32f10x_it.o(i.BusFault_Handler)
    CRC16                                    0x0800187d   Thumb Code    36  crc16.o(i.CRC16)
    CRC16_uch                                0x080018a5   Thumb Code    36  crc16.o(i.CRC16_uch)
    Combine_CRC_2Byte                        0x080018cd   Thumb Code    14  crc16.o(i.Combine_CRC_2Byte)
    DMA1_Channel6_IRQHandler                 0x080018dd   Thumb Code    50  wifi.o(i.DMA1_Channel6_IRQHandler)
    DMA1_Channel7_IRQHandler                 0x08001919   Thumb Code    30  wifi.o(i.DMA1_Channel7_IRQHandler)
    DMA_ClearFlag                            0x0800193d   Thumb Code    16  stm32f10x_dma.o(i.DMA_ClearFlag)
    DMA_ClearITPendingBit                    0x08001955   Thumb Code    16  stm32f10x_dma.o(i.DMA_ClearITPendingBit)
    DMA_Cmd                                  0x0800196d   Thumb Code    22  stm32f10x_dma.o(i.DMA_Cmd)
    DMA_DeInit                               0x08001985   Thumb Code   218  stm32f10x_dma.o(i.DMA_DeInit)
    DMA_GetCurrDataCounter                   0x08001a69   Thumb Code     6  stm32f10x_dma.o(i.DMA_GetCurrDataCounter)
    DMA_ITConfig                             0x08001a6f   Thumb Code    16  stm32f10x_dma.o(i.DMA_ITConfig)
    DMA_Init                                 0x08001a7f   Thumb Code    58  stm32f10x_dma.o(i.DMA_Init)
    DMA_SetCurrDataCounter                   0x08001ab9   Thumb Code     4  stm32f10x_dma.o(i.DMA_SetCurrDataCounter)
    DMA_USART2_Init                          0x08001abd   Thumb Code   178  wifi.o(i.DMA_USART2_Init)
    DebugMon_Handler                         0x08001b81   Thumb Code     2  stm32f10x_it.o(i.DebugMon_Handler)
    DeserializeBuffer                        0x08001b83   Thumb Code   324  protocol.o(i.DeserializeBuffer)
    Encoder_init                             0x08001f79   Thumb Code    34  timer_encoder.o(i.Encoder_init)
    GPIO_Init                                0x08001f9b   Thumb Code   156  stm32f10x_gpio.o(i.GPIO_Init)
    GPIO_PinRemapConfig                      0x08002039   Thumb Code    82  stm32f10x_gpio.o(i.GPIO_PinRemapConfig)
    GPIO_SetBits                             0x08002091   Thumb Code     4  stm32f10x_gpio.o(i.GPIO_SetBits)
    GPIO_StructInit                          0x08002095   Thumb Code    16  stm32f10x_gpio.o(i.GPIO_StructInit)
    HardFault_Handler                        0x080020a5   Thumb Code     2  stm32f10x_it.o(i.HardFault_Handler)
    Idle_task                                0x080020a9   Thumb Code    32  task_idletask.o(i.Idle_task)
    LED_Init                                 0x080020cd   Thumb Code    48  led.o(i.LED_Init)
    MPU6050_task                             0x08002101   Thumb Code   284  task_mpu6050.o(i.MPU6050_task)
    MPU_Get_Accelerometer                    0x080022e9   Thumb Code    50  mpu6050.o(i.MPU_Get_Accelerometer)
    MPU_Get_Gyroscope                        0x0800231b   Thumb Code    50  mpu6050.o(i.MPU_Get_Gyroscope)
    MPU_Get_Temperature                      0x0800234d   Thumb Code    60  mpu6050.o(i.MPU_Get_Temperature)
    MPU_IIC_Ack                              0x08002399   Thumb Code    56  iic.o(i.MPU_IIC_Ack)
    MPU_IIC_Init                             0x080023d9   Thumb Code    50  iic.o(i.MPU_IIC_Init)
    MPU_IIC_NAck                             0x08002411   Thumb Code    56  iic.o(i.MPU_IIC_NAck)
    MPU_IIC_Read_Byte                        0x08002451   Thumb Code   100  iic.o(i.MPU_IIC_Read_Byte)
    MPU_IIC_Send_Byte                        0x080024bd   Thumb Code    80  iic.o(i.MPU_IIC_Send_Byte)
    MPU_IIC_Start                            0x08002515   Thumb Code    56  iic.o(i.MPU_IIC_Start)
    MPU_IIC_Stop                             0x08002555   Thumb Code    58  iic.o(i.MPU_IIC_Stop)
    MPU_IIC_Wait_Ack                         0x08002599   Thumb Code    78  iic.o(i.MPU_IIC_Wait_Ack)
    MPU_Init                                 0x080025f1   Thumb Code   178  mpu6050.o(i.MPU_Init)
    MPU_Read_Byte                            0x080026b1   Thumb Code    58  mpu6050.o(i.MPU_Read_Byte)
    MPU_Read_Len                             0x080026eb   Thumb Code   106  mpu6050.o(i.MPU_Read_Len)
    MPU_Set_Accel_Fsr                        0x08002755   Thumb Code    10  mpu6050.o(i.MPU_Set_Accel_Fsr)
    MPU_Set_Gyro_Fsr                         0x0800275f   Thumb Code    10  mpu6050.o(i.MPU_Set_Gyro_Fsr)
    MPU_Set_LPF                              0x08002769   Thumb Code    48  mpu6050.o(i.MPU_Set_LPF)
    MPU_Set_Rate                             0x08002799   Thumb Code    46  mpu6050.o(i.MPU_Set_Rate)
    MPU_Write_Byte                           0x080027c7   Thumb Code    60  mpu6050.o(i.MPU_Write_Byte)
    MPU_Write_Len                            0x08002803   Thumb Code    82  mpu6050.o(i.MPU_Write_Len)
    MemManage_Handler                        0x08002855   Thumb Code     2  stm32f10x_it.o(i.MemManage_Handler)
    Motor_Init                               0x08002859   Thumb Code    48  motor_dir_output.o(i.Motor_Init)
    NMI_Handler                              0x0800288d   Thumb Code     2  stm32f10x_it.o(i.NMI_Handler)
    NVIC_Init                                0x08002891   Thumb Code    94  misc.o(i.NVIC_Init)
    NVIC_PriorityGroupConfig                 0x080028f5   Thumb Code    10  misc.o(i.NVIC_PriorityGroupConfig)
    NVIC_cofig_Init                          0x08002909   Thumb Code   102  wifi.o(i.NVIC_cofig_Init)
    OS_AppObjCreate                          0x08002979   Thumb Code    78  os_appobjcreate.o(i.OS_AppObjCreate)
    RCC_AHBPeriphClockCmd                    0x08002ec5   Thumb Code    18  stm32f10x_rcc.o(i.RCC_AHBPeriphClockCmd)
    RCC_APB1PeriphClockCmd                   0x08002edd   Thumb Code    18  stm32f10x_rcc.o(i.RCC_APB1PeriphClockCmd)
    RCC_APB2PeriphClockCmd                   0x08002ef5   Thumb Code    18  stm32f10x_rcc.o(i.RCC_APB2PeriphClockCmd)
    RCC_GetClocksFreq                        0x08002f0d   Thumb Code   132  stm32f10x_rcc.o(i.RCC_GetClocksFreq)
    SerializeBuffer                          0x08002fa1   Thumb Code   264  protocol.o(i.SerializeBuffer)
    SysTick_CLKSourceConfig                  0x08003151   Thumb Code    24  misc.o(i.SysTick_CLKSourceConfig)
    SysTick_Handler                          0x08003169   Thumb Code    20  delay.o(i.SysTick_Handler)
    SystemInit                               0x0800317d   Thumb Code    64  system_stm32f10x.o(i.SystemInit)
    TIM2_IRQHandler                          0x080032b5   Thumb Code    30  pwm.o(i.TIM2_IRQHandler)
    TIM2_PWM_Init                            0x080032d5   Thumb Code   146  pwm.o(i.TIM2_PWM_Init)
    TIM3_IRQHandler                          0x0800336d   Thumb Code    30  pwm.o(i.TIM3_IRQHandler)
    TIM3_PWM_Init                            0x08003391   Thumb Code   152  pwm.o(i.TIM3_PWM_Init)
    TIM4_IRQHandler                          0x08003435   Thumb Code    70  timer_encoder.o(i.TIM4_IRQHandler)
    TIM5_IRQHandler                          0x08003489   Thumb Code    68  timer_encoder.o(i.TIM5_IRQHandler)
    TIM6_IRQHandler                          0x080034d9   Thumb Code   192  timer_read_encoder.o(i.TIM6_IRQHandler)
    TIM6_Int_Init                            0x080035c5   Thumb Code    98  timer_read_encoder.o(i.TIM6_Int_Init)
    TIM_ClearFlag                            0x0800362d   Thumb Code     6  stm32f10x_tim.o(i.TIM_ClearFlag)
    TIM_ClearITPendingBit                    0x08003633   Thumb Code     6  stm32f10x_tim.o(i.TIM_ClearITPendingBit)
    TIM_Cmd                                  0x08003639   Thumb Code    20  stm32f10x_tim.o(i.TIM_Cmd)
    TIM_EncoderInterfaceConfig               0x0800364d   Thumb Code    50  stm32f10x_tim.o(i.TIM_EncoderInterfaceConfig)
    TIM_GetCounter                           0x0800367f   Thumb Code     4  stm32f10x_tim.o(i.TIM_GetCounter)
    TIM_GetITStatus                          0x08003683   Thumb Code    24  stm32f10x_tim.o(i.TIM_GetITStatus)
    TIM_ICInit                               0x0800369d   Thumb Code   278  stm32f10x_tim.o(i.TIM_ICInit)
    TIM_ICStructInit                         0x080037c9   Thumb Code    16  stm32f10x_tim.o(i.TIM_ICStructInit)
    TIM_ITConfig                             0x080037d9   Thumb Code    16  stm32f10x_tim.o(i.TIM_ITConfig)
    TIM_OC2Init                              0x080037e9   Thumb Code   120  stm32f10x_tim.o(i.TIM_OC2Init)
    TIM_OC2PreloadConfig                     0x08003869   Thumb Code    20  stm32f10x_tim.o(i.TIM_OC2PreloadConfig)
    TIM_OC3Init                              0x0800387d   Thumb Code   116  stm32f10x_tim.o(i.TIM_OC3Init)
    TIM_OC3PreloadConfig                     0x080038f9   Thumb Code    12  stm32f10x_tim.o(i.TIM_OC3PreloadConfig)
    TIM_OCStructInit                         0x08003905   Thumb Code    20  stm32f10x_tim.o(i.TIM_OCStructInit)
    TIM_SetCompare2                          0x08003919   Thumb Code     4  stm32f10x_tim.o(i.TIM_SetCompare2)
    TIM_SetCompare3                          0x0800391d   Thumb Code     4  stm32f10x_tim.o(i.TIM_SetCompare3)
    TIM_SetCounter                           0x08003921   Thumb Code     4  stm32f10x_tim.o(i.TIM_SetCounter)
    TIM_SetIC1Prescaler                      0x08003925   Thumb Code    16  stm32f10x_tim.o(i.TIM_SetIC1Prescaler)
    TIM_SetIC2Prescaler                      0x08003935   Thumb Code    24  stm32f10x_tim.o(i.TIM_SetIC2Prescaler)
    TIM_SetIC3Prescaler                      0x0800394d   Thumb Code    16  stm32f10x_tim.o(i.TIM_SetIC3Prescaler)
    TIM_SetIC4Prescaler                      0x0800395d   Thumb Code    24  stm32f10x_tim.o(i.TIM_SetIC4Prescaler)
    TIM_TimeBaseInit                         0x08003975   Thumb Code   114  stm32f10x_tim.o(i.TIM_TimeBaseInit)
    TIM_TimeBaseStructInit                   0x08003a11   Thumb Code    18  stm32f10x_tim.o(i.TIM_TimeBaseStructInit)
    USART1_IRQHandler                        0x08003a25   Thumb Code    88  usart.o(i.USART1_IRQHandler)
    USART2_IRQHandler                        0x08003a89   Thumb Code   226  wifi.o(i.USART2_IRQHandler)
    USART_ClearITPendingBit                  0x08003b89   Thumb Code    12  stm32f10x_usart.o(i.USART_ClearITPendingBit)
    USART_Cmd                                0x08003b95   Thumb Code    20  stm32f10x_usart.o(i.USART_Cmd)
    USART_DMACmd                             0x08003ba9   Thumb Code    16  stm32f10x_usart.o(i.USART_DMACmd)
    USART_GetITStatus                        0x08003bb9   Thumb Code    62  stm32f10x_usart.o(i.USART_GetITStatus)
    USART_ITConfig                           0x08003bf7   Thumb Code    48  stm32f10x_usart.o(i.USART_ITConfig)
    USART_Init                               0x08003c29   Thumb Code   166  stm32f10x_usart.o(i.USART_Init)
    USART_ReceiveData                        0x08003cd5   Thumb Code     8  stm32f10x_usart.o(i.USART_ReceiveData)
    UsageFault_Handler                       0x08003cdd   Thumb Code     2  stm32f10x_it.o(i.UsageFault_Handler)
    WIFI_send                                0x08003ce1   Thumb Code    66  wifi.o(i.WIFI_send)
    WIFI_task                                0x08003d31   Thumb Code  1924  task_wifi.o(i.WIFI_task)
    Wifi_send_task                           0x08004521   Thumb Code    86  task_wifi_send.o(i.Wifi_send_task)
    __ARM_fpclassify                         0x08004581   Thumb Code    40  fpclassify.o(i.__ARM_fpclassify)
    __kernel_poly                            0x080045a9   Thumb Code   170  poly.o(i.__kernel_poly)
    __mathlib_dbl_infnan                     0x08004653   Thumb Code     6  dunder.o(i.__mathlib_dbl_infnan)
    __mathlib_dbl_infnan2                    0x08004659   Thumb Code     4  dunder.o(i.__mathlib_dbl_infnan2)
    __mathlib_dbl_invalid                    0x0800465d   Thumb Code    12  dunder.o(i.__mathlib_dbl_invalid)
    __mathlib_dbl_underflow                  0x08004669   Thumb Code    10  dunder.o(i.__mathlib_dbl_underflow)
    _is_digit                                0x08004679   Thumb Code    14  __printf_wp.o(i._is_digit)
    _sys_exit                                0x08004687   Thumb Code     2  usart.o(i._sys_exit)
    asin                                     0x08004705   Thumb Code   572  asin.o(i.asin)
    atan                                     0x08004975   Thumb Code   474  atan.o(i.atan)
    atan2                                    0x08004b95   Thumb Code   346  atan2.o(i.atan2)
    delay_init                               0x08004d15   Thumb Code    60  delay.o(i.delay_init)
    delay_ms                                 0x08004d5d   Thumb Code    52  delay.o(i.delay_ms)
    delay_us                                 0x08004d95   Thumb Code    48  delay.o(i.delay_us)
    dmp_enable_6x_lp_quat                    0x08004dc9   Thumb Code    58  inv_mpu_dmp_motion_driver.o(i.dmp_enable_6x_lp_quat)
    dmp_enable_feature                       0x08004e05   Thumb Code   468  inv_mpu_dmp_motion_driver.o(i.dmp_enable_feature)
    dmp_enable_gyro_cal                      0x08004fe1   Thumb Code    32  inv_mpu_dmp_motion_driver.o(i.dmp_enable_gyro_cal)
    dmp_enable_lp_quat                       0x08005019   Thumb Code    58  inv_mpu_dmp_motion_driver.o(i.dmp_enable_lp_quat)
    dmp_load_motion_driver_firmware          0x08005055   Thumb Code    16  inv_mpu_dmp_motion_driver.o(i.dmp_load_motion_driver_firmware)
    dmp_read_fifo                            0x08005069   Thumb Code   324  inv_mpu_dmp_motion_driver.o(i.dmp_read_fifo)
    dmp_set_accel_bias                       0x080051b1   Thumb Code   210  inv_mpu_dmp_motion_driver.o(i.dmp_set_accel_bias)
    dmp_set_fifo_rate                        0x08005289   Thumb Code    82  inv_mpu_dmp_motion_driver.o(i.dmp_set_fifo_rate)
    dmp_set_gyro_bias                        0x080052ed   Thumb Code   196  inv_mpu_dmp_motion_driver.o(i.dmp_set_gyro_bias)
    dmp_set_orientation                      0x080053b9   Thumb Code   246  inv_mpu_dmp_motion_driver.o(i.dmp_set_orientation)
    dmp_set_shake_reject_thresh              0x080054c5   Thumb Code    48  inv_mpu_dmp_motion_driver.o(i.dmp_set_shake_reject_thresh)
    dmp_set_shake_reject_time                0x080054f5   Thumb Code    32  inv_mpu_dmp_motion_driver.o(i.dmp_set_shake_reject_time)
    dmp_set_shake_reject_timeout             0x08005515   Thumb Code    32  inv_mpu_dmp_motion_driver.o(i.dmp_set_shake_reject_timeout)
    dmp_set_tap_axes                         0x08005535   Thumb Code    64  inv_mpu_dmp_motion_driver.o(i.dmp_set_tap_axes)
    dmp_set_tap_count                        0x08005575   Thumb Code    34  inv_mpu_dmp_motion_driver.o(i.dmp_set_tap_count)
    dmp_set_tap_thresh                       0x08005599   Thumb Code   274  inv_mpu_dmp_motion_driver.o(i.dmp_set_tap_thresh)
    dmp_set_tap_time                         0x080056c1   Thumb Code    32  inv_mpu_dmp_motion_driver.o(i.dmp_set_tap_time)
    dmp_set_tap_time_multi                   0x080056e1   Thumb Code    32  inv_mpu_dmp_motion_driver.o(i.dmp_set_tap_time_multi)
    float_to_uchar                           0x08005701   Thumb Code    16  protocol.o(i.float_to_uchar)
    fputc                                    0x08005711   Thumb Code    18  usart.o(i.fputc)
    get_Accelerometer                        0x08005729   Thumb Code    30  mpu6050.o(i.get_Accelerometer)
    get_Gyroscope                            0x08005751   Thumb Code    22  mpu6050.o(i.get_Gyroscope)
    init_set                                 0x08005c05   Thumb Code     4  data_init.o(i.init_set)
    inv_orientation_matrix_to_scalar         0x08005c09   Thumb Code    34  inv_mpu.o(i.inv_orientation_matrix_to_scalar)
    inv_row_2_scale                          0x08005c2b   Thumb Code    72  inv_mpu.o(i.inv_row_2_scale)
    main                                     0x08005c75   Thumb Code    50  main.o(i.main)
    mget_ms                                  0x08005cbd   Thumb Code     2  inv_mpu.o(i.mget_ms)
    motor1_PID_task                          0x08005cc1   Thumb Code   160  task_motor1_pid.o(i.motor1_PID_task)
    motor1_dir_task                          0x08005d81   Thumb Code   112  task_motor1_dir.o(i.motor1_dir_task)
    motor1_pwm_task                          0x08005e25   Thumb Code    76  task_motor1_pwm.o(i.motor1_pwm_task)
    motor2_PID_task                          0x08005e81   Thumb Code   156  task_motor2_pid.o(i.motor2_PID_task)
    motor2_dir_task                          0x08005f3d   Thumb Code   112  task_motor2_dir.o(i.motor2_dir_task)
    motor2_pwm_task                          0x08005fe1   Thumb Code    76  task_motor2_pwm.o(i.motor2_pwm_task)
    mpu_configure_fifo                       0x08006039   Thumb Code    84  inv_mpu.o(i.mpu_configure_fifo)
    mpu_dmp_get_data                         0x08006091   Thumb Code   408  inv_mpu.o(i.mpu_dmp_get_data)
    mpu_dmp_init                             0x0800622d   Thumb Code   158  inv_mpu.o(i.mpu_dmp_init)
    mpu_get_accel_fsr                        0x080062d1   Thumb Code    54  inv_mpu.o(i.mpu_get_accel_fsr)
    mpu_get_accel_sens                       0x0800630d   Thumb Code    62  inv_mpu.o(i.mpu_get_accel_sens)
    mpu_get_gyro_fsr                         0x08006351   Thumb Code    48  inv_mpu.o(i.mpu_get_gyro_fsr)
    mpu_get_gyro_sens                        0x08006385   Thumb Code    44  inv_mpu.o(i.mpu_get_gyro_sens)
    mpu_get_lpf                              0x080063c5   Thumb Code    52  inv_mpu.o(i.mpu_get_lpf)
    mpu_get_sample_rate                      0x080063fd   Thumb Code    22  inv_mpu.o(i.mpu_get_sample_rate)
    mpu_init                                 0x08006419   Thumb Code   310  inv_mpu.o(i.mpu_init)
    mpu_load_firmware                        0x080065a1   Thumb Code   158  inv_mpu.o(i.mpu_load_firmware)
    mpu_lp_accel_mode                        0x08006645   Thumb Code   178  inv_mpu.o(i.mpu_lp_accel_mode)
    mpu_read_fifo_stream                     0x080066fd   Thumb Code   140  inv_mpu.o(i.mpu_read_fifo_stream)
    mpu_read_mem                             0x0800678d   Thumb Code    80  inv_mpu.o(i.mpu_read_mem)
    mpu_reset_fifo                           0x080067e1   Thumb Code   344  inv_mpu.o(i.mpu_reset_fifo)
    mpu_run_self_test                        0x0800693d   Thumb Code   234  inv_mpu.o(i.mpu_run_self_test)
    mpu_set_accel_fsr                        0x08006a2d   Thumb Code    98  inv_mpu.o(i.mpu_set_accel_fsr)
    mpu_set_bypass                           0x08006a95   Thumb Code   214  inv_mpu.o(i.mpu_set_bypass)
    mpu_set_dmp_state                        0x08006b71   Thumb Code   114  inv_mpu.o(i.mpu_set_dmp_state)
    mpu_set_gyro_fsr                         0x08006be9   Thumb Code   104  inv_mpu.o(i.mpu_set_gyro_fsr)
    mpu_set_int_latched                      0x08006c55   Thumb Code    94  inv_mpu.o(i.mpu_set_int_latched)
    mpu_set_lpf                              0x08006cb9   Thumb Code   102  inv_mpu.o(i.mpu_set_lpf)
    mpu_set_sample_rate                      0x08006d25   Thumb Code   116  inv_mpu.o(i.mpu_set_sample_rate)
    mpu_set_sensors                          0x08006d9d   Thumb Code   178  inv_mpu.o(i.mpu_set_sensors)
    mpu_write_mem                            0x08006e55   Thumb Code    80  inv_mpu.o(i.mpu_write_mem)
    pid_init                                 0x08006ea9   Thumb Code    44  pid.o(i.pid_init)
    pvPortMalloc                             0x08007741   Thumb Code   214  heap_4.o(i.pvPortMalloc)
    pvTaskIncrementMutexHeldCount            0x08007855   Thumb Code    18  tasks.o(i.pvTaskIncrementMutexHeldCount)
    pxPortInitialiseStack                    0x0800786d   Thumb Code    32  port.o(i.pxPortInitialiseStack)
    run_self_test                            0x08007891   Thumb Code   128  inv_mpu.o(i.run_self_test)
    speed_pid_realize1                       0x08007965   Thumb Code   106  pid.o(i.speed_pid_realize1)
    speed_pid_realize2                       0x080079d9   Thumb Code   106  pid.o(i.speed_pid_realize2)
    sqrt                                     0x08007a4d   Thumb Code    76  sqrt.o(i.sqrt)
    start_task                               0x08007a99   Thumb Code   240  main.o(i.start_task)
    temp_data                                0x08007c4d   Thumb Code    10  mpu6050.o(i.temp_data)
    timer6_my_init                           0x08007c57   Thumb Code    10  timer_read_encoder.o(i.timer6_my_init)
    uart_init                                0x08007c61   Thumb Code   152  usart.o(i.uart_init)
    uchar_to_float_PID                       0x08007d01   Thumb Code    78  protocol.o(i.uchar_to_float_PID)
    uchar_to_float_speed                     0x08007d4f   Thumb Code    76  protocol.o(i.uchar_to_float_speed)
    usart2_init                              0x08007d9d   Thumb Code   196  wifi.o(i.usart2_init)
    uxListRemove                             0x08007e69   Thumb Code    36  list.o(i.uxListRemove)
    vListInitialise                          0x08007e8d   Thumb Code    22  list.o(i.vListInitialise)
    vListInitialiseItem                      0x08007ea3   Thumb Code     6  list.o(i.vListInitialiseItem)
    vListInsert                              0x08007ea9   Thumb Code    48  list.o(i.vListInsert)
    vListInsertEnd                           0x08007ed9   Thumb Code    24  list.o(i.vListInsertEnd)
    vPortEnterCritical                       0x08007ef1   Thumb Code    50  port.o(i.vPortEnterCritical)
    vPortExitCritical                        0x08007f69   Thumb Code    34  port.o(i.vPortExitCritical)
    vPortFree                                0x08007fcd   Thumb Code    94  heap_4.o(i.vPortFree)
    vPortSetupTimerInterrupt                 0x08008069   Thumb Code    26  port.o(i.vPortSetupTimerInterrupt)
    vPortValidateInterruptPriority           0x08008089   Thumb Code    70  port.o(i.vPortValidateInterruptPriority)
    vQueueAddToRegistry                      0x08008115   Thumb Code    32  queue.o(i.vQueueAddToRegistry)
    vQueueWaitForMessageRestricted           0x08008139   Thumb Code    68  queue.o(i.vQueueWaitForMessageRestricted)
    vTaskDelay                               0x0800817d   Thumb Code    62  tasks.o(i.vTaskDelay)
    vTaskDelete                              0x080081e9   Thumb Code   152  tasks.o(i.vTaskDelete)
    vTaskMissedYield                         0x080082b5   Thumb Code     8  tasks.o(i.vTaskMissedYield)
    vTaskPlaceOnEventList                    0x080082c1   Thumb Code    44  tasks.o(i.vTaskPlaceOnEventList)
    vTaskPlaceOnEventListRestricted          0x08008315   Thumb Code    52  tasks.o(i.vTaskPlaceOnEventListRestricted)
    vTaskPriorityInherit                     0x08008371   Thumb Code   124  tasks.o(i.vTaskPriorityInherit)
    vTaskSetTimeOutState                     0x080083f5   Thumb Code    30  tasks.o(i.vTaskSetTimeOutState)
    vTaskStartScheduler                      0x0800843d   Thumb Code    96  tasks.o(i.vTaskStartScheduler)
    vTaskSuspend                             0x080084d1   Thumb Code   154  tasks.o(i.vTaskSuspend)
    vTaskSuspendAll                          0x080085a1   Thumb Code    10  tasks.o(i.vTaskSuspendAll)
    vTaskSwitchContext                       0x080085b1   Thumb Code    80  tasks.o(i.vTaskSwitchContext)
    wifi_init                                0x0800862d   Thumb Code    18  wifi.o(i.wifi_init)
    xPortStartScheduler                      0x08008641   Thumb Code   108  port.o(i.xPortStartScheduler)
    xPortSysTickHandler                      0x080086b9   Thumb Code    38  port.o(i.xPortSysTickHandler)
    xQueueGenericCreate                      0x080086e5   Thumb Code    82  queue.o(i.xQueueGenericCreate)
    xQueueGenericReceive                     0x0800875d   Thumb Code   348  queue.o(i.xQueueGenericReceive)
    xQueueGenericReset                       0x080088e1   Thumb Code   128  queue.o(i.xQueueGenericReset)
    xQueueGenericSend                        0x08008989   Thumb Code   350  queue.o(i.xQueueGenericSend)
    xQueueGenericSendFromISR                 0x08008b11   Thumb Code   188  queue.o(i.xQueueGenericSendFromISR)
    xQueueGiveFromISR                        0x08008bf1   Thumb Code   162  queue.o(i.xQueueGiveFromISR)
    xQueuePeekFromISR                        0x08008cb9   Thumb Code   104  queue.o(i.xQueuePeekFromISR)
    xTaskCheckForTimeOut                     0x08008d45   Thumb Code    94  tasks.o(i.xTaskCheckForTimeOut)
    xTaskCreate                              0x08008dcd   Thumb Code    86  tasks.o(i.xTaskCreate)
    xTaskGetSchedulerState                   0x08008e25   Thumb Code    22  tasks.o(i.xTaskGetSchedulerState)
    xTaskGetTickCount                        0x08008e41   Thumb Code     6  tasks.o(i.xTaskGetTickCount)
    xTaskIncrementTick                       0x08008e4d   Thumb Code   188  tasks.o(i.xTaskIncrementTick)
    xTaskPriorityDisinherit                  0x08008f35   Thumb Code   136  tasks.o(i.xTaskPriorityDisinherit)
    xTaskRemoveFromEventList                 0x08008fe9   Thumb Code   102  tasks.o(i.xTaskRemoveFromEventList)
    xTaskResumeAll                           0x08009081   Thumb Code   180  tasks.o(i.xTaskResumeAll)
    xTimerCreate                             0x08009165   Thumb Code    74  timers.o(i.xTimerCreate)
    xTimerCreateTimerTask                    0x080091d9   Thumb Code    58  timers.o(i.xTimerCreateTimerTask)
    xTimerGenericCommand                     0x0800924d   Thumb Code    98  timers.o(i.xTimerGenericCommand)
    _get_lc_numeric                          0x080092dd   Thumb Code    44  lc_numeric_c.o(locale$$code)
    __aeabi_d2f                              0x08009309   Thumb Code     0  d2f.o(x$fpl$d2f)
    _d2f                                     0x08009309   Thumb Code    98  d2f.o(x$fpl$d2f)
    __aeabi_dadd                             0x0800936d   Thumb Code     0  daddsub_clz.o(x$fpl$dadd)
    _dadd                                    0x0800936d   Thumb Code   332  daddsub_clz.o(x$fpl$dadd)
    __fpl_dcheck_NaN1                        0x080094bd   Thumb Code    10  dcheck1.o(x$fpl$dcheck1)
    __aeabi_ddiv                             0x080094cd   Thumb Code     0  ddiv.o(x$fpl$ddiv)
    _ddiv                                    0x080094cd   Thumb Code   552  ddiv.o(x$fpl$ddiv)
    __aeabi_i2d                              0x0800977d   Thumb Code     0  dflt_clz.o(x$fpl$dflt)
    _dflt                                    0x0800977d   Thumb Code    46  dflt_clz.o(x$fpl$dflt)
    __aeabi_dmul                             0x080097ad   Thumb Code     0  dmul.o(x$fpl$dmul)
    _dmul                                    0x080097ad   Thumb Code   332  dmul.o(x$fpl$dmul)
    __fpl_dnaninf                            0x08009901   Thumb Code   156  dnaninf.o(x$fpl$dnaninf)
    __fpl_dretinf                            0x0800999d   Thumb Code    12  dretinf.o(x$fpl$dretinf)
    __aeabi_drsub                            0x080099a9   Thumb Code     0  daddsub_clz.o(x$fpl$drsb)
    _drsb                                    0x080099a9   Thumb Code    22  daddsub_clz.o(x$fpl$drsb)
    _dsqrt                                   0x080099c1   Thumb Code   456  dsqrt_noumaal.o(x$fpl$dsqrt)
    __aeabi_dsub                             0x08009b8d   Thumb Code     0  daddsub_clz.o(x$fpl$dsub)
    _dsub                                    0x08009b8d   Thumb Code   464  daddsub_clz.o(x$fpl$dsub)
    __aeabi_f2d                              0x08009d61   Thumb Code     0  f2d.o(x$fpl$f2d)
    _f2d                                     0x08009d61   Thumb Code    86  f2d.o(x$fpl$f2d)
    __aeabi_fadd                             0x08009db9   Thumb Code     0  faddsub_clz.o(x$fpl$fadd)
    _fadd                                    0x08009db9   Thumb Code   196  faddsub_clz.o(x$fpl$fadd)
    __fpl_fcheck_NaN1                        0x08009e7d   Thumb Code     6  fcheck1.o(x$fpl$fcheck1)
    __aeabi_fdiv                             0x08009e89   Thumb Code     0  fdiv.o(x$fpl$fdiv)
    _fdiv                                    0x08009e89   Thumb Code   384  fdiv.o(x$fpl$fdiv)
    __aeabi_f2iz                             0x0800a00d   Thumb Code     0  ffix.o(x$fpl$ffix)
    _ffix                                    0x0800a00d   Thumb Code    54  ffix.o(x$fpl$ffix)
    __aeabi_f2uiz                            0x0800a045   Thumb Code     0  ffixu.o(x$fpl$ffixu)
    _ffixu                                   0x0800a045   Thumb Code    62  ffixu.o(x$fpl$ffixu)
    __aeabi_i2f                              0x0800a085   Thumb Code     0  fflt_clz.o(x$fpl$fflt)
    _fflt                                    0x0800a085   Thumb Code    48  fflt_clz.o(x$fpl$fflt)
    __aeabi_ui2f                             0x0800a0b5   Thumb Code     0  fflt_clz.o(x$fpl$ffltu)
    _ffltu                                   0x0800a0b5   Thumb Code    38  fflt_clz.o(x$fpl$ffltu)
    __aeabi_fmul                             0x0800a0dd   Thumb Code     0  fmul.o(x$fpl$fmul)
    _fmul                                    0x0800a0dd   Thumb Code   258  fmul.o(x$fpl$fmul)
    __fpl_fnaninf                            0x0800a1df   Thumb Code   140  fnaninf.o(x$fpl$fnaninf)
    __fpl_fretinf                            0x0800a26b   Thumb Code    10  fretinf.o(x$fpl$fretinf)
    __aeabi_fsub                             0x0800a275   Thumb Code     0  faddsub_clz.o(x$fpl$fsub)
    _fsub                                    0x0800a275   Thumb Code   234  faddsub_clz.o(x$fpl$fsub)
    _printf_fp_dec                           0x0800a35f   Thumb Code     4  printf1.o(x$fpl$printf1)
    __fpl_return_NaN                         0x0800a363   Thumb Code   100  retnan.o(x$fpl$retnan)
    __ARM_scalbn                             0x0800a3c7   Thumb Code    92  scalbn.o(x$fpl$scalbn)
    __ARM_scalbnf                            0x0800a423   Thumb Code    76  scalbnf.o(x$fpl$scalbnf)
    __fpl_cmpreturn                          0x0800a46f   Thumb Code    48  trapv.o(x$fpl$trapveneer)
    __I$use$fp                               0x0800a49e   Number         0  usenofp.o(x$fpl$usenofp)
    reg                                      0x0800a49e   Data          27  inv_mpu.o(.constdata)
    hw                                       0x0800a4ba   Data          12  inv_mpu.o(.constdata)
    test                                     0x0800a4c8   Data          40  inv_mpu.o(.constdata)
    s_CRCLo                                  0x0800b1e6   Data         256  crc16.o(.constdata)
    __mathlib_zero                           0x0800b3e0   Data           8  qnan.o(.constdata)
    Region$$Table$$Base                      0x0800b4cc   Number         0  anon$$obj.o(Region$$Table)
    Region$$Table$$Limit                     0x0800b4ec   Number         0  anon$$obj.o(Region$$Table)
    Motor1_Direction_Queue                   0x20000000   Data           4  main.o(.data)
    Motor1_PWM_Queue                         0x20000004   Data           4  main.o(.data)
    Motor2_Direction_Queue                   0x20000008   Data           4  main.o(.data)
    Motor2_PWM_Queue                         0x2000000c   Data           4  main.o(.data)
    Wifi_buffer_Queue                        0x20000010   Data           4  main.o(.data)
    Encoder1_Overflow_Queue                  0x20000014   Data           4  main.o(.data)
    Encoder2_Overflow_Queue                  0x20000018   Data           4  main.o(.data)
    Encoder1_Status_Queue                    0x2000001c   Data           4  main.o(.data)
    Encoder2_Status_Queue                    0x20000020   Data           4  main.o(.data)
    Motor1_PID_Parameter_Queue               0x20000024   Data           4  main.o(.data)
    Motor2_PID_Parameter_Queue               0x20000028   Data           4  main.o(.data)
    Motor1_Ctrl_Parameter_Queue              0x2000002c   Data           4  main.o(.data)
    Motor2_Ctrl_Parameter_Queue              0x20000030   Data           4  main.o(.data)
    BinarySemaphore_Motor1_DirChange         0x20000034   Data           4  main.o(.data)
    BinarySemaphore_Motor1_SpeedChange       0x20000038   Data           4  main.o(.data)
    BinarySemaphore_Motor2_DirChange         0x2000003c   Data           4  main.o(.data)
    BinarySemaphore_Motor2_SpeedChange       0x20000040   Data           4  main.o(.data)
    BinarySemaphore_USART2ISR                0x20000044   Data           4  main.o(.data)
    StartTask_Handler                        0x20000048   Data           4  main.o(.data)
    MOTOR1Task_Handler                       0x2000004c   Data           4  main.o(.data)
    MOTOR1_PWM_TASK_Handler                  0x20000050   Data           4  main.o(.data)
    MOTOR2Task_Handler                       0x20000054   Data           4  main.o(.data)
    MOTOR2_PWM_TASK_Handler                  0x20000058   Data           4  main.o(.data)
    MOTOR1_PID_TASK_Handler                  0x2000005c   Data           4  main.o(.data)
    MOTOR2_PID_TASK_Handler                  0x20000060   Data           4  main.o(.data)
    WIFI_SEND_Task_Handler                   0x20000064   Data           4  main.o(.data)
    WIFITask_Handler                         0x20000068   Data           4  main.o(.data)
    MPU6050_Task_Handler                     0x2000006c   Data           4  main.o(.data)
    IdleTask_Handler                         0x20000070   Data           4  main.o(.data)
    SystemCoreClock                          0x20000074   Data           4  system_stm32f10x.o(.data)
    AHBPrescTable                            0x20000078   Data          16  system_stm32f10x.o(.data)
    Encoder1_struct_init                     0x20000088   Data           4  os_appobjcreate.o(.data)
    Encoder2_struct_init                     0x2000008c   Data           4  os_appobjcreate.o(.data)
    Motor1_ctrl_struct_init                  0x20000090   Data           4  os_appobjcreate.o(.data)
    Motor2_ctrl_struct_init                  0x20000094   Data           4  os_appobjcreate.o(.data)
    Motor1_Direction_struct_init             0x20000098   Data           2  os_appobjcreate.o(.data)
    Motor2_Direction_struct_init             0x2000009a   Data           2  os_appobjcreate.o(.data)
    overflow_count_Encoder1                  0x2000009c   Data           4  timer_encoder.o(.data)
    overflow_count_Encoder2                  0x200000a0   Data           4  timer_encoder.o(.data)
    Encoder1_last_count                      0x200000a4   Data           4  timer_read_encoder.o(.data)
    Encoder1_Overflow_count                  0x200000a8   Data           4  timer_read_encoder.o(.data)
    Encoder1_capture_count                   0x200000ac   Data           4  timer_read_encoder.o(.data)
    Encoder2_last_count                      0x200000b0   Data           4  timer_read_encoder.o(.data)
    Encoder2_Overflow_count                  0x200000b4   Data           4  timer_read_encoder.o(.data)
    Encoder2_capture_count                   0x200000b8   Data           4  timer_read_encoder.o(.data)
    S_K                                      0x200000bc   Data           4  timer_read_encoder.o(.data)
    USART_RX_STA                             0x200000fa   Data           2  usart.o(.data)
    __stdout                                 0x200000fc   Data           4  usart.o(.data)
    pxCurrentTCB                             0x20000114   Data           4  tasks.o(.data)
    Motor1_PID_struct_init                   0x20000188   Data          12  os_appobjcreate.o(.bss)
    Motor2_PID_struct_init                   0x20000194   Data          12  os_appobjcreate.o(.bss)
    wifibuff_struct_init                     0x200001a0   Data         260  os_appobjcreate.o(.bss)
    USART_RX_BUF                             0x200004b4   Data         200  usart.o(.bss)
    xQueueRegistry                           0x2000057c   Data          64  queue.o(.bss)
    M1_S_PID                                 0x20006cc8   Data          36  task_motor1_pid.o(.bss)
    M2_S_PID                                 0x20006cec   Data          36  task_motor2_pid.o(.bss)
    __libspace_start                         0x20006d10   Data          96  libspace.o(.bss)
    __temporary_stack_top$libspace           0x20006d70   Data           0  libspace.o(.bss)



==============================================================================

Memory Map of the image

  Image Entry point : 0x080002c9

  Load Region LR_1 (Base: 0x08000000, Size: 0x0000b690, Max: 0xffffffff, ABSOLUTE, COMPRESSED[0x0000b540])

    Execution Region ER_RO (Base: 0x08000000, Size: 0x0000b508, Max: 0xffffffff, ABSOLUTE)

    Base Addr    Size         Type   Attr      Idx    E Section Name        Object

    0x08000000   0x00000130   Data   RO         1562    RESET               startup_stm32f10x_hd.o
    0x08000130   0x00000008   Code   RO         3932  * !!!main             c_w.l(__main.o)
    0x08000138   0x00000034   Code   RO         4301    !!!scatter          c_w.l(__scatter.o)
    0x0800016c   0x0000005a   Code   RO         4299    !!dczerorl2         c_w.l(__dczerorl2.o)
    0x080001c6   0x00000002   PAD
    0x080001c8   0x0000001c   Code   RO         4303    !!handler_zi        c_w.l(__scatter_zi.o)
    0x080001e4   0x00000000   Code   RO         3915    .ARM.Collect$$_printf_percent$$00000000  c_w.l(_printf_percent.o)
    0x080001e4   0x00000006   Code   RO         3914    .ARM.Collect$$_printf_percent$$00000003  c_w.l(_printf_f.o)
    0x080001ea   0x00000006   Code   RO         3912    .ARM.Collect$$_printf_percent$$00000009  c_w.l(_printf_d.o)
    0x080001f0   0x00000006   Code   RO         3910    .ARM.Collect$$_printf_percent$$00000014  c_w.l(_printf_s.o)
    0x080001f6   0x00000004   Code   RO         4025    .ARM.Collect$$_printf_percent$$00000017  c_w.l(_printf_percent_end.o)
    0x080001fa   0x00000002   Code   RO         4169    .ARM.Collect$$libinit$$00000000  c_w.l(libinit.o)
    0x080001fc   0x00000000   Code   RO         4171    .ARM.Collect$$libinit$$00000002  c_w.l(libinit2.o)
    0x080001fc   0x00000000   Code   RO         4173    .ARM.Collect$$libinit$$00000004  c_w.l(libinit2.o)
    0x080001fc   0x00000000   Code   RO         4176    .ARM.Collect$$libinit$$0000000A  c_w.l(libinit2.o)
    0x080001fc   0x00000000   Code   RO         4178    .ARM.Collect$$libinit$$0000000C  c_w.l(libinit2.o)
    0x080001fc   0x00000000   Code   RO         4180    .ARM.Collect$$libinit$$0000000E  c_w.l(libinit2.o)
    0x080001fc   0x00000006   Code   RO         4181    .ARM.Collect$$libinit$$0000000F  c_w.l(libinit2.o)
    0x08000202   0x00000000   Code   RO         4183    .ARM.Collect$$libinit$$00000011  c_w.l(libinit2.o)
    0x08000202   0x00000000   Code   RO         4185    .ARM.Collect$$libinit$$00000013  c_w.l(libinit2.o)
    0x08000202   0x00000000   Code   RO         4187    .ARM.Collect$$libinit$$00000015  c_w.l(libinit2.o)
    0x08000202   0x0000000a   Code   RO         4188    .ARM.Collect$$libinit$$00000016  c_w.l(libinit2.o)
    0x0800020c   0x00000000   Code   RO         4189    .ARM.Collect$$libinit$$00000017  c_w.l(libinit2.o)
    0x0800020c   0x00000000   Code   RO         4191    .ARM.Collect$$libinit$$00000019  c_w.l(libinit2.o)
    0x0800020c   0x00000000   Code   RO         4193    .ARM.Collect$$libinit$$0000001B  c_w.l(libinit2.o)
    0x0800020c   0x00000000   Code   RO         4195    .ARM.Collect$$libinit$$0000001D  c_w.l(libinit2.o)
    0x0800020c   0x00000000   Code   RO         4197    .ARM.Collect$$libinit$$0000001F  c_w.l(libinit2.o)
    0x0800020c   0x00000000   Code   RO         4199    .ARM.Collect$$libinit$$00000021  c_w.l(libinit2.o)
    0x0800020c   0x00000000   Code   RO         4201    .ARM.Collect$$libinit$$00000023  c_w.l(libinit2.o)
    0x0800020c   0x00000000   Code   RO         4203    .ARM.Collect$$libinit$$00000025  c_w.l(libinit2.o)
    0x0800020c   0x00000000   Code   RO         4207    .ARM.Collect$$libinit$$0000002C  c_w.l(libinit2.o)
    0x0800020c   0x00000000   Code   RO         4209    .ARM.Collect$$libinit$$0000002E  c_w.l(libinit2.o)
    0x0800020c   0x00000000   Code   RO         4211    .ARM.Collect$$libinit$$00000030  c_w.l(libinit2.o)
    0x0800020c   0x00000000   Code   RO         4213    .ARM.Collect$$libinit$$00000032  c_w.l(libinit2.o)
    0x0800020c   0x00000002   Code   RO         4214    .ARM.Collect$$libinit$$00000033  c_w.l(libinit2.o)
    0x0800020e   0x00000002   Code   RO         4260    .ARM.Collect$$libshutdown$$00000000  c_w.l(libshutdown.o)
    0x08000210   0x00000000   Code   RO         4270    .ARM.Collect$$libshutdown$$00000003  c_w.l(libshutdown2.o)
    0x08000210   0x00000000   Code   RO         4273    .ARM.Collect$$libshutdown$$00000006  c_w.l(libshutdown2.o)
    0x08000210   0x00000000   Code   RO         4276    .ARM.Collect$$libshutdown$$00000009  c_w.l(libshutdown2.o)
    0x08000210   0x00000000   Code   RO         4278    .ARM.Collect$$libshutdown$$0000000B  c_w.l(libshutdown2.o)
    0x08000210   0x00000000   Code   RO         4281    .ARM.Collect$$libshutdown$$0000000E  c_w.l(libshutdown2.o)
    0x08000210   0x00000002   Code   RO         4282    .ARM.Collect$$libshutdown$$0000000F  c_w.l(libshutdown2.o)
    0x08000212   0x00000000   Code   RO         4008    .ARM.Collect$$rtentry$$00000000  c_w.l(__rtentry.o)
    0x08000212   0x00000000   Code   RO         4079    .ARM.Collect$$rtentry$$00000002  c_w.l(__rtentry2.o)
    0x08000212   0x00000006   Code   RO         4091    .ARM.Collect$$rtentry$$00000004  c_w.l(__rtentry4.o)
    0x08000218   0x00000000   Code   RO         4081    .ARM.Collect$$rtentry$$00000009  c_w.l(__rtentry2.o)
    0x08000218   0x00000004   Code   RO         4082    .ARM.Collect$$rtentry$$0000000A  c_w.l(__rtentry2.o)
    0x0800021c   0x00000000   Code   RO         4084    .ARM.Collect$$rtentry$$0000000C  c_w.l(__rtentry2.o)
    0x0800021c   0x00000008   Code   RO         4085    .ARM.Collect$$rtentry$$0000000D  c_w.l(__rtentry2.o)
    0x08000224   0x00000002   Code   RO         4219    .ARM.Collect$$rtexit$$00000000  c_w.l(rtexit.o)
    0x08000226   0x00000000   Code   RO         4230    .ARM.Collect$$rtexit$$00000002  c_w.l(rtexit2.o)
    0x08000226   0x00000004   Code   RO         4231    .ARM.Collect$$rtexit$$00000003  c_w.l(rtexit2.o)
    0x0800022a   0x00000006   Code   RO         4232    .ARM.Collect$$rtexit$$00000004  c_w.l(rtexit2.o)
    0x08000230   0x00000096   Code   RO         3605    .emb_text           port.o
    0x080002c6   0x00000002   PAD
    0x080002c8   0x00000040   Code   RO         1563  * .text               startup_stm32f10x_hd.o
    0x08000308   0x00000002   Code   RO         3848    .text               c_w.l(use_no_semi_2.o)
    0x0800030a   0x00000048   Code   RO         3850    .text               c_w.l(llsdiv.o)
    0x08000352   0x00000002   PAD
    0x08000354   0x00000018   Code   RO         3856    .text               c_w.l(noretval__2printf.o)
    0x0800036c   0x00000052   Code   RO         3864    .text               c_w.l(_printf_str.o)
    0x080003be   0x00000002   PAD
    0x080003c0   0x00000078   Code   RO         3866    .text               c_w.l(_printf_dec.o)
    0x08000438   0x00000138   Code   RO         3901    .text               c_w.l(__printf_flags_wp.o)
    0x08000570   0x00000058   Code   RO         3916    .text               c_w.l(memcmp.o)
    0x080005c8   0x0000008a   Code   RO         3922    .text               c_w.l(rt_memcpy_v6.o)
    0x08000652   0x00000010   Code   RO         3924    .text               c_w.l(aeabi_memset.o)
    0x08000662   0x00000044   Code   RO         3926    .text               c_w.l(rt_memclr.o)
    0x080006a6   0x0000004e   Code   RO         3928    .text               c_w.l(rt_memclr_w.o)
    0x080006f4   0x00000006   Code   RO         3930    .text               c_w.l(heapauxi.o)
    0x080006fa   0x00000002   Code   RO         4006    .text               c_w.l(use_no_semi.o)
    0x080006fc   0x000000ee   Code   RO         4009    .text               c_w.l(lludivv7m.o)
    0x080007ea   0x00000016   Code   RO         4011    .text               c_w.l(_rserrno.o)
    0x08000800   0x000000b2   Code   RO         4013    .text               c_w.l(_printf_intcommon.o)
    0x080008b2   0x0000041a   Code   RO         4015    .text               c_w.l(_printf_fp_dec.o)
    0x08000ccc   0x00000030   Code   RO         4017    .text               c_w.l(_printf_char_common.o)
    0x08000cfc   0x0000002c   Code   RO         4021    .text               c_w.l(_printf_char.o)
    0x08000d28   0x00000024   Code   RO         4023    .text               c_w.l(_printf_char_file.o)
    0x08000d4c   0x00000064   Code   RO         4026    .text               c_w.l(rt_memcpy_w.o)
    0x08000db0   0x00000008   Code   RO         4100    .text               c_w.l(rt_locale_intlibspace.o)
    0x08000db8   0x00000008   Code   RO         4105    .text               c_w.l(rt_errno_addr_intlibspace.o)
    0x08000dc0   0x0000008a   Code   RO         4107    .text               c_w.l(lludiv10.o)
    0x08000e4a   0x00000002   PAD
    0x08000e4c   0x00000080   Code   RO         4109    .text               c_w.l(_printf_fp_infnan.o)
    0x08000ecc   0x000000dc   Code   RO         4113    .text               c_w.l(bigflt0.o)
    0x08000fa8   0x00000008   Code   RO         4138    .text               c_w.l(ferror.o)
    0x08000fb0   0x00000008   Code   RO         4153    .text               c_w.l(libspace.o)
    0x08000fb8   0x0000004a   Code   RO         4156    .text               c_w.l(sys_stackheap_outer.o)
    0x08001002   0x0000000c   Code   RO         4160    .text               c_w.l(exit.o)
    0x0800100e   0x00000002   PAD
    0x08001010   0x00000080   Code   RO         4162    .text               c_w.l(strcmpv7m.o)
    0x08001090   0x0000003e   Code   RO         4116    CL$$btod_d2e        c_w.l(btod.o)
    0x080010ce   0x00000046   Code   RO         4118    CL$$btod_d2e_denorm_low  c_w.l(btod.o)
    0x08001114   0x00000060   Code   RO         4117    CL$$btod_d2e_norm_op1  c_w.l(btod.o)
    0x08001174   0x00000338   Code   RO         4126    CL$$btod_div_common  c_w.l(btod.o)
    0x080014ac   0x000000c6   Code   RO         4123    CL$$btod_e2e        c_w.l(btod.o)
    0x08001572   0x00000028   Code   RO         4120    CL$$btod_ediv       c_w.l(btod.o)
    0x0800159a   0x00000028   Code   RO         4119    CL$$btod_emul       c_w.l(btod.o)
    0x080015c2   0x00000244   Code   RO         4125    CL$$btod_mult_common  c_w.l(btod.o)
    0x08001806   0x00000002   PAD
    0x08001808   0x00000070   Code   RO          527    i.Bsp_init          bsp_init.o
    0x08001878   0x00000002   Code   RO          278    i.BusFault_Handler  stm32f10x_it.o
    0x0800187a   0x00000002   PAD
    0x0800187c   0x00000028   Code   RO         3819    i.CRC16             crc16.o
    0x080018a4   0x00000028   Code   RO         3820    i.CRC16_uch         crc16.o
    0x080018cc   0x0000000e   Code   RO         3821    i.Combine_CRC_2Byte  crc16.o
    0x080018da   0x00000002   PAD
    0x080018dc   0x0000003c   Code   RO          678    i.DMA1_Channel6_IRQHandler  wifi.o
    0x08001918   0x00000024   Code   RO          679    i.DMA1_Channel7_IRQHandler  wifi.o
    0x0800193c   0x00000018   Code   RO         2121    i.DMA_ClearFlag     stm32f10x_dma.o
    0x08001954   0x00000018   Code   RO         2122    i.DMA_ClearITPendingBit  stm32f10x_dma.o
    0x0800196c   0x00000016   Code   RO         2123    i.DMA_Cmd           stm32f10x_dma.o
    0x08001982   0x00000002   PAD
    0x08001984   0x000000e4   Code   RO         2124    i.DMA_DeInit        stm32f10x_dma.o
    0x08001a68   0x00000006   Code   RO         2125    i.DMA_GetCurrDataCounter  stm32f10x_dma.o
    0x08001a6e   0x00000010   Code   RO         2128    i.DMA_ITConfig      stm32f10x_dma.o
    0x08001a7e   0x0000003a   Code   RO         2129    i.DMA_Init          stm32f10x_dma.o
    0x08001ab8   0x00000004   Code   RO         2130    i.DMA_SetCurrDataCounter  stm32f10x_dma.o
    0x08001abc   0x000000c4   Code   RO          680    i.DMA_USART2_Init   wifi.o
    0x08001b80   0x00000002   Code   RO          279    i.DebugMon_Handler  stm32f10x_it.o
    0x08001b82   0x00000144   Code   RO          447    i.DeserializeBuffer  protocol.o
    0x08001cc6   0x00000024   Code   RO          448    i.Deserialize_Ctrl_obj  protocol.o
    0x08001cea   0x00000040   Code   RO          449    i.Deserialize_Ctrl_speedAnddir  protocol.o
    0x08001d2a   0x00000002   PAD
    0x08001d2c   0x000000bc   Code   RO          429    i.Encoder1_data_init  data_init.o
    0x08001de8   0x000000c8   Code   RO          640    i.Encoder1_init     timer_encoder.o
    0x08001eb0   0x000000c8   Code   RO          641    i.Encoder2_Init     timer_encoder.o
    0x08001f78   0x00000022   Code   RO          642    i.Encoder_init      timer_encoder.o
    0x08001f9a   0x0000009c   Code   RO         1609    i.GPIO_Init         stm32f10x_gpio.o
    0x08002036   0x00000002   PAD
    0x08002038   0x00000058   Code   RO         1611    i.GPIO_PinRemapConfig  stm32f10x_gpio.o
    0x08002090   0x00000004   Code   RO         1617    i.GPIO_SetBits      stm32f10x_gpio.o
    0x08002094   0x00000010   Code   RO         1618    i.GPIO_StructInit   stm32f10x_gpio.o
    0x080020a4   0x00000002   Code   RO          280    i.HardFault_Handler  stm32f10x_it.o
    0x080020a6   0x00000002   PAD
    0x080020a8   0x00000024   Code   RO         3807    i.Idle_task         task_idletask.o
    0x080020cc   0x00000034   Code   RO          555    i.LED_Init          led.o
    0x08002100   0x000001e8   Code   RO         3795    i.MPU6050_task      task_mpu6050.o
    0x080022e8   0x00000032   Code   RO          837    i.MPU_Get_Accelerometer  mpu6050.o
    0x0800231a   0x00000032   Code   RO          838    i.MPU_Get_Gyroscope  mpu6050.o
    0x0800234c   0x0000004c   Code   RO          839    i.MPU_Get_Temperature  mpu6050.o
    0x08002398   0x00000040   Code   RO          777    i.MPU_IIC_Ack       iic.o
    0x080023d8   0x00000038   Code   RO          779    i.MPU_IIC_Init      iic.o
    0x08002410   0x00000040   Code   RO          780    i.MPU_IIC_NAck      iic.o
    0x08002450   0x0000006c   Code   RO          781    i.MPU_IIC_Read_Byte  iic.o
    0x080024bc   0x00000058   Code   RO          782    i.MPU_IIC_Send_Byte  iic.o
    0x08002514   0x00000040   Code   RO          783    i.MPU_IIC_Start     iic.o
    0x08002554   0x00000044   Code   RO          784    i.MPU_IIC_Stop      iic.o
    0x08002598   0x00000058   Code   RO          785    i.MPU_IIC_Wait_Ack  iic.o
    0x080025f0   0x000000c0   Code   RO          840    i.MPU_Init          mpu6050.o
    0x080026b0   0x0000003a   Code   RO          841    i.MPU_Read_Byte     mpu6050.o
    0x080026ea   0x0000006a   Code   RO          842    i.MPU_Read_Len      mpu6050.o
    0x08002754   0x0000000a   Code   RO          843    i.MPU_Set_Accel_Fsr  mpu6050.o
    0x0800275e   0x0000000a   Code   RO          844    i.MPU_Set_Gyro_Fsr  mpu6050.o
    0x08002768   0x00000030   Code   RO          845    i.MPU_Set_LPF       mpu6050.o
    0x08002798   0x0000002e   Code   RO          846    i.MPU_Set_Rate      mpu6050.o
    0x080027c6   0x0000003c   Code   RO          847    i.MPU_Write_Byte    mpu6050.o
    0x08002802   0x00000052   Code   RO          848    i.MPU_Write_Len     mpu6050.o
    0x08002854   0x00000002   Code   RO          281    i.MemManage_Handler  stm32f10x_it.o
    0x08002856   0x00000002   PAD
    0x08002858   0x00000034   Code   RO          628    i.Motor_Init        motor_dir_output.o
    0x0800288c   0x00000002   Code   RO          282    i.NMI_Handler       stm32f10x_it.o
    0x0800288e   0x00000002   PAD
    0x08002890   0x00000064   Code   RO         1567    i.NVIC_Init         misc.o
    0x080028f4   0x00000014   Code   RO         1568    i.NVIC_PriorityGroupConfig  misc.o
    0x08002908   0x00000070   Code   RO          681    i.NVIC_cofig_Init   wifi.o
    0x08002978   0x00000064   Code   RO          378    i.OS_AppObjCreate   os_appobjcreate.o
    0x080029dc   0x000004e8   Code   RO          379    i.QueueCreate       os_appobjcreate.o
    0x08002ec4   0x00000018   Code   RO         1742    i.RCC_AHBPeriphClockCmd  stm32f10x_rcc.o
    0x08002edc   0x00000018   Code   RO         1743    i.RCC_APB1PeriphClockCmd  stm32f10x_rcc.o
    0x08002ef4   0x00000018   Code   RO         1745    i.RCC_APB2PeriphClockCmd  stm32f10x_rcc.o
    0x08002f0c   0x00000094   Code   RO         1753    i.RCC_GetClocksFreq  stm32f10x_rcc.o
    0x08002fa0   0x00000108   Code   RO          450    i.SerializeBuffer   protocol.o
    0x080030a8   0x000000a8   Code   RO          349    i.SetSysClockTo72   system_stm32f10x.o
    0x08003150   0x00000018   Code   RO         1571    i.SysTick_CLKSourceConfig  misc.o
    0x08003168   0x00000014   Code   RO         1438    i.SysTick_Handler   delay.o
    0x0800317c   0x00000050   Code   RO          351    i.SystemInit        system_stm32f10x.o
    0x080031cc   0x0000006c   Code   RO         3023    i.TI1_Config        stm32f10x_tim.o
    0x08003238   0x0000007c   Code   RO         3024    i.TI2_Config        stm32f10x_tim.o
    0x080032b4   0x0000001e   Code   RO          567    i.TIM2_IRQHandler   pwm.o
    0x080032d2   0x00000002   PAD
    0x080032d4   0x00000098   Code   RO          569    i.TIM2_PWM_Init     pwm.o
    0x0800336c   0x00000024   Code   RO          570    i.TIM3_IRQHandler   pwm.o
    0x08003390   0x000000a4   Code   RO          572    i.TIM3_PWM_Init     pwm.o
    0x08003434   0x00000054   Code   RO          643    i.TIM4_IRQHandler   timer_encoder.o
    0x08003488   0x00000050   Code   RO          644    i.TIM5_IRQHandler   timer_encoder.o
    0x080034d8   0x000000ec   Code   RO          735    i.TIM6_IRQHandler   timer_read_encoder.o
    0x080035c4   0x00000068   Code   RO          736    i.TIM6_Int_Init     timer_read_encoder.o
    0x0800362c   0x00000006   Code   RO         3031    i.TIM_ClearFlag     stm32f10x_tim.o
    0x08003632   0x00000006   Code   RO         3032    i.TIM_ClearITPendingBit  stm32f10x_tim.o
    0x08003638   0x00000014   Code   RO         3037    i.TIM_Cmd           stm32f10x_tim.o
    0x0800364c   0x00000032   Code   RO         3046    i.TIM_EncoderInterfaceConfig  stm32f10x_tim.o
    0x0800367e   0x00000004   Code   RO         3056    i.TIM_GetCounter    stm32f10x_tim.o
    0x08003682   0x00000018   Code   RO         3058    i.TIM_GetITStatus   stm32f10x_tim.o
    0x0800369a   0x00000002   PAD
    0x0800369c   0x0000012c   Code   RO         3060    i.TIM_ICInit        stm32f10x_tim.o
    0x080037c8   0x00000010   Code   RO         3061    i.TIM_ICStructInit  stm32f10x_tim.o
    0x080037d8   0x00000010   Code   RO         3062    i.TIM_ITConfig      stm32f10x_tim.o
    0x080037e8   0x00000080   Code   RO         3071    i.TIM_OC2Init       stm32f10x_tim.o
    0x08003868   0x00000014   Code   RO         3074    i.TIM_OC2PreloadConfig  stm32f10x_tim.o
    0x0800387c   0x0000007c   Code   RO         3076    i.TIM_OC3Init       stm32f10x_tim.o
    0x080038f8   0x0000000c   Code   RO         3079    i.TIM_OC3PreloadConfig  stm32f10x_tim.o
    0x08003904   0x00000014   Code   RO         3084    i.TIM_OCStructInit  stm32f10x_tim.o
    0x08003918   0x00000004   Code   RO         3099    i.TIM_SetCompare2   stm32f10x_tim.o
    0x0800391c   0x00000004   Code   RO         3100    i.TIM_SetCompare3   stm32f10x_tim.o
    0x08003920   0x00000004   Code   RO         3102    i.TIM_SetCounter    stm32f10x_tim.o
    0x08003924   0x00000010   Code   RO         3103    i.TIM_SetIC1Prescaler  stm32f10x_tim.o
    0x08003934   0x00000018   Code   RO         3104    i.TIM_SetIC2Prescaler  stm32f10x_tim.o
    0x0800394c   0x00000010   Code   RO         3105    i.TIM_SetIC3Prescaler  stm32f10x_tim.o
    0x0800395c   0x00000018   Code   RO         3106    i.TIM_SetIC4Prescaler  stm32f10x_tim.o
    0x08003974   0x0000009c   Code   RO         3108    i.TIM_TimeBaseInit  stm32f10x_tim.o
    0x08003a10   0x00000012   Code   RO         3109    i.TIM_TimeBaseStructInit  stm32f10x_tim.o
    0x08003a22   0x00000002   PAD
    0x08003a24   0x00000064   Code   RO         1505    i.USART1_IRQHandler  usart.o
    0x08003a88   0x00000100   Code   RO          682    i.USART2_IRQHandler  wifi.o
    0x08003b88   0x0000000c   Code   RO         1942    i.USART_ClearITPendingBit  stm32f10x_usart.o
    0x08003b94   0x00000014   Code   RO         1945    i.USART_Cmd         stm32f10x_usart.o
    0x08003ba8   0x00000010   Code   RO         1946    i.USART_DMACmd      stm32f10x_usart.o
    0x08003bb8   0x0000003e   Code   RO         1949    i.USART_GetITStatus  stm32f10x_usart.o
    0x08003bf6   0x00000030   Code   RO         1951    i.USART_ITConfig    stm32f10x_usart.o
    0x08003c26   0x00000002   PAD
    0x08003c28   0x000000ac   Code   RO         1952    i.USART_Init        stm32f10x_usart.o
    0x08003cd4   0x00000008   Code   RO         1959    i.USART_ReceiveData  stm32f10x_usart.o
    0x08003cdc   0x00000002   Code   RO          283    i.UsageFault_Handler  stm32f10x_it.o
    0x08003cde   0x00000002   PAD
    0x08003ce0   0x00000050   Code   RO          683    i.WIFI_send         wifi.o
    0x08003d30   0x000007f0   Code   RO         3766    i.WIFI_task         task_wifi.o
    0x08004520   0x00000060   Code   RO         3782    i.Wifi_send_task    task_wifi_send.o
    0x08004580   0x00000028   Code   RO         4065    i.__ARM_fpclassify  m_ws.l(fpclassify.o)
    0x080045a8   0x000000aa   Code   RO         4067    i.__kernel_poly     m_ws.l(poly.o)
    0x08004652   0x00000006   Code   RO         4052    i.__mathlib_dbl_infnan  m_ws.l(dunder.o)
    0x08004658   0x00000004   Code   RO         4053    i.__mathlib_dbl_infnan2  m_ws.l(dunder.o)
    0x0800465c   0x0000000c   Code   RO         4054    i.__mathlib_dbl_invalid  m_ws.l(dunder.o)
    0x08004668   0x00000010   Code   RO         4057    i.__mathlib_dbl_underflow  m_ws.l(dunder.o)
    0x08004678   0x0000000e   Code   RO         3899    i._is_digit         c_w.l(__printf_wp.o)
    0x08004686   0x00000002   Code   RO         1506    i._sys_exit         usart.o
    0x08004688   0x0000007c   Code   RO          935    i.accel_self_test   inv_mpu.o
    0x08004704   0x00000270   Code   RO         3989    i.asin              m_ws.l(asin.o)
    0x08004974   0x00000220   Code   RO         4042    i.atan              m_ws.l(atan.o)
    0x08004b94   0x00000180   Code   RO         3999    i.atan2             m_ws.l(atan2.o)
    0x08004d14   0x00000048   Code   RO         1439    i.delay_init        delay.o
    0x08004d5c   0x00000038   Code   RO         1440    i.delay_ms          delay.o
    0x08004d94   0x00000034   Code   RO         1441    i.delay_us          delay.o
    0x08004dc8   0x0000003a   Code   RO         1265    i.dmp_enable_6x_lp_quat  inv_mpu_dmp_motion_driver.o
    0x08004e02   0x00000002   PAD
    0x08004e04   0x000001dc   Code   RO         1266    i.dmp_enable_feature  inv_mpu_dmp_motion_driver.o
    0x08004fe0   0x00000038   Code   RO         1267    i.dmp_enable_gyro_cal  inv_mpu_dmp_motion_driver.o
    0x08005018   0x0000003a   Code   RO         1268    i.dmp_enable_lp_quat  inv_mpu_dmp_motion_driver.o
    0x08005052   0x00000002   PAD
    0x08005054   0x00000014   Code   RO         1273    i.dmp_load_motion_driver_firmware  inv_mpu_dmp_motion_driver.o
    0x08005068   0x00000148   Code   RO         1274    i.dmp_read_fifo     inv_mpu_dmp_motion_driver.o
    0x080051b0   0x000000d8   Code   RO         1277    i.dmp_set_accel_bias  inv_mpu_dmp_motion_driver.o
    0x08005288   0x00000064   Code   RO         1278    i.dmp_set_fifo_rate  inv_mpu_dmp_motion_driver.o
    0x080052ec   0x000000cc   Code   RO         1279    i.dmp_set_gyro_bias  inv_mpu_dmp_motion_driver.o
    0x080053b8   0x0000010c   Code   RO         1281    i.dmp_set_orientation  inv_mpu_dmp_motion_driver.o
    0x080054c4   0x00000030   Code   RO         1284    i.dmp_set_shake_reject_thresh  inv_mpu_dmp_motion_driver.o
    0x080054f4   0x00000020   Code   RO         1285    i.dmp_set_shake_reject_time  inv_mpu_dmp_motion_driver.o
    0x08005514   0x00000020   Code   RO         1286    i.dmp_set_shake_reject_timeout  inv_mpu_dmp_motion_driver.o
    0x08005534   0x00000040   Code   RO         1287    i.dmp_set_tap_axes  inv_mpu_dmp_motion_driver.o
    0x08005574   0x00000022   Code   RO         1288    i.dmp_set_tap_count  inv_mpu_dmp_motion_driver.o
    0x08005596   0x00000002   PAD
    0x08005598   0x00000128   Code   RO         1289    i.dmp_set_tap_thresh  inv_mpu_dmp_motion_driver.o
    0x080056c0   0x00000020   Code   RO         1290    i.dmp_set_tap_time  inv_mpu_dmp_motion_driver.o
    0x080056e0   0x00000020   Code   RO         1291    i.dmp_set_tap_time_multi  inv_mpu_dmp_motion_driver.o
    0x08005700   0x00000010   Code   RO          451    i.float_to_uchar    protocol.o
    0x08005710   0x00000018   Code   RO         1507    i.fputc             usart.o
    0x08005728   0x00000028   Code   RO          849    i.get_Accelerometer  mpu6050.o
    0x08005750   0x00000020   Code   RO          850    i.get_Gyroscope     mpu6050.o
    0x08005770   0x000000a8   Code   RO          936    i.get_accel_prod_shift  inv_mpu.o
    0x08005818   0x00000314   Code   RO          937    i.get_st_biases     inv_mpu.o
    0x08005b2c   0x000000d8   Code   RO          938    i.gyro_self_test    inv_mpu.o
    0x08005c04   0x00000004   Code   RO          430    i.init_set          data_init.o
    0x08005c08   0x00000022   Code   RO          939    i.inv_orientation_matrix_to_scalar  inv_mpu.o
    0x08005c2a   0x00000048   Code   RO          940    i.inv_row_2_scale   inv_mpu.o
    0x08005c72   0x00000002   PAD
    0x08005c74   0x00000048   Code   RO            1    i.main              main.o
    0x08005cbc   0x00000002   Code   RO          941    i.mget_ms           inv_mpu.o
    0x08005cbe   0x00000002   PAD
    0x08005cc0   0x000000c0   Code   RO         3708    i.motor1_PID_task   task_motor1_pid.o
    0x08005d80   0x000000a4   Code   RO         3682    i.motor1_dir_task   task_motor1_dir.o
    0x08005e24   0x0000005c   Code   RO         3695    i.motor1_pwm_task   task_motor1_pwm.o
    0x08005e80   0x000000bc   Code   RO         3750    i.motor2_PID_task   task_motor2_pid.o
    0x08005f3c   0x000000a4   Code   RO         3724    i.motor2_dir_task   task_motor2_dir.o
    0x08005fe0   0x00000058   Code   RO         3737    i.motor2_pwm_task   task_motor2_pwm.o
    0x08006038   0x00000058   Code   RO          942    i.mpu_configure_fifo  inv_mpu.o
    0x08006090   0x0000019c   Code   RO          943    i.mpu_dmp_get_data  inv_mpu.o
    0x0800622c   0x000000a4   Code   RO          944    i.mpu_dmp_init      inv_mpu.o
    0x080062d0   0x0000003c   Code   RO          945    i.mpu_get_accel_fsr  inv_mpu.o
    0x0800630c   0x00000044   Code   RO          947    i.mpu_get_accel_sens  inv_mpu.o
    0x08006350   0x00000034   Code   RO          953    i.mpu_get_gyro_fsr  inv_mpu.o
    0x08006384   0x00000040   Code   RO          955    i.mpu_get_gyro_sens  inv_mpu.o
    0x080063c4   0x00000038   Code   RO          957    i.mpu_get_lpf       inv_mpu.o
    0x080063fc   0x0000001c   Code   RO          959    i.mpu_get_sample_rate  inv_mpu.o
    0x08006418   0x00000188   Code   RO          961    i.mpu_init          inv_mpu.o
    0x080065a0   0x000000a4   Code   RO          962    i.mpu_load_firmware  inv_mpu.o
    0x08006644   0x000000b8   Code   RO          963    i.mpu_lp_accel_mode  inv_mpu.o
    0x080066fc   0x00000090   Code   RO          966    i.mpu_read_fifo_stream  inv_mpu.o
    0x0800678c   0x00000054   Code   RO          967    i.mpu_read_mem      inv_mpu.o
    0x080067e0   0x0000015c   Code   RO          970    i.mpu_reset_fifo    inv_mpu.o
    0x0800693c   0x000000f0   Code   RO          971    i.mpu_run_self_test  inv_mpu.o
    0x08006a2c   0x00000068   Code   RO          973    i.mpu_set_accel_fsr  inv_mpu.o
    0x08006a94   0x000000dc   Code   RO          974    i.mpu_set_bypass    inv_mpu.o
    0x08006b70   0x00000078   Code   RO          976    i.mpu_set_dmp_state  inv_mpu.o
    0x08006be8   0x0000006c   Code   RO          977    i.mpu_set_gyro_fsr  inv_mpu.o
    0x08006c54   0x00000064   Code   RO          978    i.mpu_set_int_latched  inv_mpu.o
    0x08006cb8   0x0000006c   Code   RO          980    i.mpu_set_lpf       inv_mpu.o
    0x08006d24   0x00000078   Code   RO          981    i.mpu_set_sample_rate  inv_mpu.o
    0x08006d9c   0x000000b8   Code   RO          982    i.mpu_set_sensors   inv_mpu.o
    0x08006e54   0x00000054   Code   RO          983    i.mpu_write_mem     inv_mpu.o
    0x08006ea8   0x00000034   Code   RO          496    i.pid_init          pid.o
    0x08006edc   0x00000070   Code   RO         2558    i.prvAddCurrentTaskToDelayedList  tasks.o
    0x08006f4c   0x000000d0   Code   RO         2559    i.prvAddNewTaskToReadyList  tasks.o
    0x0800701c   0x00000050   Code   RO         2903    i.prvCheckForValidListAndQueue  timers.o
    0x0800706c   0x00000054   Code   RO         2560    i.prvCheckTasksWaitingTermination  tasks.o
    0x080070c0   0x00000026   Code   RO         2340    i.prvCopyDataFromQueue  queue.o
    0x080070e6   0x0000006c   Code   RO         2341    i.prvCopyDataToQueue  queue.o
    0x08007152   0x00000014   Code   RO         2561    i.prvDeleteTCB      tasks.o
    0x08007166   0x00000002   PAD
    0x08007168   0x0000004c   Code   RO         3556    i.prvHeapInit       heap_4.o
    0x080071b4   0x00000028   Code   RO         2562    i.prvIdleTask       tasks.o
    0x080071dc   0x000000c0   Code   RO         2563    i.prvInitialiseNewTask  tasks.o
    0x0800729c   0x0000004c   Code   RO         3557    i.prvInsertBlockIntoFreeList  heap_4.o
    0x080072e8   0x00000038   Code   RO         2904    i.prvInsertTimerInActiveList  timers.o
    0x08007320   0x0000001a   Code   RO         2342    i.prvIsQueueEmpty   queue.o
    0x0800733a   0x00000002   PAD
    0x0800733c   0x00000090   Code   RO         2343    i.prvNotifyQueueSetContainer  queue.o
    0x080073cc   0x00000060   Code   RO         2905    i.prvProcessExpiredTimer  timers.o
    0x0800742c   0x000000f0   Code   RO         2906    i.prvProcessReceivedCommands  timers.o
    0x0800751c   0x0000006c   Code   RO         2907    i.prvProcessTimerOrBlockTask  timers.o
    0x08007588   0x00000020   Code   RO         2565    i.prvResetNextTaskUnblockTime  tasks.o
    0x080075a8   0x00000028   Code   RO         2908    i.prvSampleTimeNow  timers.o
    0x080075d0   0x0000006c   Code   RO         2909    i.prvSwitchTimerLists  timers.o
    0x0800763c   0x00000064   Code   RO         3606    i.prvTaskExitError  port.o
    0x080076a0   0x00000028   Code   RO         2910    i.prvTimerTask      timers.o
    0x080076c8   0x00000078   Code   RO         2344    i.prvUnlockQueue    queue.o
    0x08007740   0x00000114   Code   RO         3558    i.pvPortMalloc      heap_4.o
    0x08007854   0x00000018   Code   RO         2567    i.pvTaskIncrementMutexHeldCount  tasks.o
    0x0800786c   0x00000024   Code   RO         3607    i.pxPortInitialiseStack  port.o
    0x08007890   0x00000080   Code   RO          984    i.run_self_test     inv_mpu.o
    0x08007910   0x00000054   Code   RO          985    i.set_int_enable    inv_mpu.o
    0x08007964   0x00000074   Code   RO          497    i.speed_pid_realize1  pid.o
    0x080079d8   0x00000074   Code   RO          498    i.speed_pid_realize2  pid.o
    0x08007a4c   0x0000004c   Code   RO         4071    i.sqrt              m_ws.l(sqrt.o)
    0x08007a98   0x000001b4   Code   RO            2    i.start_task        main.o
    0x08007c4c   0x0000000a   Code   RO          851    i.temp_data         mpu6050.o
    0x08007c56   0x0000000a   Code   RO          737    i.timer6_my_init    timer_read_encoder.o
    0x08007c60   0x000000a0   Code   RO         1508    i.uart_init         usart.o
    0x08007d00   0x0000004e   Code   RO          452    i.uchar_to_float_PID  protocol.o
    0x08007d4e   0x0000004c   Code   RO          453    i.uchar_to_float_speed  protocol.o
    0x08007d9a   0x00000002   PAD
    0x08007d9c   0x000000cc   Code   RO          684    i.usart2_init       wifi.o
    0x08007e68   0x00000024   Code   RO         2303    i.uxListRemove      list.o
    0x08007e8c   0x00000016   Code   RO         2304    i.vListInitialise   list.o
    0x08007ea2   0x00000006   Code   RO         2305    i.vListInitialiseItem  list.o
    0x08007ea8   0x00000030   Code   RO         2306    i.vListInsert       list.o
    0x08007ed8   0x00000018   Code   RO         2307    i.vListInsertEnd    list.o
    0x08007ef0   0x00000078   Code   RO         3609    i.vPortEnterCritical  port.o
    0x08007f68   0x00000064   Code   RO         3610    i.vPortExitCritical  port.o
    0x08007fcc   0x0000009c   Code   RO         3559    i.vPortFree         heap_4.o
    0x08008068   0x00000020   Code   RO         3611    i.vPortSetupTimerInterrupt  port.o
    0x08008088   0x0000008c   Code   RO         3612    i.vPortValidateInterruptPriority  port.o
    0x08008114   0x00000024   Code   RO         2350    i.vQueueAddToRegistry  queue.o
    0x08008138   0x00000044   Code   RO         2354    i.vQueueWaitForMessageRestricted  queue.o
    0x0800817c   0x0000006c   Code   RO         2575    i.vTaskDelay        tasks.o
    0x080081e8   0x000000cc   Code   RO         2577    i.vTaskDelete       tasks.o
    0x080082b4   0x0000000c   Code   RO         2581    i.vTaskMissedYield  tasks.o
    0x080082c0   0x00000054   Code   RO         2583    i.vTaskPlaceOnEventList  tasks.o
    0x08008314   0x0000005c   Code   RO         2584    i.vTaskPlaceOnEventListRestricted  tasks.o
    0x08008370   0x00000084   Code   RO         2586    i.vTaskPriorityInherit  tasks.o
    0x080083f4   0x00000048   Code   RO         2590    i.vTaskSetTimeOutState  tasks.o
    0x0800843c   0x00000094   Code   RO         2591    i.vTaskStartScheduler  tasks.o
    0x080084d0   0x000000d0   Code   RO         2592    i.vTaskSuspend      tasks.o
    0x080085a0   0x00000010   Code   RO         2593    i.vTaskSuspendAll   tasks.o
    0x080085b0   0x0000007c   Code   RO         2594    i.vTaskSwitchContext  tasks.o
    0x0800862c   0x00000012   Code   RO          685    i.wifi_init         wifi.o
    0x0800863e   0x00000002   PAD
    0x08008640   0x00000078   Code   RO         3613    i.xPortStartScheduler  port.o
    0x080086b8   0x0000002c   Code   RO         3614    i.xPortSysTickHandler  port.o
    0x080086e4   0x00000078   Code   RO         2359    i.xQueueGenericCreate  queue.o
    0x0800875c   0x00000184   Code   RO         2360    i.xQueueGenericReceive  queue.o
    0x080088e0   0x000000a8   Code   RO         2361    i.xQueueGenericReset  queue.o
    0x08008988   0x00000188   Code   RO         2362    i.xQueueGenericSend  queue.o
    0x08008b10   0x000000e0   Code   RO         2363    i.xQueueGenericSendFromISR  queue.o
    0x08008bf0   0x000000c8   Code   RO         2364    i.xQueueGiveFromISR  queue.o
    0x08008cb8   0x0000008c   Code   RO         2368    i.xQueuePeekFromISR  queue.o
    0x08008d44   0x00000088   Code   RO         2595    i.xTaskCheckForTimeOut  tasks.o
    0x08008dcc   0x00000056   Code   RO         2596    i.xTaskCreate       tasks.o
    0x08008e22   0x00000002   PAD
    0x08008e24   0x0000001c   Code   RO         2600    i.xTaskGetSchedulerState  tasks.o
    0x08008e40   0x0000000c   Code   RO         2601    i.xTaskGetTickCount  tasks.o
    0x08008e4c   0x000000e8   Code   RO         2603    i.xTaskIncrementTick  tasks.o
    0x08008f34   0x000000b4   Code   RO         2606    i.xTaskPriorityDisinherit  tasks.o
    0x08008fe8   0x00000098   Code   RO         2607    i.xTaskRemoveFromEventList  tasks.o
    0x08009080   0x000000e4   Code   RO         2609    i.xTaskResumeAll    tasks.o
    0x08009164   0x00000074   Code   RO         2913    i.xTimerCreate      timers.o
    0x080091d8   0x00000074   Code   RO         2914    i.xTimerCreateTimerTask  timers.o
    0x0800924c   0x00000090   Code   RO         2915    i.xTimerGenericCommand  timers.o
    0x080092dc   0x0000002c   Code   RO         4143    locale$$code        c_w.l(lc_numeric_c.o)
    0x08009308   0x00000062   Code   RO         3934    x$fpl$d2f           fz_ws.l(d2f.o)
    0x0800936a   0x00000002   PAD
    0x0800936c   0x00000150   Code   RO         3936    x$fpl$dadd          fz_ws.l(daddsub_clz.o)
    0x080094bc   0x00000010   Code   RO         4028    x$fpl$dcheck1       fz_ws.l(dcheck1.o)
    0x080094cc   0x000002b0   Code   RO         3943    x$fpl$ddiv          fz_ws.l(ddiv.o)
    0x0800977c   0x0000002e   Code   RO         3947    x$fpl$dflt          fz_ws.l(dflt_clz.o)
    0x080097aa   0x00000002   PAD
    0x080097ac   0x00000154   Code   RO         3952    x$fpl$dmul          fz_ws.l(dmul.o)
    0x08009900   0x0000009c   Code   RO         4030    x$fpl$dnaninf       fz_ws.l(dnaninf.o)
    0x0800999c   0x0000000c   Code   RO         4032    x$fpl$dretinf       fz_ws.l(dretinf.o)
    0x080099a8   0x00000016   Code   RO         3937    x$fpl$drsb          fz_ws.l(daddsub_clz.o)
    0x080099be   0x00000002   PAD
    0x080099c0   0x000001cc   Code   RO         4147    x$fpl$dsqrt         fz_ws.l(dsqrt_noumaal.o)
    0x08009b8c   0x000001d4   Code   RO         3938    x$fpl$dsub          fz_ws.l(daddsub_clz.o)
    0x08009d60   0x00000056   Code   RO         3954    x$fpl$f2d           fz_ws.l(f2d.o)
    0x08009db6   0x00000002   PAD
    0x08009db8   0x000000c4   Code   RO         3956    x$fpl$fadd          fz_ws.l(faddsub_clz.o)
    0x08009e7c   0x0000000c   Code   RO         4034    x$fpl$fcheck1       fz_ws.l(fcheck1.o)
    0x08009e88   0x00000184   Code   RO         3963    x$fpl$fdiv          fz_ws.l(fdiv.o)
    0x0800a00c   0x00000036   Code   RO         3966    x$fpl$ffix          fz_ws.l(ffix.o)
    0x0800a042   0x00000002   PAD
    0x0800a044   0x0000003e   Code   RO         3970    x$fpl$ffixu         fz_ws.l(ffixu.o)
    0x0800a082   0x00000002   PAD
    0x0800a084   0x00000030   Code   RO         3975    x$fpl$fflt          fz_ws.l(fflt_clz.o)
    0x0800a0b4   0x00000026   Code   RO         3974    x$fpl$ffltu         fz_ws.l(fflt_clz.o)
    0x0800a0da   0x00000002   PAD
    0x0800a0dc   0x00000102   Code   RO         3980    x$fpl$fmul          fz_ws.l(fmul.o)
    0x0800a1de   0x0000008c   Code   RO         4036    x$fpl$fnaninf       fz_ws.l(fnaninf.o)
    0x0800a26a   0x0000000a   Code   RO         4038    x$fpl$fretinf       fz_ws.l(fretinf.o)
    0x0800a274   0x000000ea   Code   RO         3958    x$fpl$fsub          fz_ws.l(faddsub_clz.o)
    0x0800a35e   0x00000004   Code   RO         3982    x$fpl$printf1       fz_ws.l(printf1.o)
    0x0800a362   0x00000064   Code   RO         4151    x$fpl$retnan        fz_ws.l(retnan.o)
    0x0800a3c6   0x0000005c   Code   RO         3984    x$fpl$scalbn        fz_ws.l(scalbn.o)
    0x0800a422   0x0000004c   Code   RO         3986    x$fpl$scalbnf       fz_ws.l(scalbnf.o)
    0x0800a46e   0x00000030   Code   RO         4217    x$fpl$trapveneer    fz_ws.l(trapv.o)
    0x0800a49e   0x00000000   Code   RO         4040    x$fpl$usenofp       fz_ws.l(usenofp.o)
    0x0800a49e   0x0000001b   Data   RO          987    .constdata          inv_mpu.o
    0x0800a4b9   0x00000001   PAD
    0x0800a4ba   0x0000000c   Data   RO          988    .constdata          inv_mpu.o
    0x0800a4c6   0x00000002   PAD
    0x0800a4c8   0x00000028   Data   RO          989    .constdata          inv_mpu.o
    0x0800a4f0   0x00000bf6   Data   RO         1293    .constdata          inv_mpu_dmp_motion_driver.o
    0x0800b0e6   0x00000200   Data   RO         3822    .constdata          crc16.o
    0x0800b2e6   0x00000011   Data   RO         3902    .constdata          c_w.l(__printf_flags_wp.o)
    0x0800b2f7   0x00000001   PAD
    0x0800b2f8   0x00000050   Data   RO         3990    .constdata          m_ws.l(asin.o)
    0x0800b348   0x00000098   Data   RO         4043    .constdata          m_ws.l(atan.o)
    0x0800b3e0   0x00000008   Data   RO         4069    .constdata          m_ws.l(qnan.o)
    0x0800b3e8   0x00000094   Data   RO         4114    .constdata          c_w.l(bigflt0.o)
    0x0800b47c   0x0000004d   Data   RO          990    .conststring        inv_mpu.o
    0x0800b4c9   0x00000003   PAD
    0x0800b4cc   0x00000020   Data   RO         4297    Region$$Table       anon$$obj.o
    0x0800b4ec   0x0000001c   Data   RO         4142    locale$$data        c_w.l(lc_numeric_c.o)


    Execution Region ER_RW (Base: 0x20000000, Size: 0x00000188, Max: 0xffffffff, ABSOLUTE, COMPRESSED[0x00000038])

    Base Addr    Size         Type   Attr      Idx    E Section Name        Object

    0x20000000   0x00000004   Data   RW            3    .data               main.o
    0x20000004   0x00000004   Data   RW            4    .data               main.o
    0x20000008   0x00000004   Data   RW            5    .data               main.o
    0x2000000c   0x00000004   Data   RW            6    .data               main.o
    0x20000010   0x00000004   Data   RW            7    .data               main.o
    0x20000014   0x00000004   Data   RW            8    .data               main.o
    0x20000018   0x00000004   Data   RW            9    .data               main.o
    0x2000001c   0x00000004   Data   RW           10    .data               main.o
    0x20000020   0x00000004   Data   RW           11    .data               main.o
    0x20000024   0x00000004   Data   RW           12    .data               main.o
    0x20000028   0x00000004   Data   RW           13    .data               main.o
    0x2000002c   0x00000004   Data   RW           14    .data               main.o
    0x20000030   0x00000004   Data   RW           15    .data               main.o
    0x20000034   0x00000004   Data   RW           16    .data               main.o
    0x20000038   0x00000004   Data   RW           17    .data               main.o
    0x2000003c   0x00000004   Data   RW           18    .data               main.o
    0x20000040   0x00000004   Data   RW           19    .data               main.o
    0x20000044   0x00000004   Data   RW           20    .data               main.o
    0x20000048   0x0000002c   Data   RW           21    .data               main.o
    0x20000074   0x00000014   Data   RW          352    .data               system_stm32f10x.o
    0x20000088   0x00000004   Data   RW          396    .data               os_appobjcreate.o
    0x2000008c   0x00000004   Data   RW          397    .data               os_appobjcreate.o
    0x20000090   0x00000004   Data   RW          398    .data               os_appobjcreate.o
    0x20000094   0x00000004   Data   RW          399    .data               os_appobjcreate.o
    0x20000098   0x00000002   Data   RW          400    .data               os_appobjcreate.o
    0x2000009a   0x00000002   Data   RW          401    .data               os_appobjcreate.o
    0x2000009c   0x00000008   Data   RW          645    .data               timer_encoder.o
    0x200000a4   0x0000001c   Data   RW          738    .data               timer_read_encoder.o
    0x200000c0   0x00000035   Data   RW          991    .data               inv_mpu.o
    0x200000f5   0x00000001   PAD
    0x200000f6   0x00000004   Data   RW         1443    .data               delay.o
    0x200000fa   0x00000002   Data   RW         1510    .data               usart.o
    0x200000fc   0x00000004   Data   RW         1511    .data               usart.o
    0x20000100   0x00000014   Data   RW         1773    .data               stm32f10x_rcc.o
    0x20000114   0x0000003c   Data   RW         2612    .data               tasks.o
    0x20000150   0x00000014   Data   RW         2923    .data               timers.o
    0x20000164   0x00000018   Data   RW         3564    .data               heap_4.o
    0x2000017c   0x0000000c   Data   RW         3615    .data               port.o


    Execution Region ER_ZI (Base: 0x20000188, Size: 0x000071e8, Max: 0xffffffff, ABSOLUTE)

    Base Addr    Size         Type   Attr      Idx    E Section Name        Object

    0x20000188   0x0000000c   Zero   RW          380    .bss                os_appobjcreate.o
    0x20000194   0x0000000c   Zero   RW          381    .bss                os_appobjcreate.o
    0x200001a0   0x00000104   Zero   RW          382    .bss                os_appobjcreate.o
    0x200002a4   0x00000200   Zero   RW          686    .bss                wifi.o
    0x200004a4   0x00000010   Zero   RW         1292    .bss                inv_mpu_dmp_motion_driver.o
    0x200004b4   0x000000c8   Zero   RW         1509    .bss                usart.o
    0x2000057c   0x00000040   Zero   RW         2374    .bss                queue.o
    0x200005bc   0x000002e4   Zero   RW         2611    .bss                tasks.o
    0x200008a0   0x00000028   Zero   RW         2922    .bss                timers.o
    0x200008c8   0x00006400   Zero   RW         3563    .bss                heap_4.o
    0x20006cc8   0x00000024   Zero   RW         3709    .bss                task_motor1_pid.o
    0x20006cec   0x00000024   Zero   RW         3751    .bss                task_motor2_pid.o
    0x20006d10   0x00000060   Zero   RW         4154    .bss                c_w.l(libspace.o)
    0x20006d70   0x00000200   Zero   RW         1561    HEAP                startup_stm32f10x_hd.o
    0x20006f70   0x00000400   Zero   RW         1560    STACK               startup_stm32f10x_hd.o


==============================================================================

Image component sizes


      Code (inc. data)   RO Data    RW Data    ZI Data      Debug   Object Name

       112         32          0          0          0        527   bsp_init.o
        94          8        512          0          0       2102   crc16.o
       192         46          0          0          0       1999   data_init.o
       200         20          0          4          0       2169   delay.o
         0          0          0          0          0      10256   event_groups.o
       584        138          0         24      25600       3555   heap_4.o
       600         66          0          0          0       4854   iic.o
      5312        282        156         53          0      28166   inv_mpu.o
      2354        116       3062          0         16      18706   inv_mpu_dmp_motion_driver.o
        52          4          0          0          0        475   led.o
       136          0          0          0          0       2714   list.o
       508        218          0        116          0     280990   main.o
       144         16          0          0          0       1869   misc.o
        52          4          0          0          0        505   motor_dir_output.o
       870         50          0          0          0       8811   mpu6050.o
      1356        912          0         20        284       5983   os_appobjcreate.o
       284         28          0          0          0       1425   pid.o
       842        312          0         12          0       9765   port.o
       858          8          0          0          0       6043   protocol.o
       382         24          0          0          0       2296   pwm.o
      2172        310          0          0         64      12517   queue.o
        64         26        304          0       1536        780   startup_stm32f10x_hd.o
       382         26          0          0          0       5755   stm32f10x_dma.o
       264          6          0          0          0       3355   stm32f10x_gpio.o
        12          0          0          0          0       2345   stm32f10x_it.o
       220         34          0         20          0       4770   stm32f10x_rcc.o
      1244        122          0          0          0      14682   stm32f10x_tim.o
       338          6          0          0          0       5531   stm32f10x_usart.o
         0          0          0          0          0         32   sys.o
       248         24          0         20          0       1649   system_stm32f10x.o
        36          4          0          0          0        468   task_idletask.o
       164         52          0          0          0       1132   task_motor1_dir.o
       192         32          0          0         36       2015   task_motor1_pid.o
        92         16          0          0          0        570   task_motor1_pwm.o
       164         52          0          0          0       1132   task_motor2_dir.o
       188         32          0          0         36       2015   task_motor2_pid.o
        88         12          0          0          0        570   task_motor2_pwm.o
       488        204          0          0          0        835   task_mpu6050.o
      2032        524          0          0          0       3498   task_wifi.o
        96         10          0          0          0       1230   task_wifi_send.o
      2966        724          0         60        740      27426   tasks.o
       598         44          0          8          0       4191   timer_encoder.o
       350         50          0         28          0       4511   timer_read_encoder.o
      1144        260          0         20         40       8314   timers.o
       286         26          0          6        200       3948   usart.o
       962         96          0          0        512       5239   wifi.o

    ----------------------------------------------------------------------
     29770       4976       4072        392      29064     511720   Object Totals
         0          0         32          0          0          0   (incl. Generated)
        48          0          6          1          0          0   (incl. Padding)

    ----------------------------------------------------------------------

      Code (inc. data)   RO Data    RW Data    ZI Data      Debug   Library Member Name

        90          0          0          0          0          0   __dczerorl2.o
         8          0          0          0          0         68   __main.o
       312          4         17          0          0         92   __printf_flags_wp.o
        14          0          0          0          0         68   __printf_wp.o
         0          0          0          0          0          0   __rtentry.o
        12          0          0          0          0          0   __rtentry2.o
         6          0          0          0          0          0   __rtentry4.o
        52          8          0          0          0          0   __scatter.o
        28          0          0          0          0          0   __scatter_zi.o
        44          0          0          0          0        108   _printf_char.o
        48          6          0          0          0         96   _printf_char_common.o
        36          4          0          0          0         80   _printf_char_file.o
         6          0          0          0          0          0   _printf_d.o
       120         16          0          0          0         92   _printf_dec.o
         6          0          0          0          0          0   _printf_f.o
      1050          0          0          0          0        216   _printf_fp_dec.o
       128         16          0          0          0         84   _printf_fp_infnan.o
       178          0          0          0          0         88   _printf_intcommon.o
         0          0          0          0          0          0   _printf_percent.o
         4          0          0          0          0          0   _printf_percent_end.o
         6          0          0          0          0          0   _printf_s.o
        82          0          0          0          0         80   _printf_str.o
        22          0          0          0          0        100   _rserrno.o
        16          0          0          0          0         68   aeabi_memset.o
       220          4        148          0          0         96   bigflt0.o
      1910        128          0          0          0        672   btod.o
        12          0          0          0          0         72   exit.o
         8          0          0          0          0         68   ferror.o
         6          0          0          0          0        152   heapauxi.o
        44         10         28          0          0         76   lc_numeric_c.o
         2          0          0          0          0          0   libinit.o
        18          0          0          0          0          0   libinit2.o
         2          0          0          0          0          0   libshutdown.o
         2          0          0          0          0          0   libshutdown2.o
         8          4          0          0         96         68   libspace.o
        72          0          0          0          0         76   llsdiv.o
       138          0          0          0          0         80   lludiv10.o
       238          0          0          0          0        100   lludivv7m.o
        88          0          0          0          0         76   memcmp.o
        24          4          0          0          0         84   noretval__2printf.o
         8          4          0          0          0         68   rt_errno_addr_intlibspace.o
         8          4          0          0          0         68   rt_locale_intlibspace.o
        68          0          0          0          0         68   rt_memclr.o
        78          0          0          0          0         80   rt_memclr_w.o
       138          0          0          0          0         68   rt_memcpy_v6.o
       100          0          0          0          0         80   rt_memcpy_w.o
         2          0          0          0          0          0   rtexit.o
        10          0          0          0          0          0   rtexit2.o
       128          0          0          0          0         68   strcmpv7m.o
        74          0          0          0          0         80   sys_stackheap_outer.o
         2          0          0          0          0         68   use_no_semi.o
         2          0          0          0          0         68   use_no_semi_2.o
        98          4          0          0          0         92   d2f.o
       826         16          0          0          0        348   daddsub_clz.o
        16          4          0          0          0         68   dcheck1.o
       688        140          0          0          0        208   ddiv.o
        46          0          0          0          0         68   dflt_clz.o
       340         12          0          0          0        104   dmul.o
       156          4          0          0          0         92   dnaninf.o
        12          0          0          0          0         68   dretinf.o
       460         56          0          0          0        120   dsqrt_noumaal.o
        86          4          0          0          0         84   f2d.o
       430          8          0          0          0        168   faddsub_clz.o
        12          4          0          0          0         68   fcheck1.o
       388         76          0          0          0         96   fdiv.o
        54          4          0          0          0         84   ffix.o
        62          4          0          0          0         84   ffixu.o
        86          0          0          0          0        136   fflt_clz.o
       258          4          0          0          0         84   fmul.o
       140          4          0          0          0         84   fnaninf.o
        10          0          0          0          0         68   fretinf.o
         4          0          0          0          0         68   printf1.o
       100          0          0          0          0         68   retnan.o
        92          0          0          0          0         68   scalbn.o
        76          0          0          0          0         68   scalbnf.o
        48          0          0          0          0         68   trapv.o
         0          0          0          0          0          0   usenofp.o
       624         52         80          0          0        168   asin.o
       544         70        152          0          0        124   atan.o
       384         38          0          0          0        144   atan2.o
        38          6          0          0          0        272   dunder.o
        40          0          0          0          0         68   fpclassify.o
       170          0          0          0          0         96   poly.o
         0          0          8          0          0          0   qnan.o
        76          0          0          0          0         84   sqrt.o

    ----------------------------------------------------------------------
     12068        722        434          0         96       6996   Library Totals
        26          0          1          0          0          0   (incl. Padding)

    ----------------------------------------------------------------------

      Code (inc. data)   RO Data    RW Data    ZI Data      Debug   Library Name

      5678        212        193          0         96       3576   c_w.l
      4488        344          0          0          0       2464   fz_ws.l
      1876        166        240          0          0        956   m_ws.l

    ----------------------------------------------------------------------
     12068        722        434          0         96       6996   Library Totals

    ----------------------------------------------------------------------

==============================================================================


      Code (inc. data)   RO Data    RW Data    ZI Data      Debug   

     41838       5698       4506        392      29160     501240   Grand Totals
     41838       5698       4506         56      29160     501240   ELF Image Totals (compressed)
     41838       5698       4506         56          0          0   ROM Totals

==============================================================================

    Total RO  Size (Code + RO Data)                46344 (  45.26kB)
    Total RW  Size (RW Data + ZI Data)             29552 (  28.86kB)
    Total ROM Size (Code + RO Data + RW Data)      46400 (  45.31kB)

==============================================================================

