Component: ARM Compiler 5.05 update 1 (build 106) Tool: armlink [4d0efa]

==============================================================================

Section Cross References

    main.o(i.main) refers to misc.o(i.NVIC_PriorityGroupConfig) for NVIC_PriorityGroupConfig
    main.o(i.main) refers to delay.o(i.delay_init) for delay_init
    main.o(i.main) refers to bsp_init.o(i.Bsp_init) for Bsp_init
    main.o(i.main) refers to os_appobjcreate.o(i.OS_AppObjCreate) for OS_AppObjCreate
    main.o(i.main) refers to tasks.o(i.xTaskCreate) for xTaskCreate
    main.o(i.main) refers to tasks.o(i.vTaskStartScheduler) for vTaskStartScheduler
    main.o(i.main) refers to main.o(.data) for .data
    main.o(i.main) refers to main.o(i.start_task) for start_task
    main.o(i.start_task) refers to data_init.o(i.init_set) for init_set
    main.o(i.start_task) refers to port.o(i.vPortEnterCritical) for vPortEnterCritical
    main.o(i.start_task) refers to tasks.o(i.xTaskCreate) for xTaskCreate
    main.o(i.start_task) refers to tasks.o(i.vTaskDelete) for vTaskDelete
    main.o(i.start_task) refers to port.o(i.vPortExitCritical) for vPortExitCritical
    main.o(i.start_task) refers to main.o(.data) for .data
    main.o(i.start_task) refers to task_motor1_dir.o(i.motor1_dir_task) for motor1_dir_task
    main.o(i.start_task) refers to task_motor1_pwm.o(i.motor1_pwm_task) for motor1_pwm_task
    main.o(i.start_task) refers to task_motor2_dir.o(i.motor2_dir_task) for motor2_dir_task
    main.o(i.start_task) refers to task_motor2_pwm.o(i.motor2_pwm_task) for motor2_pwm_task
    main.o(i.start_task) refers to task_motor1_pid.o(i.motor1_PID_task) for motor1_PID_task
    main.o(i.start_task) refers to task_encoder1.o(i.Encoder1_task) for Encoder1_task
    main.o(i.start_task) refers to task_wifi.o(i.WIFI_task) for WIFI_task
    main.o(i.start_task) refers to task_idletask.o(i.Idle_task) for Idle_task
    system_stm32f10x.o(i.SystemCoreClockUpdate) refers to system_stm32f10x.o(.data) for .data
    system_stm32f10x.o(i.SystemInit) refers to system_stm32f10x.o(i.SetSysClockTo72) for SetSysClockTo72
    os_appobjcreate.o(i.OS_AppObjCreate) refers to os_appobjcreate.o(i.QueueCreate) for QueueCreate
    os_appobjcreate.o(i.OS_AppObjCreate) refers to queue.o(i.xQueueGenericCreate) for xQueueGenericCreate
    os_appobjcreate.o(i.OS_AppObjCreate) refers to main.o(.data) for BinarySemaphore_Motor1_DirChange
    os_appobjcreate.o(i.OS_AppObjCreate) refers to main.o(.data) for BinarySemaphore_Motor1_SpeedChange
    os_appobjcreate.o(i.OS_AppObjCreate) refers to main.o(.data) for BinarySemaphore_Motor2_DirChange
    os_appobjcreate.o(i.OS_AppObjCreate) refers to main.o(.data) for BinarySemaphore_Motor2_SpeedChange
    os_appobjcreate.o(i.OS_AppObjCreate) refers to main.o(.data) for BinarySemaphore_USART2ISR
    os_appobjcreate.o(i.QueueCreate) refers to queue.o(i.xQueueGenericCreate) for xQueueGenericCreate
    os_appobjcreate.o(i.QueueCreate) refers to noretval__2printf.o(.text) for __2printf
    os_appobjcreate.o(i.QueueCreate) refers to main.o(.data) for Motor1_Direction_Queue
    os_appobjcreate.o(i.QueueCreate) refers to main.o(.data) for Motor1_PWM_Queue
    os_appobjcreate.o(i.QueueCreate) refers to main.o(.data) for Motor2_Direction_Queue
    os_appobjcreate.o(i.QueueCreate) refers to main.o(.data) for Motor2_PWM_Queue
    os_appobjcreate.o(i.QueueCreate) refers to main.o(.data) for Wifi_buffer_Queue
    os_appobjcreate.o(i.QueueCreate) refers to main.o(.data) for Encoder1_Overflow_Queue
    os_appobjcreate.o(i.QueueCreate) refers to main.o(.data) for Encoder1_Status_Queue
    os_appobjcreate.o(i.QueueCreate) refers to main.o(.data) for Motor1_PID_Parameter_Queue
    os_appobjcreate.o(i.QueueCreate) refers to main.o(.data) for Motor1_Ctrl_Parameter_Queue
    data_init.o(i.Encoder1_data_init) refers to queue.o(i.xQueueGenericSend) for xQueueGenericSend
    data_init.o(i.Encoder1_data_init) refers to os_appobjcreate.o(.bss) for Motor1_PID_struct_init
    data_init.o(i.Encoder1_data_init) refers to os_appobjcreate.o(.data) for Encoder_struct_init
    data_init.o(i.Encoder1_data_init) refers to main.o(.data) for Motor1_PID_Parameter_Queue
    data_init.o(i.Encoder1_data_init) refers to main.o(.data) for Encoder1_Overflow_Queue
    data_init.o(i.Encoder1_data_init) refers to main.o(.data) for Encoder1_Status_Queue
    data_init.o(i.init_set) refers to data_init.o(i.Encoder1_data_init) for Encoder1_data_init
    protocol.o(i.DeserializeBuffer) refers to crc16.o(i.CRC16) for CRC16
    protocol.o(i.DeserializeBuffer) refers to crc16.o(i.Combine_CRC_2Byte) for Combine_CRC_2Byte
    protocol.o(i.DeserializeBuffer) refers to protocol.o(i.Deserialize_Ctrl_obj) for Deserialize_Ctrl_obj
    protocol.o(i.DeserializeBuffer) refers to protocol.o(i.uchar_to_float_speed) for uchar_to_float_speed
    protocol.o(i.DeserializeBuffer) refers to protocol.o(i.uchar_to_float_PID) for uchar_to_float_PID
[...]
    tenpwrs_x                                0x0800604c   Data          60  bigflt0.o(.constdata)
    tenpwrs_i                                0x08006088   Data          64  bigflt0.o(.constdata)
    locale$$data                             0x08006100   Section       28  lc_numeric_c.o(locale$$data)
    __lcnum_c_name                           0x08006104   Data           2  lc_numeric_c.o(locale$$data)
    __lcnum_c_start                          0x0800610c   Data           0  lc_numeric_c.o(locale$$data)
    __lcnum_c_point                          0x08006118   Data           0  lc_numeric_c.o(locale$$data)
    __lcnum_c_thousands                      0x0800611a   Data           0  lc_numeric_c.o(locale$$data)
    __lcnum_c_grouping                       0x0800611b   Data           0  lc_numeric_c.o(locale$$data)
    __lcnum_c_end                            0x0800611c   Data           0  lc_numeric_c.o(locale$$data)
    .data                                    0x20000000   Section        4  main.o(.data)
    .data                                    0x20000004   Section        4  main.o(.data)
    .data                                    0x20000008   Section        4  main.o(.data)
    .data                                    0x2000000c   Section        4  main.o(.data)
    .data                                    0x20000010   Section        4  main.o(.data)
    .data                                    0x20000014   Section        4  main.o(.data)
    .data                                    0x20000018   Section        4  main.o(.data)
    .data                                    0x2000001c   Section        4  main.o(.data)
    .data                                    0x20000020   Section        4  main.o(.data)
    .data                                    0x20000024   Section        4  main.o(.data)
    .data                                    0x20000028   Section        4  main.o(.data)
    .data                                    0x2000002c   Section        4  main.o(.data)
    .data                                    0x20000030   Section        4  main.o(.data)
    .data                                    0x20000034   Section        4  main.o(.data)
    .data                                    0x20000038   Section       36  main.o(.data)
    .data                                    0x2000005c   Section       20  system_stm32f10x.o(.data)
    .data                                    0x20000070   Section        4  os_appobjcreate.o(.data)
    .data                                    0x20000074   Section        4  os_appobjcreate.o(.data)
    .data                                    0x20000078   Section        2  os_appobjcreate.o(.data)
    .data                                    0x2000007a   Section        2  os_appobjcreate.o(.data)
    .data                                    0x2000007c   Section        4  timer_encoder.o(.data)
    .data                                    0x20000080   Section       16  timer_read_encoder.o(.data)
    .data                                    0x20000090   Section        4  delay.o(.data)
    fac_us                                   0x20000090   Data           1  delay.o(.data)
    fac_ms                                   0x20000092   Data           2  delay.o(.data)
    .data                                    0x20000094   Section        2  usart.o(.data)
    .data                                    0x20000098   Section        4  usart.o(.data)
    .data                                    0x2000009c   Section       20  stm32f10x_rcc.o(.data)
    ADCPrescTable                            0x2000009c   Data           4  stm32f10x_rcc.o(.data)
    APBAHBPrescTable                         0x200000a0   Data          16  stm32f10x_rcc.o(.data)
    .data                                    0x200000b0   Section       60  tasks.o(.data)
    uxDeletedTasksWaitingCleanUp             0x200000b4   Data           4  tasks.o(.data)
    uxCurrentNumberOfTasks                   0x200000b8   Data           4  tasks.o(.data)
    xTickCount                               0x200000bc   Data           4  tasks.o(.data)
    uxTopReadyPriority                       0x200000c0   Data           4  tasks.o(.data)
    xSchedulerRunning                        0x200000c4   Data           4  tasks.o(.data)
    uxPendedTicks                            0x200000c8   Data           4  tasks.o(.data)
    xYieldPending                            0x200000cc   Data           4  tasks.o(.data)
    xNumOfOverflows                          0x200000d0   Data           4  tasks.o(.data)
    uxTaskNumber                             0x200000d4   Data           4  tasks.o(.data)
    xNextTaskUnblockTime                     0x200000d8   Data           4  tasks.o(.data)
    xIdleTaskHandle                          0x200000dc   Data           4  tasks.o(.data)
    uxSchedulerSuspended                     0x200000e0   Data           4  tasks.o(.data)
    pxDelayedTaskList                        0x200000e4   Data           4  tasks.o(.data)
    pxOverflowDelayedTaskList                0x200000e8   Data           4  tasks.o(.data)
    .data                                    0x200000ec   Section       20  timers.o(.data)
    xTimerQueue                              0x200000ec   Data           4  timers.o(.data)
    xTimerTaskHandle                         0x200000f0   Data           4  timers.o(.data)
    xLastTime                                0x200000f4   Data           4  timers.o(.data)
    pxCurrentTimerList                       0x200000f8   Data           4  timers.o(.data)
    pxOverflowTimerList                      0x200000fc   Data           4  timers.o(.data)
    .data                                    0x20000100   Section       24  heap_4.o(.data)
    pxEnd                                    0x20000100   Data           4  heap_4.o(.data)
    xFreeBytesRemaining                      0x20000104   Data           4  heap_4.o(.data)
    xMinimumEverFreeBytesRemaining           0x20000108   Data           4  heap_4.o(.data)
    xBlockAllocatedBit                       0x2000010c   Data           4  heap_4.o(.data)
    xStart                                   0x20000110   Data           8  heap_4.o(.data)
    .data                                    0x20000118   Section       12  port.o(.data)
    ucMaxSysCallPriority                     0x20000118   Data           1  port.o(.data)
    uxCriticalNesting                        0x2000011c   Data           4  port.o(.data)
    ulMaxPRIGROUPValue                       0x20000120   Data           4  port.o(.data)
    .bss                                     0x20000124   Section       12  os_appobjcreate.o(.bss)
    .bss                                     0x20000130   Section      260  os_appobjcreate.o(.bss)
    .bss                                     0x20000234   Section      512  wifi.o(.bss)
    DMA_Send_Buf                             0x20000234   Data         256  wifi.o(.bss)
    DMA_Receive_Buf                          0x20000334   Data         256  wifi.o(.bss)
    .bss                                     0x20000434   Section      200  usart.o(.bss)
    .bss                                     0x200004fc   Section       64  queue.o(.bss)
    .bss                                     0x2000053c   Section      740  tasks.o(.bss)
    pxReadyTasksLists                        0x2000053c   Data         640  tasks.o(.bss)
    xDelayedTaskList1                        0x200007bc   Data          20  tasks.o(.bss)
    xDelayedTaskList2                        0x200007d0   Data          20  tasks.o(.bss)
    xPendingReadyList                        0x200007e4   Data          20  tasks.o(.bss)
    xTasksWaitingTermination                 0x200007f8   Data          20  tasks.o(.bss)
    xSuspendedTaskList                       0x2000080c   Data          20  tasks.o(.bss)
    .bss                                     0x20000820   Section       40  timers.o(.bss)
    xActiveTimerList1                        0x20000820   Data          20  timers.o(.bss)
    xActiveTimerList2                        0x20000834   Data          20  timers.o(.bss)
    .bss                                     0x20000848   Section    20480  heap_4.o(.bss)
    ucHeap                                   0x20000848   Data       20480  heap_4.o(.bss)
    .bss                                     0x20005848   Section       36  task_motor1_pid.o(.bss)
    .bss                                     0x2000586c   Section       96  libspace.o(.bss)
    HEAP                                     0x200058d0   Section      512  startup_stm32f10x_hd.o(HEAP)
    Heap_Mem                                 0x200058d0   Data         512  startup_stm32f10x_hd.o(HEAP)
    STACK                                    0x20005ad0   Section     1024  startup_stm32f10x_hd.o(STACK)
    Stack_Mem                                0x20005ad0   Data        1024  startup_stm32f10x_hd.o(STACK)
    __initial_sp                             0x20005ed0   Data           0  startup_stm32f10x_hd.o(STACK)

    Global Symbols

    Symbol Name                              Value     Ov Type        Size  Object(Section)

    BuildAttributes$$THM_ISAv4$P$D$K$B$S$PE$A:L22UL41UL21$X:L11$S22US41US21$IEEE1$IW$USESV6$~STKCKD$USESV7$~SHL$OTIME$ROPI$IEEEJ$EBA8$UX$STANDARDLIB$REQ8$PRES8$EABIv2 0x00000000   Number         0  anon$$obj.o ABSOLUTE
    __ARM_use_no_argv                        0x00000000   Number         0  main.o ABSOLUTE
    __ARM_exceptions_init                     - Undefined Weak Reference
    __alloca_initialize                       - Undefined Weak Reference
    __arm_preinit_                            - Undefined Weak Reference
    __cpp_initialize__aeabi_                  - Undefined Weak Reference
    __cxa_finalize                            - Undefined Weak Reference
    __sigvec_lookup                           - Undefined Weak Reference
    _atexit_init                              - Undefined Weak Reference
    _call_atexit_fns                          - Undefined Weak Reference
    _clock_init                               - Undefined Weak Reference
    _fp_trap_init                             - Undefined Weak Reference
    _fp_trap_shutdown                         - Undefined Weak Reference
    _get_lc_collate                           - Undefined Weak Reference
    _get_lc_ctype                             - Undefined Weak Reference
    _get_lc_monetary                          - Undefined Weak Reference
    _get_lc_time                              - Undefined Weak Reference
    _getenv_init                              - Undefined Weak Reference
    _handle_redirection                       - Undefined Weak Reference
    _init_alloc                               - Undefined Weak Reference
    _init_user_alloc                          - Undefined Weak Reference
    _initio                                   - Undefined Weak Reference
    _mutex_acquire                            - Undefined Weak Reference
    _mutex_release                            - Undefined Weak Reference
    _printf_mbtowc                            - Undefined Weak Reference
    _printf_post_padding                      - Undefined Weak Reference
    _printf_pre_padding                       - Undefined Weak Reference
    _printf_truncate_signed                   - Undefined Weak Reference
    _printf_truncate_unsigned                 - Undefined Weak Reference
    _rand_init                                - Undefined Weak Reference
    _signal_finish                            - Undefined Weak Reference
    _signal_init                              - Undefined Weak Reference
    _terminate_alloc                          - Undefined Weak Reference
    _terminate_user_alloc                     - Undefined Weak Reference
    _terminateio                              - Undefined Weak Reference
    __Vectors_Size                           0x00000130   Number         0  startup_stm32f10x_hd.o ABSOLUTE
    __Vectors                                0x08000000   Data           4  startup_stm32f10x_hd.o(RESET)
    __Vectors_End                            0x08000130   Data           0  startup_stm32f10x_hd.o(RESET)
    __main                                   0x08000131   Thumb Code     8  __main.o(!!!main)
    __scatterload                            0x08000139   Thumb Code     0  __scatter.o(!!!scatter)
    __scatterload_rt2                        0x08000139   Thumb Code    44  __scatter.o(!!!scatter)
    __scatterload_rt2_thumb_only             0x08000139   Thumb Code     0  __scatter.o(!!!scatter)
    __scatterload_null                       0x08000147   Thumb Code     0  __scatter.o(!!!scatter)
    __scatterload_copy                       0x0800016d   Thumb Code    26  __scatter_copy.o(!!handler_copy)
    __scatterload_zeroinit                   0x08000189   Thumb Code    28  __scatter_zi.o(!!handler_zi)
    _printf_f                                0x080001a5   Thumb Code     0  _printf_f.o(.ARM.Collect$$_printf_percent$$00000003)
    _printf_percent                          0x080001a5   Thumb Code     0  _printf_percent.o(.ARM.Collect$$_printf_percent$$00000000)
    _printf_d                                0x080001ab   Thumb Code     0  _printf_d.o(.ARM.Collect$$_printf_percent$$00000009)
    _printf_s                                0x080001b1   Thumb Code     0  _printf_s.o(.ARM.Collect$$_printf_percent$$00000014)
    _printf_percent_end                      0x080001b7   Thumb Code     0  _printf_percent_end.o(.ARM.Collect$$_printf_percent$$00000017)
    __rt_lib_init                            0x080001bb   Thumb Code     0  libinit.o(.ARM.Collect$$libinit$$00000000)
    __rt_lib_init_fp_1                       0x080001bd   Thumb Code     0  libinit2.o(.ARM.Collect$$libinit$$00000002)
    __rt_lib_init_heap_1                     0x080001bd   Thumb Code     0  libinit2.o(.ARM.Collect$$libinit$$0000000A)
    __rt_lib_init_lc_common                  0x080001bd   Thumb Code     0  libinit2.o(.ARM.Collect$$libinit$$0000000F)
    __rt_lib_init_preinit_1                  0x080001bd   Thumb Code     0  libinit2.o(.ARM.Collect$$libinit$$00000004)
    __rt_lib_init_rand_1                     0x080001bd   Thumb Code     0  libinit2.o(.ARM.Collect$$libinit$$0000000E)
    __rt_lib_init_user_alloc_1               0x080001bd   Thumb Code     0  libinit2.o(.ARM.Collect$$libinit$$0000000C)
    __rt_lib_init_lc_collate_1               0x080001c3   Thumb Code     0  libinit2.o(.ARM.Collect$$libinit$$00000011)
    __rt_lib_init_lc_ctype_1                 0x080001c3   Thumb Code     0  libinit2.o(.ARM.Collect$$libinit$$00000013)
    __rt_lib_init_lc_monetary_1              0x080001c3   Thumb Code     0  libinit2.o(.ARM.Collect$$libinit$$00000015)
    __rt_lib_init_lc_numeric_2               0x080001c3   Thumb Code     0  libinit2.o(.ARM.Collect$$libinit$$00000016)
    __rt_lib_init_alloca_1                   0x080001cd   Thumb Code     0  libinit2.o(.ARM.Collect$$libinit$$0000002E)
    __rt_lib_init_argv_1                     0x080001cd   Thumb Code     0  libinit2.o(.ARM.Collect$$libinit$$0000002C)
    __rt_lib_init_atexit_1                   0x080001cd   Thumb Code     0  libinit2.o(.ARM.Collect$$libinit$$0000001B)
    __rt_lib_init_clock_1                    0x080001cd   Thumb Code     0  libinit2.o(.ARM.Collect$$libinit$$00000021)
    __rt_lib_init_cpp_1                      0x080001cd   Thumb Code     0  libinit2.o(.ARM.Collect$$libinit$$00000032)
    __rt_lib_init_exceptions_1               0x080001cd   Thumb Code     0  libinit2.o(.ARM.Collect$$libinit$$00000030)
    __rt_lib_init_fp_trap_1                  0x080001cd   Thumb Code     0  libinit2.o(.ARM.Collect$$libinit$$0000001F)
    __rt_lib_init_getenv_1                   0x080001cd   Thumb Code     0  libinit2.o(.ARM.Collect$$libinit$$00000023)
    __rt_lib_init_lc_numeric_1               0x080001cd   Thumb Code     0  libinit2.o(.ARM.Collect$$libinit$$00000017)
    __rt_lib_init_lc_time_1                  0x080001cd   Thumb Code     0  libinit2.o(.ARM.Collect$$libinit$$00000019)
    __rt_lib_init_return                     0x080001cd   Thumb Code     0  libinit2.o(.ARM.Collect$$libinit$$00000033)
    __rt_lib_init_signal_1                   0x080001cd   Thumb Code     0  libinit2.o(.ARM.Collect$$libinit$$0000001D)
    __rt_lib_init_stdio_1                    0x080001cd   Thumb Code     0  libinit2.o(.ARM.Collect$$libinit$$00000025)
    __rt_lib_shutdown                        0x080001cf   Thumb Code     0  libshutdown.o(.ARM.Collect$$libshutdown$$00000000)
    __rt_lib_shutdown_fp_trap_1              0x080001d1   Thumb Code     0  libshutdown2.o(.ARM.Collect$$libshutdown$$00000006)
    __rt_lib_shutdown_heap_1                 0x080001d1   Thumb Code     0  libshutdown2.o(.ARM.Collect$$libshutdown$$0000000E)
    __rt_lib_shutdown_return                 0x080001d1   Thumb Code     0  libshutdown2.o(.ARM.Collect$$libshutdown$$0000000F)
    __rt_lib_shutdown_signal_1               0x080001d1   Thumb Code     0  libshutdown2.o(.ARM.Collect$$libshutdown$$00000009)
    __rt_lib_shutdown_stdio_1                0x080001d1   Thumb Code     0  libshutdown2.o(.ARM.Collect$$libshutdown$$00000003)
    __rt_lib_shutdown_user_alloc_1           0x080001d1   Thumb Code     0  libshutdown2.o(.ARM.Collect$$libshutdown$$0000000B)
    __rt_entry                               0x080001d3   Thumb Code     0  __rtentry.o(.ARM.Collect$$rtentry$$00000000)
    __rt_entry_presh_1                       0x080001d3   Thumb Code     0  __rtentry2.o(.ARM.Collect$$rtentry$$00000002)
    __rt_entry_sh                            0x080001d3   Thumb Code     0  __rtentry4.o(.ARM.Collect$$rtentry$$00000004)
    __rt_entry_li                            0x080001d9   Thumb Code     0  __rtentry2.o(.ARM.Collect$$rtentry$$0000000A)
    __rt_entry_postsh_1                      0x080001d9   Thumb Code     0  __rtentry2.o(.ARM.Collect$$rtentry$$00000009)
    __rt_entry_main                          0x080001dd   Thumb Code     0  __rtentry2.o(.ARM.Collect$$rtentry$$0000000D)
    __rt_entry_postli_1                      0x080001dd   Thumb Code     0  __rtentry2.o(.ARM.Collect$$rtentry$$0000000C)
    __rt_exit                                0x080001e5   Thumb Code     0  rtexit.o(.ARM.Collect$$rtexit$$00000000)
    __rt_exit_ls                             0x080001e7   Thumb Code     0  rtexit2.o(.ARM.Collect$$rtexit$$00000003)
    __rt_exit_prels_1                        0x080001e7   Thumb Code     0  rtexit2.o(.ARM.Collect$$rtexit$$00000002)
    __rt_exit_exit                           0x080001eb   Thumb Code     0  rtexit2.o(.ARM.Collect$$rtexit$$00000004)
    SVC_Handler                              0x080001f1   Thumb Code    32  port.o(.emb_text)
    __asm___6_port_c_39a90d8d__prvStartFirstTask 0x08000215   Thumb Code    28  port.o(.emb_text)
    PendSV_Handler                           0x08000235   Thumb Code    72  port.o(.emb_text)
    vPortGetIPSR                             0x08000281   Thumb Code     6  port.o(.emb_text)
    Reset_Handler                            0x08000289   Thumb Code     8  startup_stm32f10x_hd.o(.text)
    ADC1_2_IRQHandler                        0x080002a3   Thumb Code     0  startup_stm32f10x_hd.o(.text)
    ADC3_IRQHandler                          0x080002a3   Thumb Code     0  startup_stm32f10x_hd.o(.text)
    CAN1_RX1_IRQHandler                      0x080002a3   Thumb Code     0  startup_stm32f10x_hd.o(.text)
    CAN1_SCE_IRQHandler                      0x080002a3   Thumb Code     0  startup_stm32f10x_hd.o(.text)
    DMA1_Channel1_IRQHandler                 0x080002a3   Thumb Code     0  startup_stm32f10x_hd.o(.text)
    DMA1_Channel2_IRQHandler                 0x080002a3   Thumb Code     0  startup_stm32f10x_hd.o(.text)
    DMA1_Channel3_IRQHandler                 0x080002a3   Thumb Code     0  startup_stm32f10x_hd.o(.text)
    DMA1_Channel4_IRQHandler                 0x080002a3   Thumb Code     0  startup_stm32f10x_hd.o(.text)
    DMA1_Channel5_IRQHandler                 0x080002a3   Thumb Code     0  startup_stm32f10x_hd.o(.text)
    DMA2_Channel1_IRQHandler                 0x080002a3   Thumb Code     0  startup_stm32f10x_hd.o(.text)
    DMA2_Channel2_IRQHandler                 0x080002a3   Thumb Code     0  startup_stm32f10x_hd.o(.text)
    DMA2_Channel3_IRQHandler                 0x080002a3   Thumb Code     0  startup_stm32f10x_hd.o(.text)
    DMA2_Channel4_5_IRQHandler               0x080002a3   Thumb Code     0  startup_stm32f10x_hd.o(.text)
    EXTI0_IRQHandler                         0x080002a3   Thumb Code     0  startup_stm32f10x_hd.o(.text)
    EXTI15_10_IRQHandler                     0x080002a3   Thumb Code     0  startup_stm32f10x_hd.o(.text)
    EXTI1_IRQHandler                         0x080002a3   Thumb Code     0  startup_stm32f10x_hd.o(.text)
    EXTI2_IRQHandler                         0x080002a3   Thumb Code     0  startup_stm32f10x_hd.o(.text)
    EXTI3_IRQHandler                         0x080002a3   Thumb Code     0  startup_stm32f10x_hd.o(.text)
    EXTI4_IRQHandler                         0x080002a3   Thumb Code     0  startup_stm32f10x_hd.o(.text)
    EXTI9_5_IRQHandler                       0x080002a3   Thumb Code     0  startup_stm32f10x_hd.o(.text)
    FLASH_IRQHandler                         0x080002a3   Thumb Code     0  startup_stm32f10x_hd.o(.text)
    FSMC_IRQHandler                          0x080002a3   Thumb Code     0  startup_stm32f10x_hd.o(.text)
    I2C1_ER_IRQHandler                       0x080002a3   Thumb Code     0  startup_stm32f10x_hd.o(.text)
    I2C1_EV_IRQHandler                       0x080002a3   Thumb Code     0  startup_stm32f10x_hd.o(.text)
    I2C2_ER_IRQHandler                       0x080002a3   Thumb Code     0  startup_stm32f10x_hd.o(.text)
    I2C2_EV_IRQHandler                       0x080002a3   Thumb Code     0  startup_stm32f10x_hd.o(.text)
    PVD_IRQHandler                           0x080002a3   Thumb Code     0  startup_stm32f10x_hd.o(.text)
    RCC_IRQHandler                           0x080002a3   Thumb Code     0  startup_stm32f10x_hd.o(.text)
    RTCAlarm_IRQHandler                      0x080002a3   Thumb Code     0  startup_stm32f10x_hd.o(.text)
    RTC_IRQHandler                           0x080002a3   Thumb Code     0  startup_stm32f10x_hd.o(.text)
    SDIO_IRQHandler                          0x080002a3   Thumb Code     0  startup_stm32f10x_hd.o(.text)
    SPI1_IRQHandler                          0x080002a3   Thumb Code     0  startup_stm32f10x_hd.o(.text)
    SPI2_IRQHandler                          0x080002a3   Thumb Code     0  startup_stm32f10x_hd.o(.text)
    SPI3_IRQHandler                          0x080002a3   Thumb Code     0  startup_stm32f10x_hd.o(.text)
    TAMPER_IRQHandler                        0x080002a3   Thumb Code     0  startup_stm32f10x_hd.o(.text)
    TIM1_BRK_IRQHandler                      0x080002a3   Thumb Code     0  startup_stm32f10x_hd.o(.text)
    TIM1_CC_IRQHandler                       0x080002a3   Thumb Code     0  startup_stm32f10x_hd.o(.text)
    TIM1_TRG_COM_IRQHandler                  0x080002a3   Thumb Code     0  startup_stm32f10x_hd.o(.text)
    TIM1_UP_IRQHandler                       0x080002a3   Thumb Code     0  startup_stm32f10x_hd.o(.text)
    TIM4_IRQHandler                          0x080002a3   Thumb Code     0  startup_stm32f10x_hd.o(.text)
    TIM7_IRQHandler                          0x080002a3   Thumb Code     0  startup_stm32f10x_hd.o(.text)
    TIM8_BRK_IRQHandler                      0x080002a3   Thumb Code     0  startup_stm32f10x_hd.o(.text)
    TIM8_CC_IRQHandler                       0x080002a3   Thumb Code     0  startup_stm32f10x_hd.o(.text)
    TIM8_TRG_COM_IRQHandler                  0x080002a3   Thumb Code     0  startup_stm32f10x_hd.o(.text)
    TIM8_UP_IRQHandler                       0x080002a3   Thumb Code     0  startup_stm32f10x_hd.o(.text)
    UART4_IRQHandler                         0x080002a3   Thumb Code     0  startup_stm32f10x_hd.o(.text)
    UART5_IRQHandler                         0x080002a3   Thumb Code     0  startup_stm32f10x_hd.o(.text)
    USART3_IRQHandler                        0x080002a3   Thumb Code     0  startup_stm32f10x_hd.o(.text)
    USBWakeUp_IRQHandler                     0x080002a3   Thumb Code     0  startup_stm32f10x_hd.o(.text)
    USB_HP_CAN1_TX_IRQHandler                0x080002a3   Thumb Code     0  startup_stm32f10x_hd.o(.text)
    USB_LP_CAN1_RX0_IRQHandler               0x080002a3   Thumb Code     0  startup_stm32f10x_hd.o(.text)
    WWDG_IRQHandler                          0x080002a3   Thumb Code     0  startup_stm32f10x_hd.o(.text)
    __user_initial_stackheap                 0x080002a5   Thumb Code     0  startup_stm32f10x_hd.o(.text)
    __use_no_semihosting                     0x080002c9   Thumb Code     2  use_no_semi_2.o(.text)
    __2printf                                0x080002cd   Thumb Code    20  noretval__2printf.o(.text)
    __printf                                 0x080002e5   Thumb Code   104  __printf.o(.text)
    _printf_str                              0x0800034d   Thumb Code    82  _printf_str.o(.text)
    _printf_int_dec                          0x080003a1   Thumb Code   104  _printf_dec.o(.text)
    __aeabi_memcpy                           0x08000419   Thumb Code     0  rt_memcpy_v6.o(.text)
    __rt_memcpy                              0x08000419   Thumb Code   138  rt_memcpy_v6.o(.text)
    _memcpy_lastbytes                        0x0800047f   Thumb Code     0  rt_memcpy_v6.o(.text)
    __aeabi_memset                           0x080004a3   Thumb Code    16  aeabi_memset.o(.text)
    __aeabi_memclr                           0x080004b3   Thumb Code     0  rt_memclr.o(.text)
    __rt_memclr                              0x080004b3   Thumb Code    68  rt_memclr.o(.text)
    _memset                                  0x080004b7   Thumb Code     0  rt_memclr.o(.text)
    __aeabi_memclr4                          0x080004f7   Thumb Code     0  rt_memclr_w.o(.text)
    __aeabi_memclr8                          0x080004f7   Thumb Code     0  rt_memclr_w.o(.text)
    __rt_memclr_w                            0x080004f7   Thumb Code    78  rt_memclr_w.o(.text)
    _memset_w                                0x080004fb   Thumb Code     0  rt_memclr_w.o(.text)
    __use_two_region_memory                  0x08000545   Thumb Code     2  heapauxi.o(.text)
    __rt_heap_escrow$2region                 0x08000547   Thumb Code     2  heapauxi.o(.text)
    __rt_heap_expand$2region                 0x08000549   Thumb Code     2  heapauxi.o(.text)
    __I$use$semihosting                      0x0800054b   Thumb Code     0  use_no_semi.o(.text)
    __use_no_semihosting_swi                 0x0800054b   Thumb Code     2  use_no_semi.o(.text)
    _printf_int_common                       0x0800054d   Thumb Code   178  _printf_intcommon.o(.text)
    __lib_sel_fp_printf                      0x080005ff   Thumb Code     2  _printf_fp_dec.o(.text)
    _printf_fp_dec_real                      0x080007ad   Thumb Code   620  _printf_fp_dec.o(.text)
    _printf_char_common                      0x08000a23   Thumb Code    32  _printf_char_common.o(.text)
    _printf_cs_common                        0x08000a49   Thumb Code    20  _printf_char.o(.text)
    _printf_char                             0x08000a5d   Thumb Code    16  _printf_char.o(.text)
    _printf_string                           0x08000a6d   Thumb Code     8  _printf_char.o(.text)
    _printf_char_file                        0x08000a75   Thumb Code    32  _printf_char_file.o(.text)
    __aeabi_memcpy4                          0x08000a99   Thumb Code     0  rt_memcpy_w.o(.text)
    __aeabi_memcpy8                          0x08000a99   Thumb Code     0  rt_memcpy_w.o(.text)
    __rt_memcpy_w                            0x08000a99   Thumb Code   100  rt_memcpy_w.o(.text)
    _memcpy_lastbytes_aligned                0x08000ae1   Thumb Code     0  rt_memcpy_w.o(.text)
    __rt_locale                              0x08000afd   Thumb Code     8  rt_locale_intlibspace.o(.text)
    _ll_udiv10                               0x08000b05   Thumb Code   138  lludiv10.o(.text)
    _printf_fp_infnan                        0x08000b91   Thumb Code   112  _printf_fp_infnan.o(.text)
    _btod_etento                             0x08000c11   Thumb Code   216  bigflt0.o(.text)
    ferror                                   0x08000ced   Thumb Code     8  ferror.o(.text)
    __user_libspace                          0x08000cf5   Thumb Code     8  libspace.o(.text)
    __user_perproc_libspace                  0x08000cf5   Thumb Code     0  libspace.o(.text)
    __user_perthread_libspace                0x08000cf5   Thumb Code     0  libspace.o(.text)
    __user_setup_stackheap                   0x08000cfd   Thumb Code    74  sys_stackheap_outer.o(.text)
    exit                                     0x08000d47   Thumb Code    12  exit.o(.text)
    strcmp                                   0x08000d55   Thumb Code   128  strcmpv7m.o(.text)
    _btod_d2e                                0x08000dd5   Thumb Code    62  btod.o(CL$$btod_d2e)
    _d2e_denorm_low                          0x08000e13   Thumb Code    70  btod.o(CL$$btod_d2e_denorm_low)
    _d2e_norm_op1                            0x08000e59   Thumb Code    96  btod.o(CL$$btod_d2e_norm_op1)
    __btod_div_common                        0x08000eb9   Thumb Code   696  btod.o(CL$$btod_div_common)
    _e2e                                     0x080011f1   Thumb Code   198  btod.o(CL$$btod_e2e)
    _btod_ediv                               0x080012b7   Thumb Code    40  btod.o(CL$$btod_ediv)
    _btod_emul                               0x080012df   Thumb Code    40  btod.o(CL$$btod_emul)
    __btod_mult_common                       0x08001307   Thumb Code   580  btod.o(CL$$btod_mult_common)
    Bsp_init                                 0x0800154b   Thumb Code    58  bsp_init.o(i.Bsp_init)
    BusFault_Handler                         0x08001585   Thumb Code     2  stm32f10x_it.o(i.BusFault_Handler)
    CRC16                                    0x08001589   Thumb Code    36  crc16.o(i.CRC16)
    CRC16_uch                                0x080015b1   Thumb Code    36  crc16.o(i.CRC16_uch)
    Combine_CRC_2Byte                        0x080015d9   Thumb Code    14  crc16.o(i.Combine_CRC_2Byte)
    DMA1_Channel6_IRQHandler                 0x080015e9   Thumb Code    50  wifi.o(i.DMA1_Channel6_IRQHandler)
    DMA1_Channel7_IRQHandler                 0x08001625   Thumb Code    30  wifi.o(i.DMA1_Channel7_IRQHandler)
    DMA_ClearFlag                            0x08001649   Thumb Code    16  stm32f10x_dma.o(i.DMA_ClearFlag)
    DMA_ClearITPendingBit                    0x08001661   Thumb Code    16  stm32f10x_dma.o(i.DMA_ClearITPendingBit)
    DMA_Cmd                                  0x08001679   Thumb Code    22  stm32f10x_dma.o(i.DMA_Cmd)
    DMA_DeInit                               0x08001691   Thumb Code   218  stm32f10x_dma.o(i.DMA_DeInit)
    DMA_GetCurrDataCounter                   0x08001775   Thumb Code     6  stm32f10x_dma.o(i.DMA_GetCurrDataCounter)
    DMA_ITConfig                             0x0800177b   Thumb Code    16  stm32f10x_dma.o(i.DMA_ITConfig)
    DMA_Init                                 0x0800178b   Thumb Code    58  stm32f10x_dma.o(i.DMA_Init)
    DMA_SetCurrDataCounter                   0x080017c5   Thumb Code     4  stm32f10x_dma.o(i.DMA_SetCurrDataCounter)
    DMA_USART2_Init                          0x080017c9   Thumb Code   178  wifi.o(i.DMA_USART2_Init)
    DebugMon_Handler                         0x0800188d   Thumb Code     2  stm32f10x_it.o(i.DebugMon_Handler)
    DeserializeBuffer                        0x0800188f   Thumb Code   252  protocol.o(i.DeserializeBuffer)
    Encoder1_task                            0x08001ad5   Thumb Code    64  task_encoder1.o(i.Encoder1_task)
    Encoder_init                             0x08001b19   Thumb Code    12  timer_encoder.o(i.Encoder_init)
    GPIO_Init                                0x08001b25   Thumb Code   156  stm32f10x_gpio.o(i.GPIO_Init)
    GPIO_PinRemapConfig                      0x08001bc1   Thumb Code    82  stm32f10x_gpio.o(i.GPIO_PinRemapConfig)
    GPIO_SetBits                             0x08001c19   Thumb Code     4  stm32f10x_gpio.o(i.GPIO_SetBits)
    HardFault_Handler                        0x08001c1d   Thumb Code     2  stm32f10x_it.o(i.HardFault_Handler)
    Idle_task                                0x08001c21   Thumb Code    32  task_idletask.o(i.Idle_task)
    LED_Init                                 0x08001c45   Thumb Code    48  led.o(i.LED_Init)
    MemManage_Handler                        0x08001c79   Thumb Code     2  stm32f10x_it.o(i.MemManage_Handler)
    Motor_Init                               0x08001c7d   Thumb Code    48  motor_dir_output.o(i.Motor_Init)
    NMI_Handler                              0x08001cb1   Thumb Code     2  stm32f10x_it.o(i.NMI_Handler)
    NVIC_Init                                0x08001cb5   Thumb Code    94  misc.o(i.NVIC_Init)
    NVIC_PriorityGroupConfig                 0x08001d19   Thumb Code    10  misc.o(i.NVIC_PriorityGroupConfig)
    NVIC_cofig_Init                          0x08001d2d   Thumb Code   102  wifi.o(i.NVIC_cofig_Init)
    OS_AppObjCreate                          0x08001d9d   Thumb Code    78  os_appobjcreate.o(i.OS_AppObjCreate)
    RCC_AHBPeriphClockCmd                    0x08002151   Thumb Code    18  stm32f10x_rcc.o(i.RCC_AHBPeriphClockCmd)
    RCC_APB1PeriphClockCmd                   0x08002169   Thumb Code    18  stm32f10x_rcc.o(i.RCC_APB1PeriphClockCmd)
    RCC_APB2PeriphClockCmd                   0x08002181   Thumb Code    18  stm32f10x_rcc.o(i.RCC_APB2PeriphClockCmd)
    RCC_GetClocksFreq                        0x08002199   Thumb Code   132  stm32f10x_rcc.o(i.RCC_GetClocksFreq)
    SerializeBuffer                          0x0800222d   Thumb Code    90  protocol.o(i.SerializeBuffer)
    SysTick_CLKSourceConfig                  0x08002331   Thumb Code    24  misc.o(i.SysTick_CLKSourceConfig)
    SysTick_Handler                          0x08002349   Thumb Code    20  delay.o(i.SysTick_Handler)
    SystemInit                               0x0800235d   Thumb Code    64  system_stm32f10x.o(i.SystemInit)
    TIM2_IRQHandler                          0x08002495   Thumb Code    30  pwm.o(i.TIM2_IRQHandler)
    TIM2_PWM_Init                            0x080024b5   Thumb Code   134  pwm.o(i.TIM2_PWM_Init)
    TIM3_IRQHandler                          0x08002541   Thumb Code    30  pwm.o(i.TIM3_IRQHandler)
    TIM3_PWM_Init                            0x08002565   Thumb Code   140  pwm.o(i.TIM3_PWM_Init)
    TIM5_IRQHandler                          0x080025fd   Thumb Code    68  timer_encoder.o(i.TIM5_IRQHandler)
    TIM6_IRQHandler                          0x0800264d   Thumb Code   116  timer_read_encoder.o(i.TIM6_IRQHandler)
    TIM6_Int_Init                            0x080026dd   Thumb Code    98  timer_read_encoder.o(i.TIM6_Int_Init)
    TIM_ClearFlag                            0x08002745   Thumb Code     6  stm32f10x_tim.o(i.TIM_ClearFlag)
    TIM_ClearITPendingBit                    0x0800274b   Thumb Code     6  stm32f10x_tim.o(i.TIM_ClearITPendingBit)
    TIM_Cmd                                  0x08002751   Thumb Code    20  stm32f10x_tim.o(i.TIM_Cmd)
    TIM_EncoderInterfaceConfig               0x08002765   Thumb Code    50  stm32f10x_tim.o(i.TIM_EncoderInterfaceConfig)
    TIM_GetCounter                           0x08002797   Thumb Code     4  stm32f10x_tim.o(i.TIM_GetCounter)
    TIM_GetITStatus                          0x0800279b   Thumb Code    24  stm32f10x_tim.o(i.TIM_GetITStatus)
    TIM_ICInit                               0x080027b5   Thumb Code   278  stm32f10x_tim.o(i.TIM_ICInit)
    TIM_ITConfig                             0x080028e1   Thumb Code    16  stm32f10x_tim.o(i.TIM_ITConfig)
    TIM_OC2Init                              0x080028f1   Thumb Code   120  stm32f10x_tim.o(i.TIM_OC2Init)
    TIM_OC2PreloadConfig                     0x08002971   Thumb Code    20  stm32f10x_tim.o(i.TIM_OC2PreloadConfig)
    TIM_OC3Init                              0x08002985   Thumb Code   116  stm32f10x_tim.o(i.TIM_OC3Init)
    TIM_OC3PreloadConfig                     0x08002a01   Thumb Code    12  stm32f10x_tim.o(i.TIM_OC3PreloadConfig)
    TIM_SetCompare2                          0x08002a0d   Thumb Code     4  stm32f10x_tim.o(i.TIM_SetCompare2)
    TIM_SetCompare3                          0x08002a11   Thumb Code     4  stm32f10x_tim.o(i.TIM_SetCompare3)
    TIM_SetCounter                           0x08002a15   Thumb Code     4  stm32f10x_tim.o(i.TIM_SetCounter)
    TIM_SetIC1Prescaler                      0x08002a19   Thumb Code    16  stm32f10x_tim.o(i.TIM_SetIC1Prescaler)
    TIM_SetIC2Prescaler                      0x08002a29   Thumb Code    24  stm32f10x_tim.o(i.TIM_SetIC2Prescaler)
    TIM_SetIC3Prescaler                      0x08002a41   Thumb Code    16  stm32f10x_tim.o(i.TIM_SetIC3Prescaler)
    TIM_SetIC4Prescaler                      0x08002a51   Thumb Code    24  stm32f10x_tim.o(i.TIM_SetIC4Prescaler)
    TIM_TimeBaseInit                         0x08002a69   Thumb Code   114  stm32f10x_tim.o(i.TIM_TimeBaseInit)
    TIM_TimeBaseStructInit                   0x08002b05   Thumb Code    18  stm32f10x_tim.o(i.TIM_TimeBaseStructInit)
    USART1_IRQHandler                        0x08002b19   Thumb Code    88  usart.o(i.USART1_IRQHandler)
    USART2_IRQHandler                        0x08002b7d   Thumb Code   226  wifi.o(i.USART2_IRQHandler)
    USART_ClearITPendingBit                  0x08002c7d   Thumb Code    12  stm32f10x_usart.o(i.USART_ClearITPendingBit)
    USART_Cmd                                0x08002c89   Thumb Code    20  stm32f10x_usart.o(i.USART_Cmd)
    USART_DMACmd                             0x08002c9d   Thumb Code    16  stm32f10x_usart.o(i.USART_DMACmd)
    USART_GetITStatus                        0x08002cad   Thumb Code    62  stm32f10x_usart.o(i.USART_GetITStatus)
    USART_ITConfig                           0x08002ceb   Thumb Code    48  stm32f10x_usart.o(i.USART_ITConfig)
    USART_Init                               0x08002d1d   Thumb Code   166  stm32f10x_usart.o(i.USART_Init)
    USART_ReceiveData                        0x08002dc9   Thumb Code     8  stm32f10x_usart.o(i.USART_ReceiveData)
    UsageFault_Handler                       0x08002dd1   Thumb Code     2  stm32f10x_it.o(i.UsageFault_Handler)
    WIFI_send                                0x08002dd5   Thumb Code    66  wifi.o(i.WIFI_send)
    WIFI_task                                0x08002e25   Thumb Code   720  task_wifi.o(i.WIFI_task)
    __ARM_fpclassify                         0x0800323d   Thumb Code    40  fpclassify.o(i.__ARM_fpclassify)
    _sys_exit                                0x08003265   Thumb Code     2  usart.o(i._sys_exit)
    delay_init                               0x08003269   Thumb Code    60  delay.o(i.delay_init)
    float_to_uchar                           0x080032b1   Thumb Code    16  protocol.o(i.float_to_uchar)
    fputc                                    0x080032c1   Thumb Code    18  usart.o(i.fputc)
    init_set                                 0x080032d9   Thumb Code     4  data_init.o(i.init_set)
    main                                     0x080032dd   Thumb Code    50  main.o(i.main)
    motor1_PID_task                          0x08003325   Thumb Code   164  task_motor1_pid.o(i.motor1_PID_task)
    motor1_dir_task                          0x080033ed   Thumb Code   112  task_motor1_dir.o(i.motor1_dir_task)
    motor1_pwm_task                          0x08003491   Thumb Code    92  task_motor1_pwm.o(i.motor1_pwm_task)
    motor2_dir_task                          0x08003515   Thumb Code   112  task_motor2_dir.o(i.motor2_dir_task)
    motor2_pwm_task                          0x080035b9   Thumb Code    92  task_motor2_pwm.o(i.motor2_pwm_task)
    pid_init                                 0x08003639   Thumb Code    24  pid.o(i.pid_init)
    pvPortMalloc                             0x08003eb9   Thumb Code   214  heap_4.o(i.pvPortMalloc)
    pvTaskIncrementMutexHeldCount            0x08003fcd   Thumb Code    18  tasks.o(i.pvTaskIncrementMutexHeldCount)
    pxPortInitialiseStack                    0x08003fe5   Thumb Code    32  port.o(i.pxPortInitialiseStack)
    speed_pid_realize                        0x08004009   Thumb Code    94  pid.o(i.speed_pid_realize)
    start_task                               0x08004071   Thumb Code   200  main.o(i.start_task)
    timer6_my_init                           0x080041d5   Thumb Code    10  timer_read_encoder.o(i.timer6_my_init)
    uart_init                                0x080041e1   Thumb Code   152  usart.o(i.uart_init)
    uchar_to_float_PID                       0x08004281   Thumb Code    70  protocol.o(i.uchar_to_float_PID)
    uchar_to_float_speed                     0x080042c7   Thumb Code    84  protocol.o(i.uchar_to_float_speed)
    usart2_init                              0x0800431d   Thumb Code   188  wifi.o(i.usart2_init)
    uxListRemove                             0x080043e1   Thumb Code    36  list.o(i.uxListRemove)
    vListInitialise                          0x08004405   Thumb Code    22  list.o(i.vListInitialise)
    vListInitialiseItem                      0x0800441b   Thumb Code     6  list.o(i.vListInitialiseItem)
    vListInsert                              0x08004421   Thumb Code    48  list.o(i.vListInsert)
    vListInsertEnd                           0x08004451   Thumb Code    24  list.o(i.vListInsertEnd)
    vPortEnterCritical                       0x08004469   Thumb Code    50  port.o(i.vPortEnterCritical)
    vPortExitCritical                        0x080044e1   Thumb Code    34  port.o(i.vPortExitCritical)
    vPortFree                                0x08004545   Thumb Code    94  heap_4.o(i.vPortFree)
    vPortSetupTimerInterrupt                 0x080045e1   Thumb Code    26  port.o(i.vPortSetupTimerInterrupt)
    vPortValidateInterruptPriority           0x08004601   Thumb Code    70  port.o(i.vPortValidateInterruptPriority)
    vQueueAddToRegistry                      0x0800468d   Thumb Code    32  queue.o(i.vQueueAddToRegistry)
    vQueueWaitForMessageRestricted           0x080046b1   Thumb Code    68  queue.o(i.vQueueWaitForMessageRestricted)
    vTaskDelay                               0x080046f5   Thumb Code    62  tasks.o(i.vTaskDelay)
    vTaskDelete                              0x08004761   Thumb Code   152  tasks.o(i.vTaskDelete)
    vTaskMissedYield                         0x0800482d   Thumb Code     8  tasks.o(i.vTaskMissedYield)
    vTaskPlaceOnEventList                    0x08004839   Thumb Code    44  tasks.o(i.vTaskPlaceOnEventList)
    vTaskPlaceOnEventListRestricted          0x0800488d   Thumb Code    52  tasks.o(i.vTaskPlaceOnEventListRestricted)
    vTaskPriorityInherit                     0x080048e9   Thumb Code   124  tasks.o(i.vTaskPriorityInherit)
    vTaskSetTimeOutState                     0x0800496d   Thumb Code    30  tasks.o(i.vTaskSetTimeOutState)
    vTaskStartScheduler                      0x080049b5   Thumb Code    96  tasks.o(i.vTaskStartScheduler)
    vTaskSuspend                             0x08004a49   Thumb Code   154  tasks.o(i.vTaskSuspend)
    vTaskSuspendAll                          0x08004b19   Thumb Code    10  tasks.o(i.vTaskSuspendAll)
    vTaskSwitchContext                       0x08004b29   Thumb Code    80  tasks.o(i.vTaskSwitchContext)
    wifi_init                                0x08004ba5   Thumb Code    18  wifi.o(i.wifi_init)
    xPortStartScheduler                      0x08004bb9   Thumb Code   108  port.o(i.xPortStartScheduler)
    xPortSysTickHandler                      0x08004c31   Thumb Code    38  port.o(i.xPortSysTickHandler)
    xQueueGenericCreate                      0x08004c5d   Thumb Code    82  queue.o(i.xQueueGenericCreate)
    xQueueGenericReceive                     0x08004cd5   Thumb Code   348  queue.o(i.xQueueGenericReceive)
    xQueueGenericReset                       0x08004e59   Thumb Code   128  queue.o(i.xQueueGenericReset)
    xQueueGenericSend                        0x08004f01   Thumb Code   350  queue.o(i.xQueueGenericSend)
    xQueueGenericSendFromISR                 0x08005089   Thumb Code   188  queue.o(i.xQueueGenericSendFromISR)
    xQueueGiveFromISR                        0x08005169   Thumb Code   162  queue.o(i.xQueueGiveFromISR)
    xQueuePeekFromISR                        0x08005231   Thumb Code   104  queue.o(i.xQueuePeekFromISR)
    xTaskCheckForTimeOut                     0x080052bd   Thumb Code    94  tasks.o(i.xTaskCheckForTimeOut)
    xTaskCreate                              0x08005345   Thumb Code    86  tasks.o(i.xTaskCreate)
    xTaskGetSchedulerState                   0x0800539d   Thumb Code    22  tasks.o(i.xTaskGetSchedulerState)
    xTaskGetTickCount                        0x080053b9   Thumb Code     6  tasks.o(i.xTaskGetTickCount)
    xTaskIncrementTick                       0x080053c5   Thumb Code   188  tasks.o(i.xTaskIncrementTick)
    xTaskPriorityDisinherit                  0x080054ad   Thumb Code   136  tasks.o(i.xTaskPriorityDisinherit)
    xTaskRemoveFromEventList                 0x08005561   Thumb Code   102  tasks.o(i.xTaskRemoveFromEventList)
    xTaskResumeAll                           0x080055f9   Thumb Code   180  tasks.o(i.xTaskResumeAll)
    xTimerCreate                             0x080056dd   Thumb Code    74  timers.o(i.xTimerCreate)
    xTimerCreateTimerTask                    0x08005751   Thumb Code    58  timers.o(i.xTimerCreateTimerTask)
    xTimerGenericCommand                     0x080057c5   Thumb Code    98  timers.o(i.xTimerGenericCommand)
    _get_lc_numeric                          0x08005855   Thumb Code    44  lc_numeric_c.o(locale$$code)
    __fpl_dretinf                            0x08005881   Thumb Code    12  dretinf.o(x$fpl$dretinf)
    __aeabi_f2d                              0x0800588d   Thumb Code     0  f2d.o(x$fpl$f2d)
    _f2d                                     0x0800588d   Thumb Code    86  f2d.o(x$fpl$f2d)
    __aeabi_fadd                             0x080058e5   Thumb Code     0  faddsub_clz.o(x$fpl$fadd)
    _fadd                                    0x080058e5   Thumb Code   196  faddsub_clz.o(x$fpl$fadd)
    __aeabi_fdiv                             0x080059a9   Thumb Code     0  fdiv.o(x$fpl$fdiv)
    _fdiv                                    0x080059a9   Thumb Code   384  fdiv.o(x$fpl$fdiv)
    __aeabi_f2uiz                            0x08005b2d   Thumb Code     0  ffixu.o(x$fpl$ffixu)
    _ffixu                                   0x08005b2d   Thumb Code    62  ffixu.o(x$fpl$ffixu)
    __aeabi_i2f                              0x08005b6d   Thumb Code     0  fflt_clz.o(x$fpl$fflt)
    _fflt                                    0x08005b6d   Thumb Code    48  fflt_clz.o(x$fpl$fflt)
    __aeabi_ui2f                             0x08005b9d   Thumb Code     0  fflt_clz.o(x$fpl$ffltu)
    _ffltu                                   0x08005b9d   Thumb Code    38  fflt_clz.o(x$fpl$ffltu)
    __aeabi_fmul                             0x08005bc5   Thumb Code     0  fmul.o(x$fpl$fmul)
    _fmul                                    0x08005bc5   Thumb Code   258  fmul.o(x$fpl$fmul)
    __fpl_fnaninf                            0x08005cc7   Thumb Code   140  fnaninf.o(x$fpl$fnaninf)
    __fpl_fretinf                            0x08005d53   Thumb Code    10  fretinf.o(x$fpl$fretinf)
    __aeabi_fsub                             0x08005d5d   Thumb Code     0  faddsub_clz.o(x$fpl$fsub)
    _fsub                                    0x08005d5d   Thumb Code   234  faddsub_clz.o(x$fpl$fsub)
    _printf_fp_dec                           0x08005e47   Thumb Code     4  printf1.o(x$fpl$printf1)
    __I$use$fp                               0x08005e4a   Number         0  usenofp.o(x$fpl$usenofp)
    s_CRCLo                                  0x08005f4a   Data         256  crc16.o(.constdata)
    Region$$Table$$Base                      0x080060e0   Number         0  anon$$obj.o(Region$$Table)
    Region$$Table$$Limit                     0x08006100   Number         0  anon$$obj.o(Region$$Table)
    Motor1_Direction_Queue                   0x20000000   Data           4  main.o(.data)
    Motor1_PWM_Queue                         0x20000004   Data           4  main.o(.data)
    Motor2_Direction_Queue                   0x20000008   Data           4  main.o(.data)
    Motor2_PWM_Queue                         0x2000000c   Data           4  main.o(.data)
    Wifi_buffer_Queue                        0x20000010   Data           4  main.o(.data)
    Encoder1_Overflow_Queue                  0x20000014   Data           4  main.o(.data)
    Encoder1_Status_Queue                    0x20000018   Data           4  main.o(.data)
    Motor1_PID_Parameter_Queue               0x2000001c   Data           4  main.o(.data)
    Motor1_Ctrl_Parameter_Queue              0x20000020   Data           4  main.o(.data)
    BinarySemaphore_Motor1_DirChange         0x20000024   Data           4  main.o(.data)
    BinarySemaphore_Motor1_SpeedChange       0x20000028   Data           4  main.o(.data)
    BinarySemaphore_Motor2_DirChange         0x2000002c   Data           4  main.o(.data)
    BinarySemaphore_Motor2_SpeedChange       0x20000030   Data           4  main.o(.data)
    BinarySemaphore_USART2ISR                0x20000034   Data           4  main.o(.data)
    StartTask_Handler                        0x20000038   Data           4  main.o(.data)
    MOTOR1Task_Handler                       0x2000003c   Data           4  main.o(.data)
    MOTOR1_PWM_TASK_Handler                  0x20000040   Data           4  main.o(.data)
    MOTOR2Task_Handler                       0x20000044   Data           4  main.o(.data)
    MOTOR2_PWM_TASK_Handler                  0x20000048   Data           4  main.o(.data)
    MOTOR1_PID_TASK_Handler                  0x2000004c   Data           4  main.o(.data)
    Encoder1Task_Handler                     0x20000050   Data           4  main.o(.data)
    WIFITask_Handler                         0x20000054   Data           4  main.o(.data)
    IdleTask_Handler                         0x20000058   Data           4  main.o(.data)
    SystemCoreClock                          0x2000005c   Data           4  system_stm32f10x.o(.data)
    AHBPrescTable                            0x20000060   Data          16  system_stm32f10x.o(.data)
    Encoder_struct_init                      0x20000070   Data           4  os_appobjcreate.o(.data)
    Motor1_ctrl_struct_init                  0x20000074   Data           4  os_appobjcreate.o(.data)
    Motor1_Direction_struct_init             0x20000078   Data           2  os_appobjcreate.o(.data)
    Motor2_Direction_struct_init             0x2000007a   Data           2  os_appobjcreate.o(.data)
    overflow_count_Encoder1                  0x2000007c   Data           4  timer_encoder.o(.data)
    last_count                               0x20000080   Data           4  timer_read_encoder.o(.data)
    Overflow_count                           0x20000084   Data           4  timer_read_encoder.o(.data)
    capture_count                            0x20000088   Data           4  timer_read_encoder.o(.data)
    S_K                                      0x2000008c   Data           4  timer_read_encoder.o(.data)
    USART_RX_STA                             0x20000094   Data           2  usart.o(.data)
    __stdout                                 0x20000098   Data           4  usart.o(.data)
    pxCurrentTCB                             0x200000b0   Data           4  tasks.o(.data)
    Motor1_PID_struct_init                   0x20000124   Data          12  os_appobjcreate.o(.bss)
    wifibuff_struct_init                     0x20000130   Data         260  os_appobjcreate.o(.bss)
    USART_RX_BUF                             0x20000434   Data         200  usart.o(.bss)
    xQueueRegistry                           0x200004fc   Data          64  queue.o(.bss)
    M1_S_PID                                 0x20005848   Data          36  task_motor1_pid.o(.bss)
    __libspace_start                         0x2000586c   Data          96  libspace.o(.bss)
    __temporary_stack_top$libspace           0x200058cc   Data           0  libspace.o(.bss)



==============================================================================

Memory Map of the image

  Image Entry point : 0x08000289

  Load Region LR_1 (Base: 0x08000000, Size: 0x00006240, Max: 0xffffffff, ABSOLUTE)

    Execution Region ER_RO (Base: 0x08000000, Size: 0x0000611c, Max: 0xffffffff, ABSOLUTE)

    Base Addr    Size         Type   Attr      Idx    E Section Name        Object

    0x08000000   0x00000130   Data   RO          844    RESET               startup_stm32f10x_hd.o
    0x08000130   0x00000008   Code   RO         3164  * !!!main             c_w.l(__main.o)
    0x08000138   0x00000034   Code   RO         3415    !!!scatter          c_w.l(__scatter.o)
    0x0800016c   0x0000001a   Code   RO         3417    !!handler_copy      c_w.l(__scatter_copy.o)
    0x08000186   0x00000002   PAD
    0x08000188   0x0000001c   Code   RO         3419    !!handler_zi        c_w.l(__scatter_zi.o)
    0x080001a4   0x00000000   Code   RO         3149    .ARM.Collect$$_printf_percent$$00000000  c_w.l(_printf_percent.o)
    0x080001a4   0x00000006   Code   RO         3148    .ARM.Collect$$_printf_percent$$00000003  c_w.l(_printf_f.o)
    0x080001aa   0x00000006   Code   RO         3146    .ARM.Collect$$_printf_percent$$00000009  c_w.l(_printf_d.o)
    0x080001b0   0x00000006   Code   RO         3145    .ARM.Collect$$_printf_percent$$00000014  c_w.l(_printf_s.o)
    0x080001b6   0x00000004   Code   RO         3207    .ARM.Collect$$_printf_percent$$00000017  c_w.l(_printf_percent_end.o)
    0x080001ba   0x00000002   Code   RO         3293    .ARM.Collect$$libinit$$00000000  c_w.l(libinit.o)
    0x080001bc   0x00000000   Code   RO         3295    .ARM.Collect$$libinit$$00000002  c_w.l(libinit2.o)
    0x080001bc   0x00000000   Code   RO         3297    .ARM.Collect$$libinit$$00000004  c_w.l(libinit2.o)
    0x080001bc   0x00000000   Code   RO         3300    .ARM.Collect$$libinit$$0000000A  c_w.l(libinit2.o)
    0x080001bc   0x00000000   Code   RO         3302    .ARM.Collect$$libinit$$0000000C  c_w.l(libinit2.o)
    0x080001bc   0x00000000   Code   RO         3304    .ARM.Collect$$libinit$$0000000E  c_w.l(libinit2.o)
    0x080001bc   0x00000006   Code   RO         3305    .ARM.Collect$$libinit$$0000000F  c_w.l(libinit2.o)
    0x080001c2   0x00000000   Code   RO         3307    .ARM.Collect$$libinit$$00000011  c_w.l(libinit2.o)
    0x080001c2   0x00000000   Code   RO         3309    .ARM.Collect$$libinit$$00000013  c_w.l(libinit2.o)
    0x080001c2   0x00000000   Code   RO         3311    .ARM.Collect$$libinit$$00000015  c_w.l(libinit2.o)
    0x080001c2   0x0000000a   Code   RO         3312    .ARM.Collect$$libinit$$00000016  c_w.l(libinit2.o)
    0x080001cc   0x00000000   Code   RO         3313    .ARM.Collect$$libinit$$00000017  c_w.l(libinit2.o)
    0x080001cc   0x00000000   Code   RO         3315    .ARM.Collect$$libinit$$00000019  c_w.l(libinit2.o)
    0x080001cc   0x00000000   Code   RO         3317    .ARM.Collect$$libinit$$0000001B  c_w.l(libinit2.o)
    0x080001cc   0x00000000   Code   RO         3319    .ARM.Collect$$libinit$$0000001D  c_w.l(libinit2.o)
    0x080001cc   0x00000000   Code   RO         3321    .ARM.Collect$$libinit$$0000001F  c_w.l(libinit2.o)
    0x080001cc   0x00000000   Code   RO         3323    .ARM.Collect$$libinit$$00000021  c_w.l(libinit2.o)
    0x080001cc   0x00000000   Code   RO         3325    .ARM.Collect$$libinit$$00000023  c_w.l(libinit2.o)
    0x080001cc   0x00000000   Code   RO         3327    .ARM.Collect$$libinit$$00000025  c_w.l(libinit2.o)
    0x080001cc   0x00000000   Code   RO         3331    .ARM.Collect$$libinit$$0000002C  c_w.l(libinit2.o)
    0x080001cc   0x00000000   Code   RO         3333    .ARM.Collect$$libinit$$0000002E  c_w.l(libinit2.o)
    0x080001cc   0x00000000   Code   RO         3335    .ARM.Collect$$libinit$$00000030  c_w.l(libinit2.o)
    0x080001cc   0x00000000   Code   RO         3337    .ARM.Collect$$libinit$$00000032  c_w.l(libinit2.o)
    0x080001cc   0x00000002   Code   RO         3338    .ARM.Collect$$libinit$$00000033  c_w.l(libinit2.o)
    0x080001ce   0x00000002   Code   RO         3366    .ARM.Collect$$libshutdown$$00000000  c_w.l(libshutdown.o)
    0x080001d0   0x00000000   Code   RO         3376    .ARM.Collect$$libshutdown$$00000003  c_w.l(libshutdown2.o)
    0x080001d0   0x00000000   Code   RO         3379    .ARM.Collect$$libshutdown$$00000006  c_w.l(libshutdown2.o)
    0x080001d0   0x00000000   Code   RO         3382    .ARM.Collect$$libshutdown$$00000009  c_w.l(libshutdown2.o)
    0x080001d0   0x00000000   Code   RO         3384    .ARM.Collect$$libshutdown$$0000000B  c_w.l(libshutdown2.o)
    0x080001d0   0x00000000   Code   RO         3387    .ARM.Collect$$libshutdown$$0000000E  c_w.l(libshutdown2.o)
    0x080001d0   0x00000002   Code   RO         3388    .ARM.Collect$$libshutdown$$0000000F  c_w.l(libshutdown2.o)
    0x080001d2   0x00000000   Code   RO         3194    .ARM.Collect$$rtentry$$00000000  c_w.l(__rtentry.o)
    0x080001d2   0x00000000   Code   RO         3218    .ARM.Collect$$rtentry$$00000002  c_w.l(__rtentry2.o)
    0x080001d2   0x00000006   Code   RO         3230    .ARM.Collect$$rtentry$$00000004  c_w.l(__rtentry4.o)
    0x080001d8   0x00000000   Code   RO         3220    .ARM.Collect$$rtentry$$00000009  c_w.l(__rtentry2.o)
    0x080001d8   0x00000004   Code   RO         3221    .ARM.Collect$$rtentry$$0000000A  c_w.l(__rtentry2.o)
    0x080001dc   0x00000000   Code   RO         3223    .ARM.Collect$$rtentry$$0000000C  c_w.l(__rtentry2.o)
    0x080001dc   0x00000008   Code   RO         3224    .ARM.Collect$$rtentry$$0000000D  c_w.l(__rtentry2.o)
    0x080001e4   0x00000002   Code   RO         3339    .ARM.Collect$$rtexit$$00000000  c_w.l(rtexit.o)
    0x080001e6   0x00000000   Code   RO         3346    .ARM.Collect$$rtexit$$00000002  c_w.l(rtexit2.o)
    0x080001e6   0x00000004   Code   RO         3347    .ARM.Collect$$rtexit$$00000003  c_w.l(rtexit2.o)
    0x080001ea   0x00000006   Code   RO         3348    .ARM.Collect$$rtexit$$00000004  c_w.l(rtexit2.o)
    0x080001f0   0x00000096   Code   RO         2887    .emb_text           port.o
    0x08000286   0x00000002   PAD
    0x08000288   0x00000040   Code   RO          845  * .text               startup_stm32f10x_hd.o
    0x080002c8   0x00000002   Code   RO         3108    .text               c_w.l(use_no_semi_2.o)
    0x080002ca   0x00000002   PAD
    0x080002cc   0x00000018   Code   RO         3114    .text               c_w.l(noretval__2printf.o)
    0x080002e4   0x00000068   Code   RO         3118    .text               c_w.l(__printf.o)
    0x0800034c   0x00000052   Code   RO         3120    .text               c_w.l(_printf_str.o)
    0x0800039e   0x00000002   PAD
    0x080003a0   0x00000078   Code   RO         3122    .text               c_w.l(_printf_dec.o)
    0x08000418   0x0000008a   Code   RO         3154    .text               c_w.l(rt_memcpy_v6.o)
    0x080004a2   0x00000010   Code   RO         3156    .text               c_w.l(aeabi_memset.o)
    0x080004b2   0x00000044   Code   RO         3158    .text               c_w.l(rt_memclr.o)
    0x080004f6   0x0000004e   Code   RO         3160    .text               c_w.l(rt_memclr_w.o)
    0x08000544   0x00000006   Code   RO         3162    .text               c_w.l(heapauxi.o)
    0x0800054a   0x00000002   Code   RO         3192    .text               c_w.l(use_no_semi.o)
    0x0800054c   0x000000b2   Code   RO         3195    .text               c_w.l(_printf_intcommon.o)
    0x080005fe   0x0000041a   Code   RO         3197    .text               c_w.l(_printf_fp_dec.o)
    0x08000a18   0x00000030   Code   RO         3199    .text               c_w.l(_printf_char_common.o)
    0x08000a48   0x0000002c   Code   RO         3203    .text               c_w.l(_printf_char.o)
    0x08000a74   0x00000024   Code   RO         3205    .text               c_w.l(_printf_char_file.o)
    0x08000a98   0x00000064   Code   RO         3208    .text               c_w.l(rt_memcpy_w.o)
    0x08000afc   0x00000008   Code   RO         3235    .text               c_w.l(rt_locale_intlibspace.o)
    0x08000b04   0x0000008a   Code   RO         3237    .text               c_w.l(lludiv10.o)
    0x08000b8e   0x00000002   PAD
    0x08000b90   0x00000080   Code   RO         3239    .text               c_w.l(_printf_fp_infnan.o)
    0x08000c10   0x000000dc   Code   RO         3243    .text               c_w.l(bigflt0.o)
    0x08000cec   0x00000008   Code   RO         3268    .text               c_w.l(ferror.o)
    0x08000cf4   0x00000008   Code   RO         3279    .text               c_w.l(libspace.o)
    0x08000cfc   0x0000004a   Code   RO         3282    .text               c_w.l(sys_stackheap_outer.o)
    0x08000d46   0x0000000c   Code   RO         3284    .text               c_w.l(exit.o)
    0x08000d52   0x00000002   PAD
    0x08000d54   0x00000080   Code   RO         3286    .text               c_w.l(strcmpv7m.o)
    0x08000dd4   0x0000003e   Code   RO         3246    CL$$btod_d2e        c_w.l(btod.o)
    0x08000e12   0x00000046   Code   RO         3248    CL$$btod_d2e_denorm_low  c_w.l(btod.o)
    0x08000e58   0x00000060   Code   RO         3247    CL$$btod_d2e_norm_op1  c_w.l(btod.o)
    0x08000eb8   0x00000338   Code   RO         3256    CL$$btod_div_common  c_w.l(btod.o)
    0x080011f0   0x000000c6   Code   RO         3253    CL$$btod_e2e        c_w.l(btod.o)
    0x080012b6   0x00000028   Code   RO         3250    CL$$btod_ediv       c_w.l(btod.o)
    0x080012de   0x00000028   Code   RO         3249    CL$$btod_emul       c_w.l(btod.o)
    0x08001306   0x00000244   Code   RO         3255    CL$$btod_mult_common  c_w.l(btod.o)
    0x0800154a   0x0000003a   Code   RO          481    i.Bsp_init          bsp_init.o
    0x08001584   0x00000002   Code   RO          250    i.BusFault_Handler  stm32f10x_it.o
    0x08001586   0x00000002   PAD
    0x08001588   0x00000028   Code   RO         3079    i.CRC16             crc16.o
    0x080015b0   0x00000028   Code   RO         3080    i.CRC16_uch         crc16.o
    0x080015d8   0x0000000e   Code   RO         3081    i.Combine_CRC_2Byte  crc16.o
    0x080015e6   0x00000002   PAD
    0x080015e8   0x0000003c   Code   RO          621    i.DMA1_Channel6_IRQHandler  wifi.o
    0x08001624   0x00000024   Code   RO          622    i.DMA1_Channel7_IRQHandler  wifi.o
    0x08001648   0x00000018   Code   RO         1403    i.DMA_ClearFlag     stm32f10x_dma.o
    0x08001660   0x00000018   Code   RO         1404    i.DMA_ClearITPendingBit  stm32f10x_dma.o
    0x08001678   0x00000016   Code   RO         1405    i.DMA_Cmd           stm32f10x_dma.o
    0x0800168e   0x00000002   PAD
    0x08001690   0x000000e4   Code   RO         1406    i.DMA_DeInit        stm32f10x_dma.o
    0x08001774   0x00000006   Code   RO         1407    i.DMA_GetCurrDataCounter  stm32f10x_dma.o
    0x0800177a   0x00000010   Code   RO         1410    i.DMA_ITConfig      stm32f10x_dma.o
    0x0800178a   0x0000003a   Code   RO         1411    i.DMA_Init          stm32f10x_dma.o
    0x080017c4   0x00000004   Code   RO         1412    i.DMA_SetCurrDataCounter  stm32f10x_dma.o
    0x080017c8   0x000000c4   Code   RO          623    i.DMA_USART2_Init   wifi.o
    0x0800188c   0x00000002   Code   RO          251    i.DebugMon_Handler  stm32f10x_it.o
    0x0800188e   0x000000fc   Code   RO          412    i.DeserializeBuffer  protocol.o
    0x0800198a   0x00000024   Code   RO          413    i.Deserialize_Ctrl_obj  protocol.o
    0x080019ae   0x00000002   PAD
    0x080019b0   0x00000068   Code   RO          394    i.Encoder1_data_init  data_init.o
    0x08001a18   0x000000bc   Code   RO          594    i.Encoder1_init     timer_encoder.o
    0x08001ad4   0x00000044   Code   RO         2964    i.Encoder1_task     task_encoder1.o
    0x08001b18   0x0000000c   Code   RO          595    i.Encoder_init      timer_encoder.o
    0x08001b24   0x0000009c   Code   RO          891    i.GPIO_Init         stm32f10x_gpio.o
    0x08001bc0   0x00000058   Code   RO          893    i.GPIO_PinRemapConfig  stm32f10x_gpio.o
    0x08001c18   0x00000004   Code   RO          899    i.GPIO_SetBits      stm32f10x_gpio.o
    0x08001c1c   0x00000002   Code   RO          252    i.HardFault_Handler  stm32f10x_it.o
    0x08001c1e   0x00000002   PAD
    0x08001c20   0x00000024   Code   RO         3051    i.Idle_task         task_idletask.o
    0x08001c44   0x00000034   Code   RO          509    i.LED_Init          led.o
    0x08001c78   0x00000002   Code   RO          253    i.MemManage_Handler  stm32f10x_it.o
    0x08001c7a   0x00000002   PAD
    0x08001c7c   0x00000034   Code   RO          582    i.Motor_Init        motor_dir_output.o
    0x08001cb0   0x00000002   Code   RO          254    i.NMI_Handler       stm32f10x_it.o
    0x08001cb2   0x00000002   PAD
    0x08001cb4   0x00000064   Code   RO          849    i.NVIC_Init         misc.o
    0x08001d18   0x00000014   Code   RO          850    i.NVIC_PriorityGroupConfig  misc.o
    0x08001d2c   0x00000070   Code   RO          624    i.NVIC_cofig_Init   wifi.o
    0x08001d9c   0x00000064   Code   RO          350    i.OS_AppObjCreate   os_appobjcreate.o
    0x08001e00   0x00000350   Code   RO          351    i.QueueCreate       os_appobjcreate.o
    0x08002150   0x00000018   Code   RO         1024    i.RCC_AHBPeriphClockCmd  stm32f10x_rcc.o
    0x08002168   0x00000018   Code   RO         1025    i.RCC_APB1PeriphClockCmd  stm32f10x_rcc.o
    0x08002180   0x00000018   Code   RO         1027    i.RCC_APB2PeriphClockCmd  stm32f10x_rcc.o
    0x08002198   0x00000094   Code   RO         1035    i.RCC_GetClocksFreq  stm32f10x_rcc.o
    0x0800222c   0x0000005a   Code   RO          414    i.SerializeBuffer   protocol.o
    0x08002286   0x00000002   PAD
    0x08002288   0x000000a8   Code   RO          321    i.SetSysClockTo72   system_stm32f10x.o
    0x08002330   0x00000018   Code   RO          853    i.SysTick_CLKSourceConfig  misc.o
    0x08002348   0x00000014   Code   RO          720    i.SysTick_Handler   delay.o
    0x0800235c   0x00000050   Code   RO          323    i.SystemInit        system_stm32f10x.o
    0x080023ac   0x0000006c   Code   RO         2305    i.TI1_Config        stm32f10x_tim.o
    0x08002418   0x0000007c   Code   RO         2306    i.TI2_Config        stm32f10x_tim.o
    0x08002494   0x0000001e   Code   RO          521    i.TIM2_IRQHandler   pwm.o
    0x080024b2   0x00000002   PAD
    0x080024b4   0x0000008c   Code   RO          523    i.TIM2_PWM_Init     pwm.o
    0x08002540   0x00000024   Code   RO          524    i.TIM3_IRQHandler   pwm.o
    0x08002564   0x00000098   Code   RO          526    i.TIM3_PWM_Init     pwm.o
    0x080025fc   0x00000050   Code   RO          596    i.TIM5_IRQHandler   timer_encoder.o
    0x0800264c   0x00000090   Code   RO          678    i.TIM6_IRQHandler   timer_read_encoder.o
    0x080026dc   0x00000068   Code   RO          679    i.TIM6_Int_Init     timer_read_encoder.o
    0x08002744   0x00000006   Code   RO         2313    i.TIM_ClearFlag     stm32f10x_tim.o
    0x0800274a   0x00000006   Code   RO         2314    i.TIM_ClearITPendingBit  stm32f10x_tim.o
    0x08002750   0x00000014   Code   RO         2319    i.TIM_Cmd           stm32f10x_tim.o
    0x08002764   0x00000032   Code   RO         2328    i.TIM_EncoderInterfaceConfig  stm32f10x_tim.o
    0x08002796   0x00000004   Code   RO         2338    i.TIM_GetCounter    stm32f10x_tim.o
    0x0800279a   0x00000018   Code   RO         2340    i.TIM_GetITStatus   stm32f10x_tim.o
    0x080027b2   0x00000002   PAD
    0x080027b4   0x0000012c   Code   RO         2342    i.TIM_ICInit        stm32f10x_tim.o
    0x080028e0   0x00000010   Code   RO         2344    i.TIM_ITConfig      stm32f10x_tim.o
    0x080028f0   0x00000080   Code   RO         2353    i.TIM_OC2Init       stm32f10x_tim.o
    0x08002970   0x00000014   Code   RO         2356    i.TIM_OC2PreloadConfig  stm32f10x_tim.o
    0x08002984   0x0000007c   Code   RO         2358    i.TIM_OC3Init       stm32f10x_tim.o
    0x08002a00   0x0000000c   Code   RO         2361    i.TIM_OC3PreloadConfig  stm32f10x_tim.o
    0x08002a0c   0x00000004   Code   RO         2381    i.TIM_SetCompare2   stm32f10x_tim.o
    0x08002a10   0x00000004   Code   RO         2382    i.TIM_SetCompare3   stm32f10x_tim.o
    0x08002a14   0x00000004   Code   RO         2384    i.TIM_SetCounter    stm32f10x_tim.o
    0x08002a18   0x00000010   Code   RO         2385    i.TIM_SetIC1Prescaler  stm32f10x_tim.o
    0x08002a28   0x00000018   Code   RO         2386    i.TIM_SetIC2Prescaler  stm32f10x_tim.o
    0x08002a40   0x00000010   Code   RO         2387    i.TIM_SetIC3Prescaler  stm32f10x_tim.o
    0x08002a50   0x00000018   Code   RO         2388    i.TIM_SetIC4Prescaler  stm32f10x_tim.o
    0x08002a68   0x0000009c   Code   RO         2390    i.TIM_TimeBaseInit  stm32f10x_tim.o
    0x08002b04   0x00000012   Code   RO         2391    i.TIM_TimeBaseStructInit  stm32f10x_tim.o
    0x08002b16   0x00000002   PAD
    0x08002b18   0x00000064   Code   RO          787    i.USART1_IRQHandler  usart.o
    0x08002b7c   0x00000100   Code   RO          625    i.USART2_IRQHandler  wifi.o
    0x08002c7c   0x0000000c   Code   RO         1224    i.USART_ClearITPendingBit  stm32f10x_usart.o
    0x08002c88   0x00000014   Code   RO         1227    i.USART_Cmd         stm32f10x_usart.o
    0x08002c9c   0x00000010   Code   RO         1228    i.USART_DMACmd      stm32f10x_usart.o
    0x08002cac   0x0000003e   Code   RO         1231    i.USART_GetITStatus  stm32f10x_usart.o
    0x08002cea   0x00000030   Code   RO         1233    i.USART_ITConfig    stm32f10x_usart.o
    0x08002d1a   0x00000002   PAD
    0x08002d1c   0x000000ac   Code   RO         1234    i.USART_Init        stm32f10x_usart.o
    0x08002dc8   0x00000008   Code   RO         1241    i.USART_ReceiveData  stm32f10x_usart.o
    0x08002dd0   0x00000002   Code   RO          255    i.UsageFault_Handler  stm32f10x_it.o
    0x08002dd2   0x00000002   PAD
    0x08002dd4   0x00000050   Code   RO          626    i.WIFI_send         wifi.o
    0x08002e24   0x00000418   Code   RO         3063    i.WIFI_task         task_wifi.o
    0x0800323c   0x00000028   Code   RO         3277    i.__ARM_fpclassify  m_ws.l(fpclassify.o)
    0x08003264   0x00000002   Code   RO          788    i._sys_exit         usart.o
    0x08003266   0x00000002   PAD
    0x08003268   0x00000048   Code   RO          721    i.delay_init        delay.o
    0x080032b0   0x00000010   Code   RO          415    i.float_to_uchar    protocol.o
    0x080032c0   0x00000018   Code   RO          789    i.fputc             usart.o
    0x080032d8   0x00000004   Code   RO          395    i.init_set          data_init.o
    0x080032dc   0x00000048   Code   RO            1    i.main              main.o
    0x08003324   0x000000c8   Code   RO         3003    i.motor1_PID_task   task_motor1_pid.o
    0x080033ec   0x000000a4   Code   RO         2977    i.motor1_dir_task   task_motor1_dir.o
    0x08003490   0x00000084   Code   RO         2990    i.motor1_pwm_task   task_motor1_pwm.o
    0x08003514   0x000000a4   Code   RO         3019    i.motor2_dir_task   task_motor2_dir.o
    0x080035b8   0x00000080   Code   RO         3035    i.motor2_pwm_task   task_motor2_pwm.o
    0x08003638   0x0000001c   Code   RO          456    i.pid_init          pid.o
    0x08003654   0x00000070   Code   RO         1840    i.prvAddCurrentTaskToDelayedList  tasks.o
    0x080036c4   0x000000d0   Code   RO         1841    i.prvAddNewTaskToReadyList  tasks.o
    0x08003794   0x00000050   Code   RO         2185    i.prvCheckForValidListAndQueue  timers.o
    0x080037e4   0x00000054   Code   RO         1842    i.prvCheckTasksWaitingTermination  tasks.o
    0x08003838   0x00000026   Code   RO         1622    i.prvCopyDataFromQueue  queue.o
    0x0800385e   0x0000006c   Code   RO         1623    i.prvCopyDataToQueue  queue.o
    0x080038ca   0x00000014   Code   RO         1843    i.prvDeleteTCB      tasks.o
    0x080038de   0x00000002   PAD
    0x080038e0   0x0000004c   Code   RO         2838    i.prvHeapInit       heap_4.o
    0x0800392c   0x00000028   Code   RO         1844    i.prvIdleTask       tasks.o
    0x08003954   0x000000c0   Code   RO         1845    i.prvInitialiseNewTask  tasks.o
    0x08003a14   0x0000004c   Code   RO         2839    i.prvInsertBlockIntoFreeList  heap_4.o
    0x08003a60   0x00000038   Code   RO         2186    i.prvInsertTimerInActiveList  timers.o
    0x08003a98   0x0000001a   Code   RO         1624    i.prvIsQueueEmpty   queue.o
    0x08003ab2   0x00000002   PAD
    0x08003ab4   0x00000090   Code   RO         1625    i.prvNotifyQueueSetContainer  queue.o
    0x08003b44   0x00000060   Code   RO         2187    i.prvProcessExpiredTimer  timers.o
    0x08003ba4   0x000000f0   Code   RO         2188    i.prvProcessReceivedCommands  timers.o
    0x08003c94   0x0000006c   Code   RO         2189    i.prvProcessTimerOrBlockTask  timers.o
    0x08003d00   0x00000020   Code   RO         1847    i.prvResetNextTaskUnblockTime  tasks.o
    0x08003d20   0x00000028   Code   RO         2190    i.prvSampleTimeNow  timers.o
    0x08003d48   0x0000006c   Code   RO         2191    i.prvSwitchTimerLists  timers.o
    0x08003db4   0x00000064   Code   RO         2888    i.prvTaskExitError  port.o
    0x08003e18   0x00000028   Code   RO         2192    i.prvTimerTask      timers.o
    0x08003e40   0x00000078   Code   RO         1626    i.prvUnlockQueue    queue.o
    0x08003eb8   0x00000114   Code   RO         2840    i.pvPortMalloc      heap_4.o
    0x08003fcc   0x00000018   Code   RO         1849    i.pvTaskIncrementMutexHeldCount  tasks.o
    0x08003fe4   0x00000024   Code   RO         2889    i.pxPortInitialiseStack  port.o
    0x08004008   0x00000068   Code   RO          457    i.speed_pid_realize  pid.o
    0x08004070   0x00000164   Code   RO            2    i.start_task        main.o
    0x080041d4   0x0000000a   Code   RO          680    i.timer6_my_init    timer_read_encoder.o
    0x080041de   0x00000002   PAD
    0x080041e0   0x000000a0   Code   RO          790    i.uart_init         usart.o
    0x08004280   0x00000046   Code   RO          416    i.uchar_to_float_PID  protocol.o
    0x080042c6   0x00000054   Code   RO          417    i.uchar_to_float_speed  protocol.o
    0x0800431a   0x00000002   PAD
    0x0800431c   0x000000c4   Code   RO          627    i.usart2_init       wifi.o
    0x080043e0   0x00000024   Code   RO         1585    i.uxListRemove      list.o
    0x08004404   0x00000016   Code   RO         1586    i.vListInitialise   list.o
    0x0800441a   0x00000006   Code   RO         1587    i.vListInitialiseItem  list.o
    0x08004420   0x00000030   Code   RO         1588    i.vListInsert       list.o
    0x08004450   0x00000018   Code   RO         1589    i.vListInsertEnd    list.o
    0x08004468   0x00000078   Code   RO         2891    i.vPortEnterCritical  port.o
    0x080044e0   0x00000064   Code   RO         2892    i.vPortExitCritical  port.o
    0x08004544   0x0000009c   Code   RO         2841    i.vPortFree         heap_4.o
    0x080045e0   0x00000020   Code   RO         2893    i.vPortSetupTimerInterrupt  port.o
    0x08004600   0x0000008c   Code   RO         2894    i.vPortValidateInterruptPriority  port.o
    0x0800468c   0x00000024   Code   RO         1632    i.vQueueAddToRegistry  queue.o
    0x080046b0   0x00000044   Code   RO         1636    i.vQueueWaitForMessageRestricted  queue.o
    0x080046f4   0x0000006c   Code   RO         1857    i.vTaskDelay        tasks.o
    0x08004760   0x000000cc   Code   RO         1859    i.vTaskDelete       tasks.o
    0x0800482c   0x0000000c   Code   RO         1863    i.vTaskMissedYield  tasks.o
    0x08004838   0x00000054   Code   RO         1865    i.vTaskPlaceOnEventList  tasks.o
    0x0800488c   0x0000005c   Code   RO         1866    i.vTaskPlaceOnEventListRestricted  tasks.o
    0x080048e8   0x00000084   Code   RO         1868    i.vTaskPriorityInherit  tasks.o
    0x0800496c   0x00000048   Code   RO         1872    i.vTaskSetTimeOutState  tasks.o
    0x080049b4   0x00000094   Code   RO         1873    i.vTaskStartScheduler  tasks.o
    0x08004a48   0x000000d0   Code   RO         1874    i.vTaskSuspend      tasks.o
    0x08004b18   0x00000010   Code   RO         1875    i.vTaskSuspendAll   tasks.o
    0x08004b28   0x0000007c   Code   RO         1876    i.vTaskSwitchContext  tasks.o
    0x08004ba4   0x00000012   Code   RO          628    i.wifi_init         wifi.o
    0x08004bb6   0x00000002   PAD
    0x08004bb8   0x00000078   Code   RO         2895    i.xPortStartScheduler  port.o
    0x08004c30   0x0000002c   Code   RO         2896    i.xPortSysTickHandler  port.o
    0x08004c5c   0x00000078   Code   RO         1641    i.xQueueGenericCreate  queue.o
    0x08004cd4   0x00000184   Code   RO         1642    i.xQueueGenericReceive  queue.o
    0x08004e58   0x000000a8   Code   RO         1643    i.xQueueGenericReset  queue.o
    0x08004f00   0x00000188   Code   RO         1644    i.xQueueGenericSend  queue.o
    0x08005088   0x000000e0   Code   RO         1645    i.xQueueGenericSendFromISR  queue.o
    0x08005168   0x000000c8   Code   RO         1646    i.xQueueGiveFromISR  queue.o
    0x08005230   0x0000008c   Code   RO         1650    i.xQueuePeekFromISR  queue.o
    0x080052bc   0x00000088   Code   RO         1877    i.xTaskCheckForTimeOut  tasks.o
    0x08005344   0x00000056   Code   RO         1878    i.xTaskCreate       tasks.o
    0x0800539a   0x00000002   PAD
    0x0800539c   0x0000001c   Code   RO         1882    i.xTaskGetSchedulerState  tasks.o
    0x080053b8   0x0000000c   Code   RO         1883    i.xTaskGetTickCount  tasks.o
    0x080053c4   0x000000e8   Code   RO         1885    i.xTaskIncrementTick  tasks.o
    0x080054ac   0x000000b4   Code   RO         1888    i.xTaskPriorityDisinherit  tasks.o
    0x08005560   0x00000098   Code   RO         1889    i.xTaskRemoveFromEventList  tasks.o
    0x080055f8   0x000000e4   Code   RO         1891    i.xTaskResumeAll    tasks.o
    0x080056dc   0x00000074   Code   RO         2195    i.xTimerCreate      timers.o
    0x08005750   0x00000074   Code   RO         2196    i.xTimerCreateTimerTask  timers.o
    0x080057c4   0x00000090   Code   RO         2197    i.xTimerGenericCommand  timers.o
    0x08005854   0x0000002c   Code   RO         3273    locale$$code        c_w.l(lc_numeric_c.o)
    0x08005880   0x0000000c   Code   RO         3210    x$fpl$dretinf       fz_ws.l(dretinf.o)
    0x0800588c   0x00000056   Code   RO         3166    x$fpl$f2d           fz_ws.l(f2d.o)
    0x080058e2   0x00000002   PAD
    0x080058e4   0x000000c4   Code   RO         3168    x$fpl$fadd          fz_ws.l(faddsub_clz.o)
    0x080059a8   0x00000184   Code   RO         3175    x$fpl$fdiv          fz_ws.l(fdiv.o)
    0x08005b2c   0x0000003e   Code   RO         3178    x$fpl$ffixu         fz_ws.l(ffixu.o)
    0x08005b6a   0x00000002   PAD
    0x08005b6c   0x00000030   Code   RO         3183    x$fpl$fflt          fz_ws.l(fflt_clz.o)
    0x08005b9c   0x00000026   Code   RO         3182    x$fpl$ffltu         fz_ws.l(fflt_clz.o)
    0x08005bc2   0x00000002   PAD
    0x08005bc4   0x00000102   Code   RO         3188    x$fpl$fmul          fz_ws.l(fmul.o)
    0x08005cc6   0x0000008c   Code   RO         3212    x$fpl$fnaninf       fz_ws.l(fnaninf.o)
    0x08005d52   0x0000000a   Code   RO         3214    x$fpl$fretinf       fz_ws.l(fretinf.o)
    0x08005d5c   0x000000ea   Code   RO         3170    x$fpl$fsub          fz_ws.l(faddsub_clz.o)
    0x08005e46   0x00000004   Code   RO         3190    x$fpl$printf1       fz_ws.l(printf1.o)
    0x08005e4a   0x00000000   Code   RO         3216    x$fpl$usenofp       fz_ws.l(usenofp.o)
    0x08005e4a   0x00000200   Data   RO         3082    .constdata          crc16.o
    0x0800604a   0x00000002   PAD
    0x0800604c   0x00000094   Data   RO         3244    .constdata          c_w.l(bigflt0.o)
    0x080060e0   0x00000020   Data   RO         3413    Region$$Table       anon$$obj.o
    0x08006100   0x0000001c   Data   RO         3272    locale$$data        c_w.l(lc_numeric_c.o)


    Execution Region ER_RW (Base: 0x20000000, Size: 0x00000124, Max: 0xffffffff, ABSOLUTE)

    Base Addr    Size         Type   Attr      Idx    E Section Name        Object

    0x20000000   0x00000004   Data   RW            3    .data               main.o
    0x20000004   0x00000004   Data   RW            4    .data               main.o
    0x20000008   0x00000004   Data   RW            5    .data               main.o
    0x2000000c   0x00000004   Data   RW            6    .data               main.o
    0x20000010   0x00000004   Data   RW            7    .data               main.o
    0x20000014   0x00000004   Data   RW            8    .data               main.o
    0x20000018   0x00000004   Data   RW            9    .data               main.o
    0x2000001c   0x00000004   Data   RW           10    .data               main.o
    0x20000020   0x00000004   Data   RW           11    .data               main.o
    0x20000024   0x00000004   Data   RW           12    .data               main.o
    0x20000028   0x00000004   Data   RW           13    .data               main.o
    0x2000002c   0x00000004   Data   RW           14    .data               main.o
    0x20000030   0x00000004   Data   RW           15    .data               main.o
    0x20000034   0x00000004   Data   RW           16    .data               main.o
    0x20000038   0x00000024   Data   RW           17    .data               main.o
    0x2000005c   0x00000014   Data   RW          324    .data               system_stm32f10x.o
    0x20000070   0x00000004   Data   RW          363    .data               os_appobjcreate.o
    0x20000074   0x00000004   Data   RW          364    .data               os_appobjcreate.o
    0x20000078   0x00000002   Data   RW          365    .data               os_appobjcreate.o
    0x2000007a   0x00000002   Data   RW          366    .data               os_appobjcreate.o
    0x2000007c   0x00000004   Data   RW          597    .data               timer_encoder.o
    0x20000080   0x00000010   Data   RW          681    .data               timer_read_encoder.o
    0x20000090   0x00000004   Data   RW          725    .data               delay.o
    0x20000094   0x00000002   Data   RW          792    .data               usart.o
    0x20000096   0x00000002   PAD
    0x20000098   0x00000004   Data   RW          793    .data               usart.o
    0x2000009c   0x00000014   Data   RW         1055    .data               stm32f10x_rcc.o
    0x200000b0   0x0000003c   Data   RW         1894    .data               tasks.o
    0x200000ec   0x00000014   Data   RW         2205    .data               timers.o
    0x20000100   0x00000018   Data   RW         2846    .data               heap_4.o
    0x20000118   0x0000000c   Data   RW         2897    .data               port.o


    Execution Region ER_ZI (Base: 0x20000124, Size: 0x00005dac, Max: 0xffffffff, ABSOLUTE)

    Base Addr    Size         Type   Attr      Idx    E Section Name        Object

    0x20000124   0x0000000c   Zero   RW          352    .bss                os_appobjcreate.o
    0x20000130   0x00000104   Zero   RW          353    .bss                os_appobjcreate.o
    0x20000234   0x00000200   Zero   RW          629    .bss                wifi.o
    0x20000434   0x000000c8   Zero   RW          791    .bss                usart.o
    0x200004fc   0x00000040   Zero   RW         1656    .bss                queue.o
    0x2000053c   0x000002e4   Zero   RW         1893    .bss                tasks.o
    0x20000820   0x00000028   Zero   RW         2204    .bss                timers.o
    0x20000848   0x00005000   Zero   RW         2845    .bss                heap_4.o
    0x20005848   0x00000024   Zero   RW         3004    .bss                task_motor1_pid.o
    0x2000586c   0x00000060   Zero   RW         3280    .bss                c_w.l(libspace.o)
    0x200058cc   0x00000004   PAD
    0x200058d0   0x00000200   Zero   RW          843    HEAP                startup_stm32f10x_hd.o
    0x20005ad0   0x00000400   Zero   RW          842    STACK               startup_stm32f10x_hd.o


==============================================================================

Image component sizes


      Code (inc. data)   RO Data    RW Data    ZI Data      Debug   Object Name

        58          0          0          0          0        487   bsp_init.o
        94          8        512          0          0       2102   crc16.o
       108         26          0          0          0       1575   data_init.o
        92         12          0          4          0       1143   delay.o
         0          0          0          0          0      10256   event_groups.o
       584        138          0         24      20480       3555   heap_4.o
        52          4          0          0          0        475   led.o
       136          0          0          0          0       2714   list.o
       428        178          0         92          0     280394   main.o
       144         16          0          0          0       1869   misc.o
        52          4          0          0          0        505   motor_dir_output.o
       948        636          0         12        272       4741   os_appobjcreate.o
       132         14          0          0          0        867   pid.o
       842        312          0         12          0       9765   port.o
       548          6          0          0          0       5223   protocol.o
       358         24          0          0          0       2280   pwm.o
      2172        310          0          0         64      12517   queue.o
        64         26        304          0       1536        780   startup_stm32f10x_hd.o
       382         26          0          0          0       5755   stm32f10x_dma.o
       248          6          0          0          0       2877   stm32f10x_gpio.o
        12          0          0          0          0       2345   stm32f10x_it.o
       220         34          0         20          0       4770   stm32f10x_rcc.o
      1208        122          0          0          0      13740   stm32f10x_tim.o
       338          6          0          0          0       5531   stm32f10x_usart.o
         0          0          0          0          0         32   sys.o
       248         24          0         20          0       1649   system_stm32f10x.o
        68          4          0          0          0       1081   task_encoder1.o
        36          4          0          0          0        468   task_idletask.o
       164         52          0          0          0       1132   task_motor1_dir.o
       200         36          0          0         36       2031   task_motor1_pid.o
       132         40          0          0          0        574   task_motor1_pwm.o
       164         52          0          0          0       1132   task_motor2_dir.o
       128         36          0          0          0        574   task_motor2_pwm.o
      1048        328          0          0          0       2680   task_wifi.o
      2966        724          0         60        740      27426   tasks.o
       280         22          0          4          0       2601   timer_encoder.o
       258         34          0         16          0       4124   timer_read_encoder.o
      1144        260          0         20         40       8314   timers.o
       286         26          0          6        200       3948   usart.o
       954         96          0          0        512       5235   wifi.o

    ----------------------------------------------------------------------
     17338       3646        850        292      23880     439267   Object Totals
         0          0         32          0          0          0   (incl. Generated)
        42          0          2          2          0          0   (incl. Padding)

    ----------------------------------------------------------------------

      Code (inc. data)   RO Data    RW Data    ZI Data      Debug   Library Member Name

         8          0          0          0          0         68   __main.o
       104          0          0          0          0         84   __printf.o
         0          0          0          0          0          0   __rtentry.o
        12          0          0          0          0          0   __rtentry2.o
         6          0          0          0          0          0   __rtentry4.o
        52          8          0          0          0          0   __scatter.o
        26          0          0          0          0          0   __scatter_copy.o
        28          0          0          0          0          0   __scatter_zi.o
        44          0          0          0          0        108   _printf_char.o
        48          6          0          0          0         96   _printf_char_common.o
        36          4          0          0          0         80   _printf_char_file.o
         6          0          0          0          0          0   _printf_d.o
       120         16          0          0          0         92   _printf_dec.o
         6          0          0          0          0          0   _printf_f.o
      1050          0          0          0          0        216   _printf_fp_dec.o
       128         16          0          0          0         84   _printf_fp_infnan.o
       178          0          0          0          0         88   _printf_intcommon.o
         0          0          0          0          0          0   _printf_percent.o
         4          0          0          0          0          0   _printf_percent_end.o
         6          0          0          0          0          0   _printf_s.o
        82          0          0          0          0         80   _printf_str.o
        16          0          0          0          0         68   aeabi_memset.o
       220          4        148          0          0         96   bigflt0.o
      1910        128          0          0          0        672   btod.o
        12          0          0          0          0         72   exit.o
         8          0          0          0          0         68   ferror.o
         6          0          0          0          0        152   heapauxi.o
        44         10         28          0          0         76   lc_numeric_c.o
         2          0          0          0          0          0   libinit.o
        18          0          0          0          0          0   libinit2.o
         2          0          0          0          0          0   libshutdown.o
         2          0          0          0          0          0   libshutdown2.o
         8          4          0          0         96         68   libspace.o
       138          0          0          0          0         80   lludiv10.o
        24          4          0          0          0         84   noretval__2printf.o
         8          4          0          0          0         68   rt_locale_intlibspace.o
        68          0          0          0          0         68   rt_memclr.o
        78          0          0          0          0         80   rt_memclr_w.o
       138          0          0          0          0         68   rt_memcpy_v6.o
       100          0          0          0          0         80   rt_memcpy_w.o
         2          0          0          0          0          0   rtexit.o
        10          0          0          0          0          0   rtexit2.o
       128          0          0          0          0         68   strcmpv7m.o
        74          0          0          0          0         80   sys_stackheap_outer.o
         2          0          0          0          0         68   use_no_semi.o
         2          0          0          0          0         68   use_no_semi_2.o
        12          0          0          0          0         68   dretinf.o
        86          4          0          0          0         84   f2d.o
       430          8          0          0          0        168   faddsub_clz.o
       388         76          0          0          0         96   fdiv.o
        62          4          0          0          0         84   ffixu.o
        86          0          0          0          0        136   fflt_clz.o
       258          4          0          0          0         84   fmul.o
       140          4          0          0          0         84   fnaninf.o
        10          0          0          0          0         68   fretinf.o
         4          0          0          0          0         68   printf1.o
         0          0          0          0          0          0   usenofp.o
        40          0          0          0          0         68   fpclassify.o

    ----------------------------------------------------------------------
      6496        304        176          0        100       4088   Library Totals
        16          0          0          0          4          0   (incl. Padding)

    ----------------------------------------------------------------------

      Code (inc. data)   RO Data    RW Data    ZI Data      Debug   Library Name

      4964        204        176          0         96       3080   c_w.l
      1476        100          0          0          0        940   fz_ws.l
        40          0          0          0          0         68   m_ws.l

    ----------------------------------------------------------------------
      6496        304        176          0        100       4088   Library Totals

    ----------------------------------------------------------------------

==============================================================================


      Code (inc. data)   RO Data    RW Data    ZI Data      Debug   

     23834       3950       1026        292      23980     431963   Grand Totals
     23834       3950       1026        292      23980     431963   ELF Image Totals
     23834       3950       1026        292          0          0   ROM Totals

==============================================================================

    Total RO  Size (Code + RO Data)                24860 (  24.28kB)
    Total RW  Size (RW Data + ZI Data)             24272 (  23.70kB)
    Total ROM Size (Code + RO Data + RW Data)      25152 (  24.56kB)

==============================================================================

