<html>
<body>
<pre>
<h1>礦ision Build Log</h1>
<h2>Tool Versions:</h2>
IDE-Version: μVision V5.14.2
Copyright (C) 2015 ARM Ltd and ARM Germany GmbH. All rights reserved.
License Information: Cortex-M3, 111111, LIC=2TTQ1-CEHAT-E0HN4-FV6A1-BZKPU-N4W4J
 
Tool Versions:
Toolchain:       MDK-ARM Professional  Version: 5.14.0.0
Toolchain Path:  D:\tools\code tools\keil\ARM\ARMCC\Bin
C Compiler:      Armcc.exe V5.05 update 1 (build 106)
Assembler:       Armasm.exe V5.05 update 1 (build 106)
Linker/Locator:  ArmLink.exe V5.05 update 1 (build 106)
Library Manager: ArmAr.exe V5.05 update 1 (build 106)
Hex Converter:   FromElf.exe V5.05 update 1 (build 106)
CPU DLL:         SARMCM3.DLL V5.14.0.0
Dialog DLL:      DARMSTM.DLL V1.65.0.0
Target DLL:      STLink\ST-LINKIII-KEIL_SWO.dll V2.0.14.0_KEIL
Dialog DLL:      TARMSTM.DLL V1.64.0.0
 
<h2>Project:</h2>
D:\天职师大\IMR\STM32F103ZE_Contrl\USER\FreeRTOS.uvprojx
Project File Date:  05/18/2021

<h2>Output:</h2>
*** Using Compiler 'V5.05 update 1 (build 106)', folder: 'D:\tools\code tools\keil\ARM\ARMCC\Bin'
Rebuild target 'FreeRTOS'
compiling main.c...
compiling stm32f10x_it.c...
compiling system_stm32f10x.c...
compiling OS_AppObjCreate.c...
compiling Bsp_init.c...
compiling led.c...
compiling pwm.c...
compiling key.c...
compiling Motor_Dir_Output.c...
compiling timer_Encoder.c...
compiling wifi.c...
compiling delay.c...
compiling sys.c...
compiling usart.c...
compiling core_cm3.c...
assembling startup_stm32f10x_hd.s...
compiling misc.c...
compiling stm32f10x_gpio.c...
compiling stm32f10x_dbgmcu.c...
compiling stm32f10x_rcc.c...
compiling stm32f10x_usart.c...
compiling stm32f10x_dma.c...
compiling croutine.c...
compiling event_groups.c...
compiling list.c...
compiling queue.c...
compiling tasks.c...
compiling timers.c...
compiling stm32f10x_tim.c...
compiling heap_4.c...
compiling port.c...
compiling Task_Encoder1.c...
compiling Task_Key.c...
compiling Task_Motor1_Dir.c...
compiling Task_Motor1_Speed.c...
compiling Task_IdleTask.c...
linking...
Program Size: Code=17716 RO-data=512 RW-data=220 ZI-data=23932  
FromELF: creating hex file...
"..\OBJ\LED.axf" - 0 Error(s), 0 Warning(s).

<h2>Collection of Component include folders:</h2>
  D:\天职师大\IMR\STM32F103ZE_Contrl\USER\RTE
  D:\tools\code tools\keil\ARM\PACK\Keil\STM32F1xx_DFP\1.0.5\Device\Include

<h2>Collection of Component Files used:</h2>
</pre>
</body>
</html>
